Archive member included to satisfy reference by file (symbol)

/home/ulf/mybin/Ac6/SystemWorkbench/plugins/fr.ac6.mcu.externaltools.arm-none.linux64_1.15.0.201708311556/tools/compiler/bin/../lib/gcc/arm-none-eabi/6.3.1/../../../../arm-none-eabi/lib/thumb/v7e-m/fpv4-sp/hard/libc_nano.a(lib_a-exit.o)
                              /home/ulf/mybin/Ac6/SystemWorkbench/plugins/fr.ac6.mcu.externaltools.arm-none.linux64_1.15.0.201708311556/tools/compiler/bin/../lib/gcc/arm-none-eabi/6.3.1/../../../../arm-none-eabi/lib/thumb/v7e-m/fpv4-sp/hard/crt0.o (exit)
/home/ulf/mybin/Ac6/SystemWorkbench/plugins/fr.ac6.mcu.externaltools.arm-none.linux64_1.15.0.201708311556/tools/compiler/bin/../lib/gcc/arm-none-eabi/6.3.1/../../../../arm-none-eabi/lib/thumb/v7e-m/fpv4-sp/hard/libc_nano.a(lib_a-impure.o)
                              /home/ulf/mybin/Ac6/SystemWorkbench/plugins/fr.ac6.mcu.externaltools.arm-none.linux64_1.15.0.201708311556/tools/compiler/bin/../lib/gcc/arm-none-eabi/6.3.1/../../../../arm-none-eabi/lib/thumb/v7e-m/fpv4-sp/hard/libc_nano.a(lib_a-exit.o) (_global_impure_ptr)
/home/ulf/mybin/Ac6/SystemWorkbench/plugins/fr.ac6.mcu.externaltools.arm-none.linux64_1.15.0.201708311556/tools/compiler/bin/../lib/gcc/arm-none-eabi/6.3.1/../../../../arm-none-eabi/lib/thumb/v7e-m/fpv4-sp/hard/libc_nano.a(lib_a-init.o)
                              /home/ulf/mybin/Ac6/SystemWorkbench/plugins/fr.ac6.mcu.externaltools.arm-none.linux64_1.15.0.201708311556/tools/compiler/bin/../lib/gcc/arm-none-eabi/6.3.1/../../../../arm-none-eabi/lib/thumb/v7e-m/fpv4-sp/hard/crt0.o (__libc_init_array)
/home/ulf/mybin/Ac6/SystemWorkbench/plugins/fr.ac6.mcu.externaltools.arm-none.linux64_1.15.0.201708311556/tools/compiler/bin/../lib/gcc/arm-none-eabi/6.3.1/../../../../arm-none-eabi/lib/thumb/v7e-m/fpv4-sp/hard/libc_nano.a(lib_a-memset.o)
                              /home/ulf/mybin/Ac6/SystemWorkbench/plugins/fr.ac6.mcu.externaltools.arm-none.linux64_1.15.0.201708311556/tools/compiler/bin/../lib/gcc/arm-none-eabi/6.3.1/../../../../arm-none-eabi/lib/thumb/v7e-m/fpv4-sp/hard/crt0.o (memset)
/home/ulf/mybin/Ac6/SystemWorkbench/plugins/fr.ac6.mcu.externaltools.arm-none.linux64_1.15.0.201708311556/tools/compiler/bin/../lib/gcc/arm-none-eabi/6.3.1/../../../../arm-none-eabi/lib/thumb/v7e-m/fpv4-sp/hard/libnosys.a(_exit.o)
                              /home/ulf/mybin/Ac6/SystemWorkbench/plugins/fr.ac6.mcu.externaltools.arm-none.linux64_1.15.0.201708311556/tools/compiler/bin/../lib/gcc/arm-none-eabi/6.3.1/../../../../arm-none-eabi/lib/thumb/v7e-m/fpv4-sp/hard/libc_nano.a(lib_a-exit.o) (_exit)

Allocating common symbols
Common symbol       size              file

hUsbDeviceFS        0x224             Src/usb_device.o
hi2c1               0x4c              Src/i2c.o
uwTick              0x4               Drivers/STM32F3xx_HAL_Driver/Src/stm32f3xx_hal.o
pFlash              0x20              Drivers/STM32F3xx_HAL_Driver/Src/stm32f3xx_hal_flash.o
UserRxBufferFS      0x3e8             Src/usbd_cdc_if.o
UserTxBufferFS      0x3e8             Src/usbd_cdc_if.o
hspi1               0x64              Src/spi.o
hpcd_USB_FS         0x3a8             Src/usbd_conf.o
USBD_StrDesc        0x200             Src/usbd_desc.o

Discarded input sections

 .text          0x0000000000000000        0x0 /home/ulf/mybin/Ac6/SystemWorkbench/plugins/fr.ac6.mcu.externaltools.arm-none.linux64_1.15.0.201708311556/tools/compiler/bin/../lib/gcc/arm-none-eabi/6.3.1/thumb/v7e-m/fpv4-sp/hard/crti.o
 .data          0x0000000000000000        0x0 /home/ulf/mybin/Ac6/SystemWorkbench/plugins/fr.ac6.mcu.externaltools.arm-none.linux64_1.15.0.201708311556/tools/compiler/bin/../lib/gcc/arm-none-eabi/6.3.1/thumb/v7e-m/fpv4-sp/hard/crti.o
 .bss           0x0000000000000000        0x0 /home/ulf/mybin/Ac6/SystemWorkbench/plugins/fr.ac6.mcu.externaltools.arm-none.linux64_1.15.0.201708311556/tools/compiler/bin/../lib/gcc/arm-none-eabi/6.3.1/thumb/v7e-m/fpv4-sp/hard/crti.o
 .data          0x0000000000000000        0x4 /home/ulf/mybin/Ac6/SystemWorkbench/plugins/fr.ac6.mcu.externaltools.arm-none.linux64_1.15.0.201708311556/tools/compiler/bin/../lib/gcc/arm-none-eabi/6.3.1/thumb/v7e-m/fpv4-sp/hard/crtbegin.o
 .text          0x0000000000000000       0x74 /home/ulf/mybin/Ac6/SystemWorkbench/plugins/fr.ac6.mcu.externaltools.arm-none.linux64_1.15.0.201708311556/tools/compiler/bin/../lib/gcc/arm-none-eabi/6.3.1/../../../../arm-none-eabi/lib/thumb/v7e-m/fpv4-sp/hard/crt0.o
 .data          0x0000000000000000        0x0 /home/ulf/mybin/Ac6/SystemWorkbench/plugins/fr.ac6.mcu.externaltools.arm-none.linux64_1.15.0.201708311556/tools/compiler/bin/../lib/gcc/arm-none-eabi/6.3.1/../../../../arm-none-eabi/lib/thumb/v7e-m/fpv4-sp/hard/crt0.o
 .bss           0x0000000000000000        0x0 /home/ulf/mybin/Ac6/SystemWorkbench/plugins/fr.ac6.mcu.externaltools.arm-none.linux64_1.15.0.201708311556/tools/compiler/bin/../lib/gcc/arm-none-eabi/6.3.1/../../../../arm-none-eabi/lib/thumb/v7e-m/fpv4-sp/hard/crt0.o
[...]
Memory Configuration

Name             Origin             Length             Attributes
RAM              0x0000000020000000 0x000000000000a000 xrw
CCMRAM           0x0000000010000000 0x0000000000002000 rw
FLASH            0x0000000008000000 0x0000000000040000 xr
*default*        0x0000000000000000 0xffffffffffffffff

Linker script and memory map

LOAD /home/ulf/mybin/Ac6/SystemWorkbench/plugins/fr.ac6.mcu.externaltools.arm-none.linux64_1.15.0.201708311556/tools/compiler/bin/../lib/gcc/arm-none-eabi/6.3.1/thumb/v7e-m/fpv4-sp/hard/crti.o
LOAD /home/ulf/mybin/Ac6/SystemWorkbench/plugins/fr.ac6.mcu.externaltools.arm-none.linux64_1.15.0.201708311556/tools/compiler/bin/../lib/gcc/arm-none-eabi/6.3.1/thumb/v7e-m/fpv4-sp/hard/crtbegin.o
LOAD /home/ulf/mybin/Ac6/SystemWorkbench/plugins/fr.ac6.mcu.externaltools.arm-none.linux64_1.15.0.201708311556/tools/compiler/bin/../lib/gcc/arm-none-eabi/6.3.1/../../../../arm-none-eabi/lib/thumb/v7e-m/fpv4-sp/hard/crt0.o
LOAD Drivers/STM32F3xx_HAL_Driver/Src/stm32f3xx_hal.o
LOAD Drivers/STM32F3xx_HAL_Driver/Src/stm32f3xx_hal_cortex.o
LOAD Drivers/STM32F3xx_HAL_Driver/Src/stm32f3xx_hal_dma.o
LOAD Drivers/STM32F3xx_HAL_Driver/Src/stm32f3xx_hal_flash.o
LOAD Drivers/STM32F3xx_HAL_Driver/Src/stm32f3xx_hal_flash_ex.o
LOAD Drivers/STM32F3xx_HAL_Driver/Src/stm32f3xx_hal_gpio.o
LOAD Drivers/STM32F3xx_HAL_Driver/Src/stm32f3xx_hal_i2c.o
LOAD Drivers/STM32F3xx_HAL_Driver/Src/stm32f3xx_hal_i2c_ex.o
LOAD Drivers/STM32F3xx_HAL_Driver/Src/stm32f3xx_hal_pcd.o
LOAD Drivers/STM32F3xx_HAL_Driver/Src/stm32f3xx_hal_pcd_ex.o
LOAD Drivers/STM32F3xx_HAL_Driver/Src/stm32f3xx_hal_pwr.o
LOAD Drivers/STM32F3xx_HAL_Driver/Src/stm32f3xx_hal_pwr_ex.o
LOAD Drivers/STM32F3xx_HAL_Driver/Src/stm32f3xx_hal_rcc.o
LOAD Drivers/STM32F3xx_HAL_Driver/Src/stm32f3xx_hal_rcc_ex.o
LOAD Drivers/STM32F3xx_HAL_Driver/Src/stm32f3xx_hal_spi.o
LOAD Drivers/STM32F3xx_HAL_Driver/Src/stm32f3xx_hal_spi_ex.o
LOAD Drivers/STM32F3xx_HAL_Driver/Src/stm32f3xx_hal_tim.o
LOAD Drivers/STM32F3xx_HAL_Driver/Src/stm32f3xx_hal_tim_ex.o
LOAD Middlewares/ST/STM32_USB_Device_Library/Class/CDC/Src/usbd_cdc.o
LOAD Middlewares/ST/STM32_USB_Device_Library/Core/Src/usbd_core.o
LOAD Middlewares/ST/STM32_USB_Device_Library/Core/Src/usbd_ctlreq.o
LOAD Middlewares/ST/STM32_USB_Device_Library/Core/Src/usbd_ioreq.o
LOAD Src/gpio.o
LOAD Src/i2c.o
LOAD Src/main.o
LOAD Src/spi.o
LOAD Src/stm32f3xx_hal_msp.o
LOAD Src/stm32f3xx_it.o
LOAD Src/system_stm32f3xx.o
LOAD Src/usb_device.o
LOAD Src/usbd_cdc_if.o
LOAD Src/usbd_conf.o
LOAD Src/usbd_desc.o
LOAD startup/startup_stm32f303xc.o
LOAD /home/ulf/mybin/Ac6/SystemWorkbench/plugins/fr.ac6.mcu.externaltools.arm-none.linux64_1.15.0.201708311556/tools/compiler/bin/../lib/gcc/arm-none-eabi/6.3.1/../../../../arm-none-eabi/lib/thumb/v7e-m/fpv4-sp/hard/libm.a
START GROUP
LOAD /home/ulf/mybin/Ac6/SystemWorkbench/plugins/fr.ac6.mcu.externaltools.arm-none.linux64_1.15.0.201708311556/tools/compiler/bin/../lib/gcc/arm-none-eabi/6.3.1/thumb/v7e-m/fpv4-sp/hard/libgcc.a
LOAD /home/ulf/mybin/Ac6/SystemWorkbench/plugins/fr.ac6.mcu.externaltools.arm-none.linux64_1.15.0.201708311556/tools/compiler/bin/../lib/gcc/arm-none-eabi/6.3.1/../../../../arm-none-eabi/lib/thumb/v7e-m/fpv4-sp/hard/libc_nano.a
END GROUP
START GROUP
LOAD /home/ulf/mybin/Ac6/SystemWorkbench/plugins/fr.ac6.mcu.externaltools.arm-none.linux64_1.15.0.201708311556/tools/compiler/bin/../lib/gcc/arm-none-eabi/6.3.1/thumb/v7e-m/fpv4-sp/hard/libgcc.a
LOAD /home/ulf/mybin/Ac6/SystemWorkbench/plugins/fr.ac6.mcu.externaltools.arm-none.linux64_1.15.0.201708311556/tools/compiler/bin/../lib/gcc/arm-none-eabi/6.3.1/../../../../arm-none-eabi/lib/thumb/v7e-m/fpv4-sp/hard/libc_nano.a
LOAD /home/ulf/mybin/Ac6/SystemWorkbench/plugins/fr.ac6.mcu.externaltools.arm-none.linux64_1.15.0.201708311556/tools/compiler/bin/../lib/gcc/arm-none-eabi/6.3.1/../../../../arm-none-eabi/lib/thumb/v7e-m/fpv4-sp/hard/libnosys.a
END GROUP
START GROUP
LOAD /home/ulf/mybin/Ac6/SystemWorkbench/plugins/fr.ac6.mcu.externaltools.arm-none.linux64_1.15.0.201708311556/tools/compiler/bin/../lib/gcc/arm-none-eabi/6.3.1/thumb/v7e-m/fpv4-sp/hard/libgcc.a
LOAD /home/ulf/mybin/Ac6/SystemWorkbench/plugins/fr.ac6.mcu.externaltools.arm-none.linux64_1.15.0.201708311556/tools/compiler/bin/../lib/gcc/arm-none-eabi/6.3.1/../../../../arm-none-eabi/lib/thumb/v7e-m/fpv4-sp/hard/libc_nano.a
LOAD /home/ulf/mybin/Ac6/SystemWorkbench/plugins/fr.ac6.mcu.externaltools.arm-none.linux64_1.15.0.201708311556/tools/compiler/bin/../lib/gcc/arm-none-eabi/6.3.1/../../../../arm-none-eabi/lib/thumb/v7e-m/fpv4-sp/hard/libnosys.a
END GROUP
LOAD /home/ulf/mybin/Ac6/SystemWorkbench/plugins/fr.ac6.mcu.externaltools.arm-none.linux64_1.15.0.201708311556/tools/compiler/bin/../lib/gcc/arm-none-eabi/6.3.1/thumb/v7e-m/fpv4-sp/hard/crtend.o
LOAD /home/ulf/mybin/Ac6/SystemWorkbench/plugins/fr.ac6.mcu.externaltools.arm-none.linux64_1.15.0.201708311556/tools/compiler/bin/../lib/gcc/arm-none-eabi/6.3.1/thumb/v7e-m/fpv4-sp/hard/crtn.o
                0x000000002000a000                _estack = 0x2000a000
                0x0000000000000200                _Min_Heap_Size = 0x200
                0x0000000000000400                _Min_Stack_Size = 0x400

.isr_vector     0x0000000008000000      0x188
                0x0000000008000000                . = ALIGN (0x4)
 *(.isr_vector)
 .isr_vector    0x0000000008000000      0x188 startup/startup_stm32f303xc.o
                0x0000000008000000                g_pfnVectors
                0x0000000008000188                . = ALIGN (0x4)

.text           0x0000000008000188     0x3440
                0x0000000008000188                . = ALIGN (0x4)
 *(.text)
 .text          0x0000000008000188       0x6c /home/ulf/mybin/Ac6/SystemWorkbench/plugins/fr.ac6.mcu.externaltools.arm-none.linux64_1.15.0.201708311556/tools/compiler/bin/../lib/gcc/arm-none-eabi/6.3.1/thumb/v7e-m/fpv4-sp/hard/crtbegin.o
 *(.text*)
 .text.HAL_InitTick
                0x00000000080001f4       0x2c Drivers/STM32F3xx_HAL_Driver/Src/stm32f3xx_hal.o
                0x00000000080001f4                HAL_InitTick
 .text.HAL_Init
                0x0000000008000220       0x24 Drivers/STM32F3xx_HAL_Driver/Src/stm32f3xx_hal.o
                0x0000000008000220                HAL_Init
 .text.HAL_IncTick
                0x0000000008000244       0x10 Drivers/STM32F3xx_HAL_Driver/Src/stm32f3xx_hal.o
                0x0000000008000244                HAL_IncTick
 .text.HAL_GetTick
                0x0000000008000254        0xc Drivers/STM32F3xx_HAL_Driver/Src/stm32f3xx_hal.o
                0x0000000008000254                HAL_GetTick
 .text.HAL_NVIC_SetPriorityGrouping
                0x0000000008000260       0x24 Drivers/STM32F3xx_HAL_Driver/Src/stm32f3xx_hal_cortex.o
                0x0000000008000260                HAL_NVIC_SetPriorityGrouping
 .text.HAL_NVIC_SetPriority
                0x0000000008000284       0x64 Drivers/STM32F3xx_HAL_Driver/Src/stm32f3xx_hal_cortex.o
                0x0000000008000284                HAL_NVIC_SetPriority
 .text.HAL_NVIC_EnableIRQ
                0x00000000080002e8       0x18 Drivers/STM32F3xx_HAL_Driver/Src/stm32f3xx_hal_cortex.o
                0x00000000080002e8                HAL_NVIC_EnableIRQ
 .text.HAL_SYSTICK_Config
                0x0000000008000300       0x2c Drivers/STM32F3xx_HAL_Driver/Src/stm32f3xx_hal_cortex.o
                0x0000000008000300                HAL_SYSTICK_Config
 .text.HAL_SYSTICK_CLKSourceConfig
                0x000000000800032c       0x20 Drivers/STM32F3xx_HAL_Driver/Src/stm32f3xx_hal_cortex.o
                0x000000000800032c                HAL_SYSTICK_CLKSourceConfig
 .text.HAL_SYSTICK_Callback
                0x000000000800034c        0x2 Drivers/STM32F3xx_HAL_Driver/Src/stm32f3xx_hal_cortex.o
                0x000000000800034c                HAL_SYSTICK_Callback
 .text.HAL_SYSTICK_IRQHandler
                0x000000000800034e        0x8 Drivers/STM32F3xx_HAL_Driver/Src/stm32f3xx_hal_cortex.o
                0x000000000800034e                HAL_SYSTICK_IRQHandler
 *fill*         0x0000000008000356        0x2 
 .text.HAL_GPIO_Init
                0x0000000008000358      0x1a0 Drivers/STM32F3xx_HAL_Driver/Src/stm32f3xx_hal_gpio.o
                0x0000000008000358                HAL_GPIO_Init
 .text.HAL_GPIO_ReadPin
                0x00000000080004f8        0xe Drivers/STM32F3xx_HAL_Driver/Src/stm32f3xx_hal_gpio.o
                0x00000000080004f8                HAL_GPIO_ReadPin
 .text.HAL_GPIO_WritePin
                0x0000000008000506        0xa Drivers/STM32F3xx_HAL_Driver/Src/stm32f3xx_hal_gpio.o
                0x0000000008000506                HAL_GPIO_WritePin
 .text.HAL_I2C_Init
                0x0000000008000510       0xbc Drivers/STM32F3xx_HAL_Driver/Src/stm32f3xx_hal_i2c.o
                0x0000000008000510                HAL_I2C_Init
 .text.HAL_I2CEx_ConfigAnalogFilter
                0x00000000080005cc       0x5c Drivers/STM32F3xx_HAL_Driver/Src/stm32f3xx_hal_i2c_ex.o
                0x00000000080005cc                HAL_I2CEx_ConfigAnalogFilter
 .text.HAL_I2CEx_ConfigDigitalFilter
                0x0000000008000628       0x58 Drivers/STM32F3xx_HAL_Driver/Src/stm32f3xx_hal_i2c_ex.o
                0x0000000008000628                HAL_I2CEx_ConfigDigitalFilter
 .text.HAL_PCD_Init
                0x0000000008000680       0xa8 Drivers/STM32F3xx_HAL_Driver/Src/stm32f3xx_hal_pcd.o
                0x0000000008000680                HAL_PCD_Init
 .text.HAL_PCD_Start
                0x0000000008000728        0xc Drivers/STM32F3xx_HAL_Driver/Src/stm32f3xx_hal_pcd.o
                0x0000000008000728                HAL_PCD_Start
 .text.HAL_PCD_SetAddress
                0x0000000008000734       0x2c Drivers/STM32F3xx_HAL_Driver/Src/stm32f3xx_hal_pcd.o
                0x0000000008000734                HAL_PCD_SetAddress
 .text.HAL_PCD_EP_Open
                0x0000000008000760      0x382 Drivers/STM32F3xx_HAL_Driver/Src/stm32f3xx_hal_pcd.o
                0x0000000008000760                HAL_PCD_EP_Open
 .text.HAL_PCD_EP_Close
                0x0000000008000ae2      0x206 Drivers/STM32F3xx_HAL_Driver/Src/stm32f3xx_hal_pcd.o
                0x0000000008000ae2                HAL_PCD_EP_Close
 .text.HAL_PCD_EP_Receive
                0x0000000008000ce8      0x168 Drivers/STM32F3xx_HAL_Driver/Src/stm32f3xx_hal_pcd.o
                0x0000000008000ce8                HAL_PCD_EP_Receive
 .text.HAL_PCD_EP_GetRxCount
                0x0000000008000e50       0x12 Drivers/STM32F3xx_HAL_Driver/Src/stm32f3xx_hal_pcd.o
                0x0000000008000e50                HAL_PCD_EP_GetRxCount
 .text.HAL_PCD_EP_Transmit
                0x0000000008000e62      0x136 Drivers/STM32F3xx_HAL_Driver/Src/stm32f3xx_hal_pcd.o
                0x0000000008000e62                HAL_PCD_EP_Transmit
 .text.PCD_EP_ISR_Handler
                0x0000000008000f98      0x494 Drivers/STM32F3xx_HAL_Driver/Src/stm32f3xx_hal_pcd.o
 .text.HAL_PCD_IRQHandler
                0x000000000800142c      0x11c Drivers/STM32F3xx_HAL_Driver/Src/stm32f3xx_hal_pcd.o
                0x000000000800142c                HAL_PCD_IRQHandler
 .text.HAL_PCD_EP_SetStall
                0x0000000008001548       0xba Drivers/STM32F3xx_HAL_Driver/Src/stm32f3xx_hal_pcd.o
                0x0000000008001548                HAL_PCD_EP_SetStall
 .text.HAL_PCD_EP_ClrStall
                0x0000000008001602       0xde Drivers/STM32F3xx_HAL_Driver/Src/stm32f3xx_hal_pcd.o
                0x0000000008001602                HAL_PCD_EP_ClrStall
 .text.HAL_PCDEx_PMAConfig
                0x00000000080016e0       0x40 Drivers/STM32F3xx_HAL_Driver/Src/stm32f3xx_hal_pcd_ex.o
                0x00000000080016e0                HAL_PCDEx_PMAConfig
 .text.PCD_WritePMA
                0x0000000008001720       0x2c Drivers/STM32F3xx_HAL_Driver/Src/stm32f3xx_hal_pcd_ex.o
                0x0000000008001720                PCD_WritePMA
 .text.PCD_ReadPMA
                0x000000000800174c       0x32 Drivers/STM32F3xx_HAL_Driver/Src/stm32f3xx_hal_pcd_ex.o
                0x000000000800174c                PCD_ReadPMA
 *fill*         0x000000000800177e        0x2 
 .text.HAL_RCC_OscConfig
                0x0000000008001780      0x60c Drivers/STM32F3xx_HAL_Driver/Src/stm32f3xx_hal_rcc.o
                0x0000000008001780                HAL_RCC_OscConfig
 .text.HAL_RCC_GetSysClockFreq
                0x0000000008001d8c       0x70 Drivers/STM32F3xx_HAL_Driver/Src/stm32f3xx_hal_rcc.o
                0x0000000008001d8c                HAL_RCC_GetSysClockFreq
 .text.HAL_RCC_ClockConfig
                0x0000000008001dfc      0x1d4 Drivers/STM32F3xx_HAL_Driver/Src/stm32f3xx_hal_rcc.o
                0x0000000008001dfc                HAL_RCC_ClockConfig
 .text.HAL_RCC_GetHCLKFreq
                0x0000000008001fd0        0xc Drivers/STM32F3xx_HAL_Driver/Src/stm32f3xx_hal_rcc.o
                0x0000000008001fd0                HAL_RCC_GetHCLKFreq
 .text.HAL_RCCEx_PeriphCLKConfig
                0x0000000008001fdc      0x268 Drivers/STM32F3xx_HAL_Driver/Src/stm32f3xx_hal_rcc_ex.o
                0x0000000008001fdc                HAL_RCCEx_PeriphCLKConfig
 .text.HAL_SPI_Init
                0x0000000008002244       0xba Drivers/STM32F3xx_HAL_Driver/Src/stm32f3xx_hal_spi.o
                0x0000000008002244                HAL_SPI_Init
 .text.USBD_CDC_DataIn
                0x00000000080022fe       0x12 Middlewares/ST/STM32_USB_Device_Library/Class/CDC/Src/usbd_cdc.o
 .text.USBD_CDC_EP0_RxReady
                0x0000000008002310       0x28 Middlewares/ST/STM32_USB_Device_Library/Class/CDC/Src/usbd_cdc.o
 .text.USBD_CDC_GetFSCfgDesc
                0x0000000008002338        0xc Middlewares/ST/STM32_USB_Device_Library/Class/CDC/Src/usbd_cdc.o
 .text.USBD_CDC_GetHSCfgDesc
                0x0000000008002344        0xc Middlewares/ST/STM32_USB_Device_Library/Class/CDC/Src/usbd_cdc.o
 .text.USBD_CDC_GetOtherSpeedCfgDesc
                0x0000000008002350        0xc Middlewares/ST/STM32_USB_Device_Library/Class/CDC/Src/usbd_cdc.o
 .text.USBD_CDC_GetDeviceQualifierDescriptor
                0x000000000800235c        0xc Middlewares/ST/STM32_USB_Device_Library/Class/CDC/Src/usbd_cdc.o
                0x000000000800235c                USBD_CDC_GetDeviceQualifierDescriptor
 .text.USBD_CDC_DataOut
                0x0000000008002368       0x2e Middlewares/ST/STM32_USB_Device_Library/Class/CDC/Src/usbd_cdc.o
 *fill*         0x0000000008002396        0x2 
 .text.USBD_CDC_Setup
                0x0000000008002398       0x74 Middlewares/ST/STM32_USB_Device_Library/Class/CDC/Src/usbd_cdc.o
 .text.USBD_CDC_DeInit
                0x000000000800240c       0x3a Middlewares/ST/STM32_USB_Device_Library/Class/CDC/Src/usbd_cdc.o
 .text.USBD_CDC_Init
                0x0000000008002446       0x96 Middlewares/ST/STM32_USB_Device_Library/Class/CDC/Src/usbd_cdc.o
 .text.USBD_CDC_RegisterInterface
                0x00000000080024dc        0xe Middlewares/ST/STM32_USB_Device_Library/Class/CDC/Src/usbd_cdc.o
                0x00000000080024dc                USBD_CDC_RegisterInterface
 .text.USBD_CDC_SetTxBuffer
                0x00000000080024ea       0x10 Middlewares/ST/STM32_USB_Device_Library/Class/CDC/Src/usbd_cdc.o
                0x00000000080024ea                USBD_CDC_SetTxBuffer
 .text.USBD_CDC_SetRxBuffer
                0x00000000080024fa        0xc Middlewares/ST/STM32_USB_Device_Library/Class/CDC/Src/usbd_cdc.o
                0x00000000080024fa                USBD_CDC_SetRxBuffer
 .text.USBD_CDC_ReceivePacket
                0x0000000008002506       0x32 Middlewares/ST/STM32_USB_Device_Library/Class/CDC/Src/usbd_cdc.o
                0x0000000008002506                USBD_CDC_ReceivePacket
 .text.USBD_Init
                0x0000000008002538       0x2e Middlewares/ST/STM32_USB_Device_Library/Core/Src/usbd_core.o
                0x0000000008002538                USBD_Init
 .text.USBD_RegisterClass
                0x0000000008002566        0xe Middlewares/ST/STM32_USB_Device_Library/Core/Src/usbd_core.o
                0x0000000008002566                USBD_RegisterClass
 .text.USBD_Start
                0x0000000008002574        0xa Middlewares/ST/STM32_USB_Device_Library/Core/Src/usbd_core.o
                0x0000000008002574                USBD_Start
 .text.USBD_SetClassConfig
                0x000000000800257e       0x1a Middlewares/ST/STM32_USB_Device_Library/Core/Src/usbd_core.o
                0x000000000800257e                USBD_SetClassConfig
 .text.USBD_ClrClassConfig
                0x0000000008002598        0xe Middlewares/ST/STM32_USB_Device_Library/Core/Src/usbd_core.o
                0x0000000008002598                USBD_ClrClassConfig
 .text.USBD_LL_SetupStage
                0x00000000080025a6       0x5a Middlewares/ST/STM32_USB_Device_Library/Core/Src/usbd_core.o
                0x00000000080025a6                USBD_LL_SetupStage
 .text.USBD_LL_DataOutStage
                0x0000000008002600       0x6a Middlewares/ST/STM32_USB_Device_Library/Core/Src/usbd_core.o
                0x0000000008002600                USBD_LL_DataOutStage
 .text.USBD_LL_DataInStage
                0x000000000800266a       0xb2 Middlewares/ST/STM32_USB_Device_Library/Core/Src/usbd_core.o
                0x000000000800266a                USBD_LL_DataInStage
 .text.USBD_LL_Reset
                0x000000000800271c       0x3e Middlewares/ST/STM32_USB_Device_Library/Core/Src/usbd_core.o
                0x000000000800271c                USBD_LL_Reset
 .text.USBD_LL_SetSpeed
                0x000000000800275a        0x6 Middlewares/ST/STM32_USB_Device_Library/Core/Src/usbd_core.o
                0x000000000800275a                USBD_LL_SetSpeed
 .text.USBD_LL_Suspend
                0x0000000008002760       0x12 Middlewares/ST/STM32_USB_Device_Library/Core/Src/usbd_core.o
                0x0000000008002760                USBD_LL_Suspend
 .text.USBD_LL_Resume
                0x0000000008002772        0xc Middlewares/ST/STM32_USB_Device_Library/Core/Src/usbd_core.o
                0x0000000008002772                USBD_LL_Resume
 .text.USBD_LL_SOF
                0x000000000800277e       0x1c Middlewares/ST/STM32_USB_Device_Library/Core/Src/usbd_core.o
                0x000000000800277e                USBD_LL_SOF
 .text.USBD_GetLen
                0x000000000800279a       0x14 Middlewares/ST/STM32_USB_Device_Library/Core/Src/usbd_ctlreq.o
 .text.USBD_SetFeature
                0x00000000080027ae       0x20 Middlewares/ST/STM32_USB_Device_Library/Core/Src/usbd_ctlreq.o
 .text.USBD_ParseSetupRequest
                0x00000000080027ce       0x28 Middlewares/ST/STM32_USB_Device_Library/Core/Src/usbd_ctlreq.o
                0x00000000080027ce                USBD_ParseSetupRequest
 .text.USBD_CtlError
                0x00000000080027f6       0x14 Middlewares/ST/STM32_USB_Device_Library/Core/Src/usbd_ctlreq.o
                0x00000000080027f6                USBD_CtlError
 .text.USBD_GetDescriptor
                0x000000000800280a      0x132 Middlewares/ST/STM32_USB_Device_Library/Core/Src/usbd_ctlreq.o
 .text.USBD_SetAddress
                0x000000000800293c       0x4a Middlewares/ST/STM32_USB_Device_Library/Core/Src/usbd_ctlreq.o
 *fill*         0x0000000008002986        0x2 
 .text.USBD_SetConfig
                0x0000000008002988       0xa4 Middlewares/ST/STM32_USB_Device_Library/Core/Src/usbd_ctlreq.o
 .text.USBD_GetConfig
                0x0000000008002a2c       0x3a Middlewares/ST/STM32_USB_Device_Library/Core/Src/usbd_ctlreq.o
 .text.USBD_GetStatus
                0x0000000008002a66       0x2c Middlewares/ST/STM32_USB_Device_Library/Core/Src/usbd_ctlreq.o
 .text.USBD_ClrFeature
                0x0000000008002a92       0x32 Middlewares/ST/STM32_USB_Device_Library/Core/Src/usbd_ctlreq.o
 .text.USBD_StdDevReq
                0x0000000008002ac4       0x48 Middlewares/ST/STM32_USB_Device_Library/Core/Src/usbd_ctlreq.o
                0x0000000008002ac4                USBD_StdDevReq
 .text.USBD_StdItfReq
                0x0000000008002b0c       0x38 Middlewares/ST/STM32_USB_Device_Library/Core/Src/usbd_ctlreq.o
                0x0000000008002b0c                USBD_StdItfReq
 .text.USBD_StdEPReq
                0x0000000008002b44      0x118 Middlewares/ST/STM32_USB_Device_Library/Core/Src/usbd_ctlreq.o
                0x0000000008002b44                USBD_StdEPReq
 .text.USBD_GetString
                0x0000000008002c5c       0x3a Middlewares/ST/STM32_USB_Device_Library/Core/Src/usbd_ctlreq.o
                0x0000000008002c5c                USBD_GetString
 .text.USBD_CtlSendData
                0x0000000008002c96       0x1a Middlewares/ST/STM32_USB_Device_Library/Core/Src/usbd_ioreq.o
                0x0000000008002c96                USBD_CtlSendData
 .text.USBD_CtlContinueSendData
                0x0000000008002cb0       0x10 Middlewares/ST/STM32_USB_Device_Library/Core/Src/usbd_ioreq.o
                0x0000000008002cb0                USBD_CtlContinueSendData
 .text.USBD_CtlPrepareRx
                0x0000000008002cc0       0x1e Middlewares/ST/STM32_USB_Device_Library/Core/Src/usbd_ioreq.o
                0x0000000008002cc0                USBD_CtlPrepareRx
 .text.USBD_CtlContinueRx
                0x0000000008002cde       0x10 Middlewares/ST/STM32_USB_Device_Library/Core/Src/usbd_ioreq.o
                0x0000000008002cde                USBD_CtlContinueRx
 .text.USBD_CtlSendStatus
                0x0000000008002cee       0x16 Middlewares/ST/STM32_USB_Device_Library/Core/Src/usbd_ioreq.o
                0x0000000008002cee                USBD_CtlSendStatus
 .text.USBD_CtlReceiveStatus
                0x0000000008002d04       0x16 Middlewares/ST/STM32_USB_Device_Library/Core/Src/usbd_ioreq.o
                0x0000000008002d04                USBD_CtlReceiveStatus
 *fill*         0x0000000008002d1a        0x2 
 .text.MX_GPIO_Init
                0x0000000008002d1c       0xb8 Src/gpio.o
                0x0000000008002d1c                MX_GPIO_Init
 .text.MX_I2C1_Init
                0x0000000008002dd4       0x68 Src/i2c.o
                0x0000000008002dd4                MX_I2C1_Init
 .text.HAL_I2C_MspInit
                0x0000000008002e3c       0x54 Src/i2c.o
                0x0000000008002e3c                HAL_I2C_MspInit
 .text._Error_Handler
                0x0000000008002e90        0x2 Src/main.o
                0x0000000008002e90                _Error_Handler
 *fill*         0x0000000008002e92        0x2 
 .text.SystemClock_Config
                0x0000000008002e94       0xb4 Src/main.o
                0x0000000008002e94                SystemClock_Config
 .text.main     0x0000000008002f48       0x38 Src/main.o
                0x0000000008002f48                main
 .text.MX_SPI1_Init
                0x0000000008002f80       0x54 Src/spi.o
                0x0000000008002f80                MX_SPI1_Init
 .text.HAL_SPI_MspInit
                0x0000000008002fd4       0x4c Src/spi.o
                0x0000000008002fd4                HAL_SPI_MspInit
 .text.HAL_MspInit
                0x0000000008003020       0x7c Src/stm32f3xx_hal_msp.o
                0x0000000008003020                HAL_MspInit
 .text.SysTick_Handler
                0x000000000800309c        0xc Src/stm32f3xx_it.o
                0x000000000800309c                SysTick_Handler
 .text.USB_LP_CAN_RX0_IRQHandler
                0x00000000080030a8       0x10 Src/stm32f3xx_it.o
                0x00000000080030a8                USB_LP_CAN_RX0_IRQHandler
 .text.SystemInit
                0x00000000080030b8       0x68 Src/system_stm32f3xx.o
                0x00000000080030b8                SystemInit
 .text.MX_USB_DEVICE_Init
                0x0000000008003120       0x38 Src/usb_device.o
                0x0000000008003120                MX_USB_DEVICE_Init
 .text.CDC_DeInit_FS
                0x0000000008003158        0x4 Src/usbd_cdc_if.o
 .text.CDC_Control_FS
                0x000000000800315c        0x4 Src/usbd_cdc_if.o
 .text.CDC_Receive_FS
                0x0000000008003160       0x1c Src/usbd_cdc_if.o
 .text.CDC_Init_FS
                0x000000000800317c       0x28 Src/usbd_cdc_if.o
 .text.HAL_PCD_MspInit
                0x00000000080031a4       0x60 Src/usbd_conf.o
                0x00000000080031a4                HAL_PCD_MspInit
 .text.HAL_PCD_SetupStageCallback
                0x0000000008003204       0x10 Src/usbd_conf.o
                0x0000000008003204                HAL_PCD_SetupStageCallback
 .text.HAL_PCD_DataOutStageCallback
                0x0000000008003214       0x18 Src/usbd_conf.o
                0x0000000008003214                HAL_PCD_DataOutStageCallback
 .text.HAL_PCD_DataInStageCallback
                0x000000000800322c       0x16 Src/usbd_conf.o
                0x000000000800322c                HAL_PCD_DataInStageCallback
 .text.HAL_PCD_SOFCallback
                0x0000000008003242        0xc Src/usbd_conf.o
                0x0000000008003242                HAL_PCD_SOFCallback
 .text.HAL_PCD_ResetCallback
                0x000000000800324e       0x18 Src/usbd_conf.o
                0x000000000800324e                HAL_PCD_ResetCallback
 *fill*         0x0000000008003266        0x2 
 .text.HAL_PCD_SuspendCallback
                0x0000000008003268       0x20 Src/usbd_conf.o
                0x0000000008003268                HAL_PCD_SuspendCallback
 .text.HAL_PCD_ResumeCallback
                0x0000000008003288        0xc Src/usbd_conf.o
                0x0000000008003288                HAL_PCD_ResumeCallback
 .text.USBD_LL_Init
                0x0000000008003294       0x90 Src/usbd_conf.o
                0x0000000008003294                USBD_LL_Init
 .text.USBD_LL_Start
                0x0000000008003324       0x1c Src/usbd_conf.o
                0x0000000008003324                USBD_LL_Start
 .text.USBD_LL_OpenEP
                0x0000000008003340       0x22 Src/usbd_conf.o
                0x0000000008003340                USBD_LL_OpenEP
 .text.USBD_LL_CloseEP
                0x0000000008003362       0x1c Src/usbd_conf.o
                0x0000000008003362                USBD_LL_CloseEP
 .text.USBD_LL_StallEP
                0x000000000800337e       0x1c Src/usbd_conf.o
                0x000000000800337e                USBD_LL_StallEP
 .text.USBD_LL_ClearStallEP
                0x000000000800339a       0x1c Src/usbd_conf.o
                0x000000000800339a                USBD_LL_ClearStallEP
 .text.USBD_LL_IsStallEP
                0x00000000080033b6       0x2e Src/usbd_conf.o
                0x00000000080033b6                USBD_LL_IsStallEP
 .text.USBD_LL_SetUSBAddress
                0x00000000080033e4       0x1c Src/usbd_conf.o
                0x00000000080033e4                USBD_LL_SetUSBAddress
 .text.USBD_LL_Transmit
                0x0000000008003400       0x1c Src/usbd_conf.o
                0x0000000008003400                USBD_LL_Transmit
 .text.USBD_LL_PrepareReceive
                0x000000000800341c       0x1c Src/usbd_conf.o
                0x000000000800341c                USBD_LL_PrepareReceive
 .text.USBD_LL_GetRxDataSize
                0x0000000008003438        0xc Src/usbd_conf.o
                0x0000000008003438                USBD_LL_GetRxDataSize
 .text.USBD_static_malloc
                0x0000000008003444        0x8 Src/usbd_conf.o
                0x0000000008003444                USBD_static_malloc
 .text.USBD_static_free
                0x000000000800344c        0x2 Src/usbd_conf.o
                0x000000000800344c                USBD_static_free
 .text.HAL_PCDEx_SetConnectionState
                0x000000000800344e        0x2 Src/usbd_conf.o
                0x000000000800344e                HAL_PCDEx_SetConnectionState
 .text.USBD_FS_DeviceDescriptor
                0x0000000008003450        0xc Src/usbd_desc.o
                0x0000000008003450                USBD_FS_DeviceDescriptor
 .text.USBD_FS_LangIDStrDescriptor
                0x000000000800345c        0xc Src/usbd_desc.o
                0x000000000800345c                USBD_FS_LangIDStrDescriptor
 .text.USBD_FS_ProductStrDescriptor
                0x0000000008003468       0x24 Src/usbd_desc.o
                0x0000000008003468                USBD_FS_ProductStrDescriptor
 .text.USBD_FS_ManufacturerStrDescriptor
                0x000000000800348c       0x1c Src/usbd_desc.o
                0x000000000800348c                USBD_FS_ManufacturerStrDescriptor
 .text.USBD_FS_SerialStrDescriptor
                0x00000000080034a8       0x24 Src/usbd_desc.o
                0x00000000080034a8                USBD_FS_SerialStrDescriptor
 .text.USBD_FS_ConfigStrDescriptor
                0x00000000080034cc       0x24 Src/usbd_desc.o
                0x00000000080034cc                USBD_FS_ConfigStrDescriptor
 .text.USBD_FS_InterfaceStrDescriptor
                0x00000000080034f0       0x24 Src/usbd_desc.o
                0x00000000080034f0                USBD_FS_InterfaceStrDescriptor
 .text.Reset_Handler
                0x0000000008003514       0x50 startup/startup_stm32f303xc.o
                0x0000000008003514                Reset_Handler
 .text.Default_Handler
                0x0000000008003564        0x2 startup/startup_stm32f303xc.o
                0x0000000008003564                RTC_Alarm_IRQHandler
                0x0000000008003564                TIM8_TRG_COM_IRQHandler
                0x0000000008003564                TIM8_CC_IRQHandler
                0x0000000008003564                DebugMon_Handler
                0x0000000008003564                TIM1_CC_IRQHandler
                0x0000000008003564                HardFault_Handler
                0x0000000008003564                USB_HP_IRQHandler
                0x0000000008003564                PVD_IRQHandler
                0x0000000008003564                TAMP_STAMP_IRQHandler
                0x0000000008003564                PendSV_Handler
                0x0000000008003564                NMI_Handler
                0x0000000008003564                EXTI3_IRQHandler
                0x0000000008003564                USB_HP_CAN_TX_IRQHandler
                0x0000000008003564                EXTI0_IRQHandler
                0x0000000008003564                I2C2_EV_IRQHandler
                0x0000000008003564                FPU_IRQHandler
                0x0000000008003564                TIM1_UP_TIM16_IRQHandler
                0x0000000008003564                UsageFault_Handler
                0x0000000008003564                ADC1_2_IRQHandler
                0x0000000008003564                SPI1_IRQHandler
                0x0000000008003564                CAN_SCE_IRQHandler
                0x0000000008003564                TIM6_DAC_IRQHandler
                0x0000000008003564                TIM8_UP_IRQHandler
                0x0000000008003564                DMA2_Channel2_IRQHandler
                0x0000000008003564                DMA1_Channel4_IRQHandler
                0x0000000008003564                USART3_IRQHandler
                0x0000000008003564                DMA1_Channel7_IRQHandler
                0x0000000008003564                UART5_IRQHandler
                0x0000000008003564                ADC3_IRQHandler
                0x0000000008003564                TIM4_IRQHandler
                0x0000000008003564                CAN_RX1_IRQHandler
                0x0000000008003564                DMA2_Channel1_IRQHandler
                0x0000000008003564                I2C1_EV_IRQHandler
                0x0000000008003564                DMA1_Channel6_IRQHandler
                0x0000000008003564                UART4_IRQHandler
                0x0000000008003564                DMA2_Channel4_IRQHandler
                0x0000000008003564                TIM3_IRQHandler
                0x0000000008003564                RCC_IRQHandler
                0x0000000008003564                DMA1_Channel1_IRQHandler
                0x0000000008003564                Default_Handler
                0x0000000008003564                USBWakeUp_RMP_IRQHandler
                0x0000000008003564                EXTI15_10_IRQHandler
                0x0000000008003564                TIM7_IRQHandler
                0x0000000008003564                EXTI9_5_IRQHandler
                0x0000000008003564                RTC_WKUP_IRQHandler
                0x0000000008003564                SPI2_IRQHandler
                0x0000000008003564                MemManage_Handler
                0x0000000008003564                SVC_Handler
                0x0000000008003564                DMA2_Channel5_IRQHandler
                0x0000000008003564                DMA1_Channel5_IRQHandler
                0x0000000008003564                USB_LP_IRQHandler
                0x0000000008003564                EXTI4_IRQHandler
                0x0000000008003564                TIM1_TRG_COM_TIM17_IRQHandler
                0x0000000008003564                DMA1_Channel3_IRQHandler
                0x0000000008003564                ADC4_IRQHandler
                0x0000000008003564                WWDG_IRQHandler
                0x0000000008003564                TIM2_IRQHandler
                0x0000000008003564                COMP7_IRQHandler
                0x0000000008003564                COMP1_2_3_IRQHandler
                0x0000000008003564                EXTI1_IRQHandler
                0x0000000008003564                USART2_IRQHandler
                0x0000000008003564                COMP4_5_6_IRQHandler
                0x0000000008003564                I2C2_ER_IRQHandler
                0x0000000008003564                DMA1_Channel2_IRQHandler
                0x0000000008003564                TIM8_BRK_IRQHandler
                0x0000000008003564                FLASH_IRQHandler
                0x0000000008003564                BusFault_Handler
                0x0000000008003564                USART1_IRQHandler
                0x0000000008003564                SPI3_IRQHandler
                0x0000000008003564                I2C1_ER_IRQHandler
                0x0000000008003564                USBWakeUp_IRQHandler
                0x0000000008003564                DMA2_Channel3_IRQHandler
                0x0000000008003564                EXTI2_TSC_IRQHandler
                0x0000000008003564                TIM1_BRK_TIM15_IRQHandler
 *fill*         0x0000000008003566        0x2 
 .text.__libc_init_array
                0x0000000008003568       0x48 /home/ulf/mybin/Ac6/SystemWorkbench/plugins/fr.ac6.mcu.externaltools.arm-none.linux64_1.15.0.201708311556/tools/compiler/bin/../lib/gcc/arm-none-eabi/6.3.1/../../../../arm-none-eabi/lib/thumb/v7e-m/fpv4-sp/hard/libc_nano.a(lib_a-init.o)
                0x0000000008003568                __libc_init_array
 *(.glue_7)
 .glue_7        0x00000000080035b0        0x0 linker stubs
 *(.glue_7t)
 .glue_7t       0x00000000080035b0        0x0 linker stubs
 *(.eh_frame)
 .eh_frame      0x00000000080035b0        0x0 /home/ulf/mybin/Ac6/SystemWorkbench/plugins/fr.ac6.mcu.externaltools.arm-none.linux64_1.15.0.201708311556/tools/compiler/bin/../lib/gcc/arm-none-eabi/6.3.1/thumb/v7e-m/fpv4-sp/hard/crtbegin.o
 *(.init)
 .init          0x00000000080035b0        0x4 /home/ulf/mybin/Ac6/SystemWorkbench/plugins/fr.ac6.mcu.externaltools.arm-none.linux64_1.15.0.201708311556/tools/compiler/bin/../lib/gcc/arm-none-eabi/6.3.1/thumb/v7e-m/fpv4-sp/hard/crti.o
                0x00000000080035b0                _init
 .init          0x00000000080035b4        0x8 /home/ulf/mybin/Ac6/SystemWorkbench/plugins/fr.ac6.mcu.externaltools.arm-none.linux64_1.15.0.201708311556/tools/compiler/bin/../lib/gcc/arm-none-eabi/6.3.1/thumb/v7e-m/fpv4-sp/hard/crtn.o
 *(.fini)
 .fini          0x00000000080035bc        0x4 /home/ulf/mybin/Ac6/SystemWorkbench/plugins/fr.ac6.mcu.externaltools.arm-none.linux64_1.15.0.201708311556/tools/compiler/bin/../lib/gcc/arm-none-eabi/6.3.1/thumb/v7e-m/fpv4-sp/hard/crti.o
                0x00000000080035bc                _fini
 .fini          0x00000000080035c0        0x8 /home/ulf/mybin/Ac6/SystemWorkbench/plugins/fr.ac6.mcu.externaltools.arm-none.linux64_1.15.0.201708311556/tools/compiler/bin/../lib/gcc/arm-none-eabi/6.3.1/thumb/v7e-m/fpv4-sp/hard/crtn.o
                0x00000000080035c8                . = ALIGN (0x4)
                0x00000000080035c8                _etext = .

.vfp11_veneer   0x00000000080035c8        0x0
 .vfp11_veneer  0x00000000080035c8        0x0 linker stubs

.v4_bx          0x00000000080035c8        0x0
 .v4_bx         0x00000000080035c8        0x0 linker stubs

.iplt           0x00000000080035c8        0x0
 .iplt          0x00000000080035c8        0x0 /home/ulf/mybin/Ac6/SystemWorkbench/plugins/fr.ac6.mcu.externaltools.arm-none.linux64_1.15.0.201708311556/tools/compiler/bin/../lib/gcc/arm-none-eabi/6.3.1/thumb/v7e-m/fpv4-sp/hard/crtbegin.o

.rodata         0x00000000080035c8       0xd4
                0x00000000080035c8                . = ALIGN (0x4)
 *(.rodata)
 .rodata        0x00000000080035c8       0x20 Drivers/STM32F3xx_HAL_Driver/Src/stm32f3xx_hal_rcc.o
                0x00000000080035c8                aPLLMULFactorTable
                0x00000000080035d8                aPredivFactorTable
 .rodata        0x00000000080035e8       0x18 Src/system_stm32f3xx.o
                0x00000000080035e8                AHBPrescTable
                0x00000000080035f8                APBPrescTable
 *(.rodata*)
 .rodata.str1.4
                0x0000000008003600        0xd Src/i2c.o
 *fill*         0x000000000800360d        0x3 
 .rodata.str1.4
                0x0000000008003610        0xe Src/main.o
 *fill*         0x000000000800361e        0x2 
 .rodata.str1.4
                0x0000000008003620        0xd Src/spi.o
 *fill*         0x000000000800362d        0x3 
 .rodata.str1.4
                0x0000000008003630       0x13 Src/usbd_conf.o
 *fill*         0x0000000008003643        0x1 
 .rodata.str1.4
                0x0000000008003644       0x58 Src/usbd_desc.o
                                         0x56 (size before relaxing)
                0x000000000800369c                . = ALIGN (0x4)

.rel.dyn        0x000000000800369c        0x0
 .rel.iplt      0x000000000800369c        0x0 /home/ulf/mybin/Ac6/SystemWorkbench/plugins/fr.ac6.mcu.externaltools.arm-none.linux64_1.15.0.201708311556/tools/compiler/bin/../lib/gcc/arm-none-eabi/6.3.1/thumb/v7e-m/fpv4-sp/hard/crtbegin.o

.ARM.extab
 *(.ARM.extab* .gnu.linkonce.armextab.*)

.ARM            0x000000000800369c        0x0
                0x000000000800369c                __exidx_start = .
 *(.ARM.exidx*)
                0x000000000800369c                __exidx_end = .

.preinit_array  0x000000000800369c        0x0
                0x000000000800369c                PROVIDE (__preinit_array_start, .)
 *(.preinit_array*)
                0x000000000800369c                PROVIDE (__preinit_array_end, .)

.init_array     0x000000000800369c        0x4
                0x000000000800369c                PROVIDE (__init_array_start, .)
 *(SORT(.init_array.*))
 *(.init_array*)
 .init_array    0x000000000800369c        0x4 /home/ulf/mybin/Ac6/SystemWorkbench/plugins/fr.ac6.mcu.externaltools.arm-none.linux64_1.15.0.201708311556/tools/compiler/bin/../lib/gcc/arm-none-eabi/6.3.1/thumb/v7e-m/fpv4-sp/hard/crtbegin.o
                0x00000000080036a0                PROVIDE (__init_array_end, .)

.fini_array     0x00000000080036a0        0x4
                [!provide]                        PROVIDE (__fini_array_start, .)
 *(SORT(.fini_array.*))
 *(.fini_array*)
 .fini_array    0x00000000080036a0        0x4 /home/ulf/mybin/Ac6/SystemWorkbench/plugins/fr.ac6.mcu.externaltools.arm-none.linux64_1.15.0.201708311556/tools/compiler/bin/../lib/gcc/arm-none-eabi/6.3.1/thumb/v7e-m/fpv4-sp/hard/crtbegin.o
                [!provide]                        PROVIDE (__fini_array_end, .)
                0x00000000080036a4                _sidata = LOADADDR (.data)

.data           0x0000000020000000      0x158 load address 0x00000000080036a4
                0x0000000020000000                . = ALIGN (0x4)
                0x0000000020000000                _sdata = .
 *(.data)
 .data          0x0000000020000000      0x110 Middlewares/ST/STM32_USB_Device_Library/Class/CDC/Src/usbd_cdc.o
                0x0000000020000000                USBD_CDC_CfgFSDesc
                0x0000000020000044                USBD_CDC_CfgHSDesc
                0x0000000020000088                USBD_CDC_OtherSpeedCfgDesc
                0x00000000200000d8                USBD_CDC
 .data          0x0000000020000110        0x4 Src/system_stm32f3xx.o
                0x0000000020000110                SystemCoreClock
 .data          0x0000000020000114       0x10 Src/usbd_cdc_if.o
                0x0000000020000114                USBD_Interface_fops_FS
 .data          0x0000000020000124       0x34 Src/usbd_desc.o
                0x0000000020000124                USBD_FS_DeviceDesc
                0x0000000020000138                USBD_LangIDDesc
                0x000000002000013c                FS_Desc
 *(.data*)
                0x0000000020000158                . = ALIGN (0x4)
                0x0000000020000158                _edata = .
                0x00000000080037fc                _siccmram = LOADADDR (.ccmram)

.jcr            0x0000000020000158        0x0 load address 0x00000000080037fc
 .jcr           0x0000000020000158        0x0 /home/ulf/mybin/Ac6/SystemWorkbench/plugins/fr.ac6.mcu.externaltools.arm-none.linux64_1.15.0.201708311556/tools/compiler/bin/../lib/gcc/arm-none-eabi/6.3.1/thumb/v7e-m/fpv4-sp/hard/crtbegin.o

.igot.plt       0x0000000020000158        0x0 load address 0x00000000080037fc
 .igot.plt      0x0000000020000158        0x0 /home/ulf/mybin/Ac6/SystemWorkbench/plugins/fr.ac6.mcu.externaltools.arm-none.linux64_1.15.0.201708311556/tools/compiler/bin/../lib/gcc/arm-none-eabi/6.3.1/thumb/v7e-m/fpv4-sp/hard/crtbegin.o

.ccmram         0x0000000010000000        0x0 load address 0x00000000080037fc
                0x0000000010000000                . = ALIGN (0x4)
                0x0000000010000000                _sccmram = .
 *(.ccmram)
 *(.ccmram*)
                0x0000000010000000                . = ALIGN (0x4)
                0x0000000010000000                _eccmram = .
                0x0000000010000000                . = ALIGN (0x4)

.bss            0x0000000020000158     0x1290
                0x0000000020000158                _sbss = .
                0x0000000020000158                __bss_start__ = _sbss
 *(.bss)
 .bss           0x0000000020000158       0x1c /home/ulf/mybin/Ac6/SystemWorkbench/plugins/fr.ac6.mcu.externaltools.arm-none.linux64_1.15.0.201708311556/tools/compiler/bin/../lib/gcc/arm-none-eabi/6.3.1/thumb/v7e-m/fpv4-sp/hard/crtbegin.o
 .bss           0x0000000020000174        0x1 Middlewares/ST/STM32_USB_Device_Library/Class/CDC/Src/usbd_cdc.o
 .bss           0x0000000020000175        0x1 Middlewares/ST/STM32_USB_Device_Library/Core/Src/usbd_ctlreq.o
 *fill*         0x0000000020000176        0x2 
 .bss           0x0000000020000178      0x220 Src/usbd_conf.o
 *(.bss*)
 *(COMMON)
 COMMON         0x0000000020000398        0x4 Drivers/STM32F3xx_HAL_Driver/Src/stm32f3xx_hal.o
                0x0000000020000398                uwTick
 COMMON         0x000000002000039c       0x4c Src/i2c.o
                0x000000002000039c                hi2c1
 COMMON         0x00000000200003e8       0x64 Src/spi.o
                0x00000000200003e8                hspi1
 COMMON         0x000000002000044c      0x224 Src/usb_device.o
                0x000000002000044c                hUsbDeviceFS
 COMMON         0x0000000020000670      0x7d0 Src/usbd_cdc_if.o
                0x0000000020000670                UserRxBufferFS
                0x0000000020000a58                UserTxBufferFS
 COMMON         0x0000000020000e40      0x3a8 Src/usbd_conf.o
                0x0000000020000e40                hpcd_USB_FS
 COMMON         0x00000000200011e8      0x200 Src/usbd_desc.o
                0x00000000200011e8                USBD_StrDesc
                0x00000000200013e8                . = ALIGN (0x4)
                0x00000000200013e8                _ebss = .
                0x00000000200013e8                __bss_end__ = _ebss

._user_heap_stack
                0x00000000200013e8      0x600
                0x00000000200013e8                . = ALIGN (0x8)
                [!provide]                        PROVIDE (end, .)
                [!provide]                        PROVIDE (_end, .)
                0x00000000200015e8                . = (. + _Min_Heap_Size)
 *fill*         0x00000000200013e8      0x200 
                0x00000000200019e8                . = (. + _Min_Stack_Size)
 *fill*         0x00000000200015e8      0x400 
                0x00000000200019e8                . = ALIGN (0x8)

/DISCARD/
 libc.a(*)
 libm.a(*)
 libgcc.a(*)

.ARM.attributes
                0x0000000000000000       0x30
 *(.ARM.attributes)
 .ARM.attributes
                0x0000000000000000       0x22 /home/ulf/mybin/Ac6/SystemWorkbench/plugins/fr.ac6.mcu.externaltools.arm-none.linux64_1.15.0.201708311556/tools/compiler/bin/../lib/gcc/arm-none-eabi/6.3.1/thumb/v7e-m/fpv4-sp/hard/crti.o
 .ARM.attributes
                0x0000000000000022       0x34 /home/ulf/mybin/Ac6/SystemWorkbench/plugins/fr.ac6.mcu.externaltools.arm-none.linux64_1.15.0.201708311556/tools/compiler/bin/../lib/gcc/arm-none-eabi/6.3.1/thumb/v7e-m/fpv4-sp/hard/crtbegin.o
 .ARM.attributes
                0x0000000000000056       0x39 Drivers/STM32F3xx_HAL_Driver/Src/stm32f3xx_hal.o
 .ARM.attributes
                0x000000000000008f       0x39 Drivers/STM32F3xx_HAL_Driver/Src/stm32f3xx_hal_cortex.o
 .ARM.attributes
                0x00000000000000c8       0x39 Drivers/STM32F3xx_HAL_Driver/Src/stm32f3xx_hal_gpio.o
 .ARM.attributes
                0x0000000000000101       0x39 Drivers/STM32F3xx_HAL_Driver/Src/stm32f3xx_hal_i2c.o
 .ARM.attributes
                0x000000000000013a       0x39 Drivers/STM32F3xx_HAL_Driver/Src/stm32f3xx_hal_i2c_ex.o
 .ARM.attributes
                0x0000000000000173       0x39 Drivers/STM32F3xx_HAL_Driver/Src/stm32f3xx_hal_pcd.o
 .ARM.attributes
                0x00000000000001ac       0x39 Drivers/STM32F3xx_HAL_Driver/Src/stm32f3xx_hal_pcd_ex.o
 .ARM.attributes
                0x00000000000001e5       0x39 Drivers/STM32F3xx_HAL_Driver/Src/stm32f3xx_hal_rcc.o
 .ARM.attributes
                0x000000000000021e       0x39 Drivers/STM32F3xx_HAL_Driver/Src/stm32f3xx_hal_rcc_ex.o
 .ARM.attributes
                0x0000000000000257       0x39 Drivers/STM32F3xx_HAL_Driver/Src/stm32f3xx_hal_spi.o
 .ARM.attributes
                0x0000000000000290       0x39 Middlewares/ST/STM32_USB_Device_Library/Class/CDC/Src/usbd_cdc.o
 .ARM.attributes
                0x00000000000002c9       0x39 Middlewares/ST/STM32_USB_Device_Library/Core/Src/usbd_core.o
 .ARM.attributes
                0x0000000000000302       0x39 Middlewares/ST/STM32_USB_Device_Library/Core/Src/usbd_ctlreq.o
 .ARM.attributes
                0x000000000000033b       0x39 Middlewares/ST/STM32_USB_Device_Library/Core/Src/usbd_ioreq.o
 .ARM.attributes
                0x0000000000000374       0x39 Src/gpio.o
 .ARM.attributes
                0x00000000000003ad       0x39 Src/i2c.o
 .ARM.attributes
                0x00000000000003e6       0x39 Src/main.o
 .ARM.attributes
                0x000000000000041f       0x39 Src/spi.o
 .ARM.attributes
                0x0000000000000458       0x39 Src/stm32f3xx_hal_msp.o
 .ARM.attributes
                0x0000000000000491       0x39 Src/stm32f3xx_it.o
 .ARM.attributes
                0x00000000000004ca       0x39 Src/system_stm32f3xx.o
 .ARM.attributes
                0x0000000000000503       0x39 Src/usb_device.o
 .ARM.attributes
                0x000000000000053c       0x39 Src/usbd_cdc_if.o
 .ARM.attributes
                0x0000000000000575       0x39 Src/usbd_conf.o
 .ARM.attributes
                0x00000000000005ae       0x39 Src/usbd_desc.o
 .ARM.attributes
                0x00000000000005e7       0x21 startup/startup_stm32f303xc.o
 .ARM.attributes
                0x0000000000000608       0x34 /home/ulf/mybin/Ac6/SystemWorkbench/plugins/fr.ac6.mcu.externaltools.arm-none.linux64_1.15.0.201708311556/tools/compiler/bin/../lib/gcc/arm-none-eabi/6.3.1/../../../../arm-none-eabi/lib/thumb/v7e-m/fpv4-sp/hard/libc_nano.a(lib_a-init.o)
 .ARM.attributes
                0x000000000000063c       0x22 /home/ulf/mybin/Ac6/SystemWorkbench/plugins/fr.ac6.mcu.externaltools.arm-none.linux64_1.15.0.201708311556/tools/compiler/bin/../lib/gcc/arm-none-eabi/6.3.1/thumb/v7e-m/fpv4-sp/hard/crtn.o
OUTPUT(Basestation.elf elf32-littlearm)

.debug_info     0x0000000000000000    0x20ae4
 .debug_info    0x0000000000000000      0xfc8 Drivers/STM32F3xx_HAL_Driver/Src/stm32f3xx_hal.o
 .debug_info    0x0000000000000fc8     0x16c4 Drivers/STM32F3xx_HAL_Driver/Src/stm32f3xx_hal_cortex.o
 .debug_info    0x000000000000268c      0xef1 Drivers/STM32F3xx_HAL_Driver/Src/stm32f3xx_hal_gpio.o
 .debug_info    0x000000000000357d     0x39ad Drivers/STM32F3xx_HAL_Driver/Src/stm32f3xx_hal_i2c.o
 .debug_info    0x0000000000006f2a     0x10b4 Drivers/STM32F3xx_HAL_Driver/Src/stm32f3xx_hal_i2c_ex.o
 .debug_info    0x0000000000007fde     0x19e8 Drivers/STM32F3xx_HAL_Driver/Src/stm32f3xx_hal_pcd.o
 .debug_info    0x00000000000099c6      0xf12 Drivers/STM32F3xx_HAL_Driver/Src/stm32f3xx_hal_pcd_ex.o
 .debug_info    0x000000000000a8d8     0x1bb3 Drivers/STM32F3xx_HAL_Driver/Src/stm32f3xx_hal_rcc.o
 .debug_info    0x000000000000c48b      0xf84 Drivers/STM32F3xx_HAL_Driver/Src/stm32f3xx_hal_rcc_ex.o
 .debug_info    0x000000000000d40f     0x25a5 Drivers/STM32F3xx_HAL_Driver/Src/stm32f3xx_hal_spi.o
 .debug_info    0x000000000000f9b4     0x158a Middlewares/ST/STM32_USB_Device_Library/Class/CDC/Src/usbd_cdc.o
 .debug_info    0x0000000000010f3e     0x1490 Middlewares/ST/STM32_USB_Device_Library/Core/Src/usbd_core.o
 .debug_info    0x00000000000123ce     0x1666 Middlewares/ST/STM32_USB_Device_Library/Core/Src/usbd_ctlreq.o
 .debug_info    0x0000000000013a34      0xfd9 Middlewares/ST/STM32_USB_Device_Library/Core/Src/usbd_ioreq.o
 .debug_info    0x0000000000014a0d      0xc65 Src/gpio.o
 .debug_info    0x0000000000015672     0x11c0 Src/i2c.o
 .debug_info    0x0000000000016832     0x1b77 Src/main.o
 .debug_info    0x00000000000183a9     0x1100 Src/spi.o
 .debug_info    0x00000000000194a9      0xd00 Src/stm32f3xx_hal_msp.o
 .debug_info    0x000000000001a1a9      0xd8a Src/stm32f3xx_it.o
 .debug_info    0x000000000001af33      0xc34 Src/system_stm32f3xx.o
 .debug_info    0x000000000001bb67      0xe91 Src/usb_device.o
 .debug_info    0x000000000001c9f8     0x10ae Src/usbd_cdc_if.o
 .debug_info    0x000000000001daa6     0x225e Src/usbd_conf.o
 .debug_info    0x000000000001fd04      0xd62 Src/usbd_desc.o
 .debug_info    0x0000000000020a66       0x7e startup/startup_stm32f303xc.o

.debug_abbrev   0x0000000000000000     0x429a
 .debug_abbrev  0x0000000000000000      0x2d6 Drivers/STM32F3xx_HAL_Driver/Src/stm32f3xx_hal.o
 .debug_abbrev  0x00000000000002d6      0x3b8 Drivers/STM32F3xx_HAL_Driver/Src/stm32f3xx_hal_cortex.o
 .debug_abbrev  0x000000000000068e      0x2a5 Drivers/STM32F3xx_HAL_Driver/Src/stm32f3xx_hal_gpio.o
 .debug_abbrev  0x0000000000000933      0x2dd Drivers/STM32F3xx_HAL_Driver/Src/stm32f3xx_hal_i2c.o
 .debug_abbrev  0x0000000000000c10      0x255 Drivers/STM32F3xx_HAL_Driver/Src/stm32f3xx_hal_i2c_ex.o
 .debug_abbrev  0x0000000000000e65      0x36d Drivers/STM32F3xx_HAL_Driver/Src/stm32f3xx_hal_pcd.o
 .debug_abbrev  0x00000000000011d2      0x277 Drivers/STM32F3xx_HAL_Driver/Src/stm32f3xx_hal_pcd_ex.o
 .debug_abbrev  0x0000000000001449      0x343 Drivers/STM32F3xx_HAL_Driver/Src/stm32f3xx_hal_rcc.o
 .debug_abbrev  0x000000000000178c      0x334 Drivers/STM32F3xx_HAL_Driver/Src/stm32f3xx_hal_rcc_ex.o
 .debug_abbrev  0x0000000000001ac0      0x2df Drivers/STM32F3xx_HAL_Driver/Src/stm32f3xx_hal_spi.o
 .debug_abbrev  0x0000000000001d9f      0x312 Middlewares/ST/STM32_USB_Device_Library/Class/CDC/Src/usbd_cdc.o
 .debug_abbrev  0x00000000000020b1      0x2c6 Middlewares/ST/STM32_USB_Device_Library/Core/Src/usbd_core.o
 .debug_abbrev  0x0000000000002377      0x327 Middlewares/ST/STM32_USB_Device_Library/Core/Src/usbd_ctlreq.o
 .debug_abbrev  0x000000000000269e      0x213 Middlewares/ST/STM32_USB_Device_Library/Core/Src/usbd_ioreq.o
 .debug_abbrev  0x00000000000028b1      0x229 Src/gpio.o
 .debug_abbrev  0x0000000000002ada      0x256 Src/i2c.o
 .debug_abbrev  0x0000000000002d30      0x26e Src/main.o
 .debug_abbrev  0x0000000000002f9e      0x256 Src/spi.o
 .debug_abbrev  0x00000000000031f4      0x232 Src/stm32f3xx_hal_msp.o
 .debug_abbrev  0x0000000000003426      0x203 Src/stm32f3xx_it.o
 .debug_abbrev  0x0000000000003629      0x205 Src/system_stm32f3xx.o
 .debug_abbrev  0x000000000000382e      0x216 Src/usb_device.o
 .debug_abbrev  0x0000000000003a44      0x2c7 Src/usbd_cdc_if.o
 .debug_abbrev  0x0000000000003d0b      0x30b Src/usbd_conf.o
 .debug_abbrev  0x0000000000004016      0x272 Src/usbd_desc.o
 .debug_abbrev  0x0000000000004288       0x12 startup/startup_stm32f303xc.o

.debug_loc      0x0000000000000000     0xb061
 .debug_loc     0x0000000000000000       0x69 Drivers/STM32F3xx_HAL_Driver/Src/stm32f3xx_hal.o
 .debug_loc     0x0000000000000069      0x5ce Drivers/STM32F3xx_HAL_Driver/Src/stm32f3xx_hal_cortex.o
 .debug_loc     0x0000000000000637      0x331 Drivers/STM32F3xx_HAL_Driver/Src/stm32f3xx_hal_gpio.o
 .debug_loc     0x0000000000000968     0x3aed Drivers/STM32F3xx_HAL_Driver/Src/stm32f3xx_hal_i2c.o
 .debug_loc     0x0000000000004455      0x21c Drivers/STM32F3xx_HAL_Driver/Src/stm32f3xx_hal_i2c_ex.o
 .debug_loc     0x0000000000004671      0xf9f Drivers/STM32F3xx_HAL_Driver/Src/stm32f3xx_hal_pcd.o
 .debug_loc     0x0000000000005610      0x327 Drivers/STM32F3xx_HAL_Driver/Src/stm32f3xx_hal_pcd_ex.o
 .debug_loc     0x0000000000005937      0x908 Drivers/STM32F3xx_HAL_Driver/Src/stm32f3xx_hal_rcc.o
 .debug_loc     0x000000000000623f      0x811 Drivers/STM32F3xx_HAL_Driver/Src/stm32f3xx_hal_rcc_ex.o
 .debug_loc     0x0000000000006a50     0x1b5e Drivers/STM32F3xx_HAL_Driver/Src/stm32f3xx_hal_spi.o
 .debug_loc     0x00000000000085ae      0x4b9 Middlewares/ST/STM32_USB_Device_Library/Class/CDC/Src/usbd_cdc.o
 .debug_loc     0x0000000000008a67      0x71c Middlewares/ST/STM32_USB_Device_Library/Core/Src/usbd_core.o
 .debug_loc     0x0000000000009183      0xb78 Middlewares/ST/STM32_USB_Device_Library/Core/Src/usbd_ctlreq.o
 .debug_loc     0x0000000000009cfb      0x23c Middlewares/ST/STM32_USB_Device_Library/Core/Src/usbd_ioreq.o
 .debug_loc     0x0000000000009f37       0x5b Src/i2c.o
 .debug_loc     0x0000000000009f92       0x5b Src/spi.o
 .debug_loc     0x0000000000009fed       0xff Src/system_stm32f3xx.o
 .debug_loc     0x000000000000a0ec      0x113 Src/usbd_cdc_if.o
 .debug_loc     0x000000000000a1ff      0xbab Src/usbd_conf.o
 .debug_loc     0x000000000000adaa      0x2b7 Src/usbd_desc.o

.debug_aranges  0x0000000000000000      0xd88
 .debug_aranges
                0x0000000000000000       0xc8 Drivers/STM32F3xx_HAL_Driver/Src/stm32f3xx_hal.o
 .debug_aranges
                0x00000000000000c8       0xa8 Drivers/STM32F3xx_HAL_Driver/Src/stm32f3xx_hal_cortex.o
 .debug_aranges
                0x0000000000000170       0x58 Drivers/STM32F3xx_HAL_Driver/Src/stm32f3xx_hal_gpio.o
 .debug_aranges
                0x00000000000001c8      0x260 Drivers/STM32F3xx_HAL_Driver/Src/stm32f3xx_hal_i2c.o
 .debug_aranges
                0x0000000000000428       0x48 Drivers/STM32F3xx_HAL_Driver/Src/stm32f3xx_hal_i2c_ex.o
 .debug_aranges
                0x0000000000000470      0x120 Drivers/STM32F3xx_HAL_Driver/Src/stm32f3xx_hal_pcd.o
 .debug_aranges
                0x0000000000000590       0x38 Drivers/STM32F3xx_HAL_Driver/Src/stm32f3xx_hal_pcd_ex.o
 .debug_aranges
                0x00000000000005c8       0x88 Drivers/STM32F3xx_HAL_Driver/Src/stm32f3xx_hal_rcc.o
 .debug_aranges
                0x0000000000000650       0x38 Drivers/STM32F3xx_HAL_Driver/Src/stm32f3xx_hal_rcc_ex.o
 .debug_aranges
                0x0000000000000688      0x1d8 Drivers/STM32F3xx_HAL_Driver/Src/stm32f3xx_hal_spi.o
 .debug_aranges
                0x0000000000000860       0x90 Middlewares/ST/STM32_USB_Device_Library/Class/CDC/Src/usbd_cdc.o
 .debug_aranges
                0x00000000000008f0       0xb8 Middlewares/ST/STM32_USB_Device_Library/Core/Src/usbd_core.o
 .debug_aranges
                0x00000000000009a8       0x88 Middlewares/ST/STM32_USB_Device_Library/Core/Src/usbd_ctlreq.o
 .debug_aranges
                0x0000000000000a30       0x50 Middlewares/ST/STM32_USB_Device_Library/Core/Src/usbd_ioreq.o
 .debug_aranges
                0x0000000000000a80       0x20 Src/gpio.o
 .debug_aranges
                0x0000000000000aa0       0x30 Src/i2c.o
 .debug_aranges
                0x0000000000000ad0       0x30 Src/main.o
 .debug_aranges
                0x0000000000000b00       0x30 Src/spi.o
 .debug_aranges
                0x0000000000000b30       0x20 Src/stm32f3xx_hal_msp.o
 .debug_aranges
                0x0000000000000b50       0x28 Src/stm32f3xx_it.o
 .debug_aranges
                0x0000000000000b78       0x28 Src/system_stm32f3xx.o
 .debug_aranges
                0x0000000000000ba0       0x20 Src/usb_device.o
 .debug_aranges
                0x0000000000000bc0       0x40 Src/usbd_cdc_if.o
 .debug_aranges
                0x0000000000000c00      0x110 Src/usbd_conf.o
 .debug_aranges
                0x0000000000000d10       0x50 Src/usbd_desc.o
 .debug_aranges
                0x0000000000000d60       0x28 startup/startup_stm32f303xc.o

.debug_ranges   0x0000000000000000      0xd18
 .debug_ranges  0x0000000000000000       0xb8 Drivers/STM32F3xx_HAL_Driver/Src/stm32f3xx_hal.o
 .debug_ranges  0x00000000000000b8       0xf8 Drivers/STM32F3xx_HAL_Driver/Src/stm32f3xx_hal_cortex.o
 .debug_ranges  0x00000000000001b0       0x48 Drivers/STM32F3xx_HAL_Driver/Src/stm32f3xx_hal_gpio.o
 .debug_ranges  0x00000000000001f8      0x250 Drivers/STM32F3xx_HAL_Driver/Src/stm32f3xx_hal_i2c.o
 .debug_ranges  0x0000000000000448       0x38 Drivers/STM32F3xx_HAL_Driver/Src/stm32f3xx_hal_i2c_ex.o
 .debug_ranges  0x0000000000000480      0x1a0 Drivers/STM32F3xx_HAL_Driver/Src/stm32f3xx_hal_pcd.o
 .debug_ranges  0x0000000000000620       0x28 Drivers/STM32F3xx_HAL_Driver/Src/stm32f3xx_hal_pcd_ex.o
 .debug_ranges  0x0000000000000648       0x98 Drivers/STM32F3xx_HAL_Driver/Src/stm32f3xx_hal_rcc.o
 .debug_ranges  0x00000000000006e0       0x40 Drivers/STM32F3xx_HAL_Driver/Src/stm32f3xx_hal_rcc_ex.o
 .debug_ranges  0x0000000000000720      0x1c8 Drivers/STM32F3xx_HAL_Driver/Src/stm32f3xx_hal_spi.o
 .debug_ranges  0x00000000000008e8       0x80 Middlewares/ST/STM32_USB_Device_Library/Class/CDC/Src/usbd_cdc.o
 .debug_ranges  0x0000000000000968       0xa8 Middlewares/ST/STM32_USB_Device_Library/Core/Src/usbd_core.o
 .debug_ranges  0x0000000000000a10       0x78 Middlewares/ST/STM32_USB_Device_Library/Core/Src/usbd_ctlreq.o
 .debug_ranges  0x0000000000000a88       0x40 Middlewares/ST/STM32_USB_Device_Library/Core/Src/usbd_ioreq.o
 .debug_ranges  0x0000000000000ac8       0x10 Src/gpio.o
 .debug_ranges  0x0000000000000ad8       0x20 Src/i2c.o
 .debug_ranges  0x0000000000000af8       0x20 Src/main.o
 .debug_ranges  0x0000000000000b18       0x20 Src/spi.o
 .debug_ranges  0x0000000000000b38       0x10 Src/stm32f3xx_hal_msp.o
 .debug_ranges  0x0000000000000b48       0x18 Src/stm32f3xx_it.o
 .debug_ranges  0x0000000000000b60       0x18 Src/system_stm32f3xx.o
 .debug_ranges  0x0000000000000b78       0x10 Src/usb_device.o
 .debug_ranges  0x0000000000000b88       0x30 Src/usbd_cdc_if.o
 .debug_ranges  0x0000000000000bb8      0x100 Src/usbd_conf.o
 .debug_ranges  0x0000000000000cb8       0x40 Src/usbd_desc.o
 .debug_ranges  0x0000000000000cf8       0x20 startup/startup_stm32f303xc.o

.debug_macro    0x0000000000000000    0x1d542
 .debug_macro   0x0000000000000000      0x33f Drivers/STM32F3xx_HAL_Driver/Src/stm32f3xx_hal.o
 .debug_macro   0x000000000000033f      0x8bc Drivers/STM32F3xx_HAL_Driver/Src/stm32f3xx_hal.o
 .debug_macro   0x0000000000000bfb      0x16d Drivers/STM32F3xx_HAL_Driver/Src/stm32f3xx_hal.o
 .debug_macro   0x0000000000000d68       0xa5 Drivers/STM32F3xx_HAL_Driver/Src/stm32f3xx_hal.o
 .debug_macro   0x0000000000000e0d       0x2f Drivers/STM32F3xx_HAL_Driver/Src/stm32f3xx_hal.o
 .debug_macro   0x0000000000000e3c       0x28 Drivers/STM32F3xx_HAL_Driver/Src/stm32f3xx_hal.o
 .debug_macro   0x0000000000000e64       0x22 Drivers/STM32F3xx_HAL_Driver/Src/stm32f3xx_hal.o
 .debug_macro   0x0000000000000e86       0x87 Drivers/STM32F3xx_HAL_Driver/Src/stm32f3xx_hal.o
 .debug_macro   0x0000000000000f0d       0x51 Drivers/STM32F3xx_HAL_Driver/Src/stm32f3xx_hal.o
 .debug_macro   0x0000000000000f5e       0xef Drivers/STM32F3xx_HAL_Driver/Src/stm32f3xx_hal.o
 .debug_macro   0x000000000000104d       0x6a Drivers/STM32F3xx_HAL_Driver/Src/stm32f3xx_hal.o
 .debug_macro   0x00000000000010b7      0x1df Drivers/STM32F3xx_HAL_Driver/Src/stm32f3xx_hal.o
 .debug_macro   0x0000000000001296       0x35 Drivers/STM32F3xx_HAL_Driver/Src/stm32f3xx_hal.o
 .debug_macro   0x00000000000012cb       0x50 Drivers/STM32F3xx_HAL_Driver/Src/stm32f3xx_hal.o
 .debug_macro   0x000000000000131b      0xe66 Drivers/STM32F3xx_HAL_Driver/Src/stm32f3xx_hal.o
 .debug_macro   0x0000000000002181    0x12a56 Drivers/STM32F3xx_HAL_Driver/Src/stm32f3xx_hal.o
 .debug_macro   0x0000000000014bd7       0x43 Drivers/STM32F3xx_HAL_Driver/Src/stm32f3xx_hal.o
 .debug_macro   0x0000000000014c1a       0x58 Drivers/STM32F3xx_HAL_Driver/Src/stm32f3xx_hal.o
 .debug_macro   0x0000000000014c72       0x35 Drivers/STM32F3xx_HAL_Driver/Src/stm32f3xx_hal.o
 .debug_macro   0x0000000000014ca7       0x9c Drivers/STM32F3xx_HAL_Driver/Src/stm32f3xx_hal.o
 .debug_macro   0x0000000000014d43       0x16 Drivers/STM32F3xx_HAL_Driver/Src/stm32f3xx_hal.o
 .debug_macro   0x0000000000014d59       0x97 Drivers/STM32F3xx_HAL_Driver/Src/stm32f3xx_hal.o
 .debug_macro   0x0000000000014df0      0x330 Drivers/STM32F3xx_HAL_Driver/Src/stm32f3xx_hal.o
 .debug_macro   0x0000000000015120       0xfd Drivers/STM32F3xx_HAL_Driver/Src/stm32f3xx_hal.o
 .debug_macro   0x000000000001521d       0x10 Drivers/STM32F3xx_HAL_Driver/Src/stm32f3xx_hal.o
 .debug_macro   0x000000000001522d       0x58 Drivers/STM32F3xx_HAL_Driver/Src/stm32f3xx_hal.o
 .debug_macro   0x0000000000015285       0x1f Drivers/STM32F3xx_HAL_Driver/Src/stm32f3xx_hal.o
 .debug_macro   0x00000000000152a4       0x43 Drivers/STM32F3xx_HAL_Driver/Src/stm32f3xx_hal.o
 .debug_macro   0x00000000000152e7       0x20 Drivers/STM32F3xx_HAL_Driver/Src/stm32f3xx_hal.o
 .debug_macro   0x0000000000015307      0x187 Drivers/STM32F3xx_HAL_Driver/Src/stm32f3xx_hal.o
 .debug_macro   0x000000000001548e       0x10 Drivers/STM32F3xx_HAL_Driver/Src/stm32f3xx_hal.o
 .debug_macro   0x000000000001549e       0x1c Drivers/STM32F3xx_HAL_Driver/Src/stm32f3xx_hal.o
 .debug_macro   0x00000000000154ba       0x52 Drivers/STM32F3xx_HAL_Driver/Src/stm32f3xx_hal.o
 .debug_macro   0x000000000001550c       0x40 Drivers/STM32F3xx_HAL_Driver/Src/stm32f3xx_hal.o
 .debug_macro   0x000000000001554c       0x10 Drivers/STM32F3xx_HAL_Driver/Src/stm32f3xx_hal.o
 .debug_macro   0x000000000001555c       0x40 Drivers/STM32F3xx_HAL_Driver/Src/stm32f3xx_hal.o
 .debug_macro   0x000000000001559c       0xd7 Drivers/STM32F3xx_HAL_Driver/Src/stm32f3xx_hal.o
 .debug_macro   0x0000000000015673       0x16 Drivers/STM32F3xx_HAL_Driver/Src/stm32f3xx_hal.o
 .debug_macro   0x0000000000015689      0x18b Drivers/STM32F3xx_HAL_Driver/Src/stm32f3xx_hal.o
 .debug_macro   0x0000000000015814       0x49 Drivers/STM32F3xx_HAL_Driver/Src/stm32f3xx_hal.o
 .debug_macro   0x000000000001585d      0x968 Drivers/STM32F3xx_HAL_Driver/Src/stm32f3xx_hal.o
 .debug_macro   0x00000000000161c5      0x5fe Drivers/STM32F3xx_HAL_Driver/Src/stm32f3xx_hal.o
 .debug_macro   0x00000000000167c3      0x13a Drivers/STM32F3xx_HAL_Driver/Src/stm32f3xx_hal.o
 .debug_macro   0x00000000000168fd      0x1fb Drivers/STM32F3xx_HAL_Driver/Src/stm32f3xx_hal.o
 .debug_macro   0x0000000000016af8      0x1bc Drivers/STM32F3xx_HAL_Driver/Src/stm32f3xx_hal.o
 .debug_macro   0x0000000000016cb4       0x31 Drivers/STM32F3xx_HAL_Driver/Src/stm32f3xx_hal.o
 .debug_macro   0x0000000000016ce5       0x3c Drivers/STM32F3xx_HAL_Driver/Src/stm32f3xx_hal.o
 .debug_macro   0x0000000000016d21      0x23a Drivers/STM32F3xx_HAL_Driver/Src/stm32f3xx_hal.o
 .debug_macro   0x0000000000016f5b       0xcb Drivers/STM32F3xx_HAL_Driver/Src/stm32f3xx_hal.o
 .debug_macro   0x0000000000017026      0x22b Drivers/STM32F3xx_HAL_Driver/Src/stm32f3xx_hal.o
 .debug_macro   0x0000000000017251      0x202 Drivers/STM32F3xx_HAL_Driver/Src/stm32f3xx_hal.o
 .debug_macro   0x0000000000017453       0x5b Drivers/STM32F3xx_HAL_Driver/Src/stm32f3xx_hal.o
 .debug_macro   0x00000000000174ae       0x90 Drivers/STM32F3xx_HAL_Driver/Src/stm32f3xx_hal.o
 .debug_macro   0x000000000001753e       0x28 Drivers/STM32F3xx_HAL_Driver/Src/stm32f3xx_hal.o
 .debug_macro   0x0000000000017566      0x265 Drivers/STM32F3xx_HAL_Driver/Src/stm32f3xx_hal.o
 .debug_macro   0x00000000000177cb       0x82 Drivers/STM32F3xx_HAL_Driver/Src/stm32f3xx_hal.o
 .debug_macro   0x000000000001784d       0xd3 Drivers/STM32F3xx_HAL_Driver/Src/stm32f3xx_hal.o
 .debug_macro   0x0000000000017920      0x2e9 Drivers/STM32F3xx_HAL_Driver/Src/stm32f3xx_hal.o
 .debug_macro   0x0000000000017c09      0x26e Drivers/STM32F3xx_HAL_Driver/Src/stm32f3xx_hal.o
 .debug_macro   0x0000000000017e77      0x31b Drivers/STM32F3xx_HAL_Driver/Src/stm32f3xx_hal_cortex.o
 .debug_macro   0x0000000000018192      0x353 Drivers/STM32F3xx_HAL_Driver/Src/stm32f3xx_hal_gpio.o
 .debug_macro   0x00000000000184e5      0x3e7 Drivers/STM32F3xx_HAL_Driver/Src/stm32f3xx_hal_i2c.o
 .debug_macro   0x00000000000188cc      0x31b Drivers/STM32F3xx_HAL_Driver/Src/stm32f3xx_hal_i2c_ex.o
 .debug_macro   0x0000000000018be7      0x321 Drivers/STM32F3xx_HAL_Driver/Src/stm32f3xx_hal_pcd.o
 .debug_macro   0x0000000000018f08      0x31b Drivers/STM32F3xx_HAL_Driver/Src/stm32f3xx_hal_pcd_ex.o
 .debug_macro   0x0000000000019223      0x33f Drivers/STM32F3xx_HAL_Driver/Src/stm32f3xx_hal_rcc.o
 .debug_macro   0x0000000000019562      0x31b Drivers/STM32F3xx_HAL_Driver/Src/stm32f3xx_hal_rcc_ex.o
 .debug_macro   0x000000000001987d      0x323 Drivers/STM32F3xx_HAL_Driver/Src/stm32f3xx_hal_spi.o
 .debug_macro   0x0000000000019ba0      0x3d1 Middlewares/ST/STM32_USB_Device_Library/Class/CDC/Src/usbd_cdc.o
 .debug_macro   0x0000000000019f71       0x52 Middlewares/ST/STM32_USB_Device_Library/Class/CDC/Src/usbd_cdc.o
 .debug_macro   0x0000000000019fc3       0x8d Middlewares/ST/STM32_USB_Device_Library/Class/CDC/Src/usbd_cdc.o
 .debug_macro   0x000000000001a050       0x57 Middlewares/ST/STM32_USB_Device_Library/Class/CDC/Src/usbd_cdc.o
 .debug_macro   0x000000000001a0a7       0x16 Middlewares/ST/STM32_USB_Device_Library/Class/CDC/Src/usbd_cdc.o
 .debug_macro   0x000000000001a0bd       0x35 Middlewares/ST/STM32_USB_Device_Library/Class/CDC/Src/usbd_cdc.o
 .debug_macro   0x000000000001a0f2       0x16 Middlewares/ST/STM32_USB_Device_Library/Class/CDC/Src/usbd_cdc.o
 .debug_macro   0x000000000001a108       0x29 Middlewares/ST/STM32_USB_Device_Library/Class/CDC/Src/usbd_cdc.o
 .debug_macro   0x000000000001a131       0x16 Middlewares/ST/STM32_USB_Device_Library/Class/CDC/Src/usbd_cdc.o
 .debug_macro   0x000000000001a147       0x64 Middlewares/ST/STM32_USB_Device_Library/Class/CDC/Src/usbd_cdc.o
 .debug_macro   0x000000000001a1ab      0x1c3 Middlewares/ST/STM32_USB_Device_Library/Class/CDC/Src/usbd_cdc.o
 .debug_macro   0x000000000001a36e       0x83 Middlewares/ST/STM32_USB_Device_Library/Class/CDC/Src/usbd_cdc.o
 .debug_macro   0x000000000001a3f1      0x3b8 Middlewares/ST/STM32_USB_Device_Library/Core/Src/usbd_core.o
 .debug_macro   0x000000000001a7a9      0x3b8 Middlewares/ST/STM32_USB_Device_Library/Core/Src/usbd_ctlreq.o
 .debug_macro   0x000000000001ab61      0x3b4 Middlewares/ST/STM32_USB_Device_Library/Core/Src/usbd_ioreq.o
 .debug_macro   0x000000000001af15      0x325 Src/gpio.o
 .debug_macro   0x000000000001b23a      0x32f Src/i2c.o
 .debug_macro   0x000000000001b569      0x3be Src/main.o
 .debug_macro   0x000000000001b927      0x32f Src/spi.o
 .debug_macro   0x000000000001bc56      0x31b Src/stm32f3xx_hal_msp.o
 .debug_macro   0x000000000001bf71      0x325 Src/stm32f3xx_it.o
 .debug_macro   0x000000000001c296      0x321 Src/system_stm32f3xx.o
 .debug_macro   0x000000000001c5b7      0x3ef Src/usb_device.o
 .debug_macro   0x000000000001c9a6      0x3d9 Src/usbd_cdc_if.o
 .debug_macro   0x000000000001cd7f      0x3d1 Src/usbd_conf.o
 .debug_macro   0x000000000001d150      0x3f2 Src/usbd_desc.o

.debug_line     0x0000000000000000    0x10ace
 .debug_line    0x0000000000000000      0x968 Drivers/STM32F3xx_HAL_Driver/Src/stm32f3xx_hal.o
 .debug_line    0x0000000000000968      0x9db Drivers/STM32F3xx_HAL_Driver/Src/stm32f3xx_hal_cortex.o
 .debug_line    0x0000000000001343      0x93a Drivers/STM32F3xx_HAL_Driver/Src/stm32f3xx_hal_gpio.o
 .debug_line    0x0000000000001c7d     0x1962 Drivers/STM32F3xx_HAL_Driver/Src/stm32f3xx_hal_i2c.o
 .debug_line    0x00000000000035df      0x937 Drivers/STM32F3xx_HAL_Driver/Src/stm32f3xx_hal_i2c_ex.o
 .debug_line    0x0000000000003f16      0xd84 Drivers/STM32F3xx_HAL_Driver/Src/stm32f3xx_hal_pcd.o
 .debug_line    0x0000000000004c9a      0x87a Drivers/STM32F3xx_HAL_Driver/Src/stm32f3xx_hal_pcd_ex.o
 .debug_line    0x0000000000005514      0xc93 Drivers/STM32F3xx_HAL_Driver/Src/stm32f3xx_hal_rcc.o
 .debug_line    0x00000000000061a7      0xa71 Drivers/STM32F3xx_HAL_Driver/Src/stm32f3xx_hal_rcc_ex.o
 .debug_line    0x0000000000006c18     0x1302 Drivers/STM32F3xx_HAL_Driver/Src/stm32f3xx_hal_spi.o
 .debug_line    0x0000000000007f1a      0xaed Middlewares/ST/STM32_USB_Device_Library/Class/CDC/Src/usbd_cdc.o
 .debug_line    0x0000000000008a07      0xadc Middlewares/ST/STM32_USB_Device_Library/Core/Src/usbd_core.o
 .debug_line    0x00000000000094e3      0xaf1 Middlewares/ST/STM32_USB_Device_Library/Core/Src/usbd_ctlreq.o
 .debug_line    0x0000000000009fd4      0x967 Middlewares/ST/STM32_USB_Device_Library/Core/Src/usbd_ioreq.o
 .debug_line    0x000000000000a93b      0x7e2 Src/gpio.o
 .debug_line    0x000000000000b11d      0x817 Src/i2c.o
 .debug_line    0x000000000000b934      0x906 Src/main.o
 .debug_line    0x000000000000c23a      0x816 Src/spi.o
 .debug_line    0x000000000000ca50      0x7da Src/stm32f3xx_hal_msp.o
 .debug_line    0x000000000000d22a      0x7f0 Src/stm32f3xx_it.o
 .debug_line    0x000000000000da1a      0x804 Src/system_stm32f3xx.o
 .debug_line    0x000000000000e21e      0x96f Src/usb_device.o
 .debug_line    0x000000000000eb8d      0x99e Src/usbd_cdc_if.o
 .debug_line    0x000000000000f52b      0xbd4 Src/usbd_conf.o
 .debug_line    0x00000000000100ff      0x950 Src/usbd_desc.o
 .debug_line    0x0000000000010a4f       0x7f startup/startup_stm32f303xc.o

.debug_str      0x0000000000000000    0x924d2
 .debug_str     0x0000000000000000    0x8dba6 Drivers/STM32F3xx_HAL_Driver/Src/stm32f3xx_hal.o
                                      0x8df1f (size before relaxing)
 .debug_str     0x000000000008dba6      0x3f0 Drivers/STM32F3xx_HAL_Driver/Src/stm32f3xx_hal_cortex.o
                                      0x8e014 (size before relaxing)
 .debug_str     0x000000000008df96      0x2b3 Drivers/STM32F3xx_HAL_Driver/Src/stm32f3xx_hal_gpio.o
                                      0x8d9ec (size before relaxing)
 .debug_str     0x000000000008e249     0x11b1 Drivers/STM32F3xx_HAL_Driver/Src/stm32f3xx_hal_i2c.o
                                      0x8e912 (size before relaxing)
 .debug_str     0x000000000008f3fa       0xf3 Drivers/STM32F3xx_HAL_Driver/Src/stm32f3xx_hal_i2c_ex.o
                                      0x8dcb7 (size before relaxing)
 .debug_str     0x000000000008f4ed      0x600 Drivers/STM32F3xx_HAL_Driver/Src/stm32f3xx_hal_pcd.o
                                      0x8dd5e (size before relaxing)
 .debug_str     0x000000000008faed       0x8c Drivers/STM32F3xx_HAL_Driver/Src/stm32f3xx_hal_pcd_ex.o
                                      0x8da46 (size before relaxing)
 .debug_str     0x000000000008fb79      0x402 Drivers/STM32F3xx_HAL_Driver/Src/stm32f3xx_hal_rcc.o
                                      0x8dbf6 (size before relaxing)
 .debug_str     0x000000000008ff7b      0x22f Drivers/STM32F3xx_HAL_Driver/Src/stm32f3xx_hal_rcc_ex.o
                                      0x8da00 (size before relaxing)
 .debug_str     0x00000000000901aa      0x72f Drivers/STM32F3xx_HAL_Driver/Src/stm32f3xx_hal_spi.o
                                      0x8e05d (size before relaxing)
 .debug_str     0x00000000000908d9     0x12c2 Middlewares/ST/STM32_USB_Device_Library/Class/CDC/Src/usbd_cdc.o
                                      0x8ea4b (size before relaxing)
 .debug_str     0x0000000000091b9b      0x29b Middlewares/ST/STM32_USB_Device_Library/Core/Src/usbd_core.o
                                      0x8e70c (size before relaxing)
 .debug_str     0x0000000000091e36      0x12e Middlewares/ST/STM32_USB_Device_Library/Core/Src/usbd_ctlreq.o
                                      0x8e626 (size before relaxing)
 .debug_str     0x0000000000091f64       0x51 Middlewares/ST/STM32_USB_Device_Library/Core/Src/usbd_ioreq.o
                                      0x8e553 (size before relaxing)
 .debug_str     0x0000000000091fb5       0x35 Src/gpio.o
                                      0x8d7ac (size before relaxing)
 .debug_str     0x0000000000091fea       0x42 Src/i2c.o
                                      0x8dcc4 (size before relaxing)
 .debug_str     0x000000000009202c       0x75 Src/main.o
                                      0x8f29a (size before relaxing)
 .debug_str     0x00000000000920a1       0x17 Src/spi.o
                                      0x8dbd3 (size before relaxing)
 .debug_str     0x00000000000920b8       0x1b Src/stm32f3xx_hal_msp.o
                                      0x8db55 (size before relaxing)
 .debug_str     0x00000000000920d3       0x44 Src/stm32f3xx_it.o
                                      0x8d9c8 (size before relaxing)
 .debug_str     0x0000000000092117       0x64 Src/system_stm32f3xx.o
                                      0x8d78f (size before relaxing)
 .debug_str     0x000000000009217b       0x3e Src/usb_device.o
                                      0x8e7c3 (size before relaxing)
 .debug_str     0x00000000000921b9       0xa7 Src/usbd_cdc_if.o
                                      0x8e8c4 (size before relaxing)
 .debug_str     0x0000000000092260       0x51 Src/usbd_conf.o
                                      0x8f45f (size before relaxing)
 .debug_str     0x00000000000922b1      0x221 Src/usbd_desc.o
                                      0x8e3ec (size before relaxing)

.comment        0x0000000000000000       0x7f
 .comment       0x0000000000000000       0x7f Drivers/STM32F3xx_HAL_Driver/Src/stm32f3xx_hal.o
                                         0x80 (size before relaxing)
 .comment       0x000000000000007f       0x80 Drivers/STM32F3xx_HAL_Driver/Src/stm32f3xx_hal_cortex.o
 .comment       0x000000000000007f       0x80 Drivers/STM32F3xx_HAL_Driver/Src/stm32f3xx_hal_gpio.o
 .comment       0x000000000000007f       0x80 Drivers/STM32F3xx_HAL_Driver/Src/stm32f3xx_hal_i2c.o
 .comment       0x000000000000007f       0x80 Drivers/STM32F3xx_HAL_Driver/Src/stm32f3xx_hal_i2c_ex.o
 .comment       0x000000000000007f       0x80 Drivers/STM32F3xx_HAL_Driver/Src/stm32f3xx_hal_pcd.o
 .comment       0x000000000000007f       0x80 Drivers/STM32F3xx_HAL_Driver/Src/stm32f3xx_hal_pcd_ex.o
 .comment       0x000000000000007f       0x80 Drivers/STM32F3xx_HAL_Driver/Src/stm32f3xx_hal_rcc.o
 .comment       0x000000000000007f       0x80 Drivers/STM32F3xx_HAL_Driver/Src/stm32f3xx_hal_rcc_ex.o
 .comment       0x000000000000007f       0x80 Drivers/STM32F3xx_HAL_Driver/Src/stm32f3xx_hal_spi.o
 .comment       0x000000000000007f       0x80 Middlewares/ST/STM32_USB_Device_Library/Class/CDC/Src/usbd_cdc.o
 .comment       0x000000000000007f       0x80 Middlewares/ST/STM32_USB_Device_Library/Core/Src/usbd_core.o
 .comment       0x000000000000007f       0x80 Middlewares/ST/STM32_USB_Device_Library/Core/Src/usbd_ctlreq.o
 .comment       0x000000000000007f       0x80 Middlewares/ST/STM32_USB_Device_Library/Core/Src/usbd_ioreq.o
 .comment       0x000000000000007f       0x80 Src/gpio.o
 .comment       0x000000000000007f       0x80 Src/i2c.o
 .comment       0x000000000000007f       0x80 Src/main.o
 .comment       0x000000000000007f       0x80 Src/spi.o
 .comment       0x000000000000007f       0x80 Src/stm32f3xx_hal_msp.o
 .comment       0x000000000000007f       0x80 Src/stm32f3xx_it.o
 .comment       0x000000000000007f       0x80 Src/system_stm32f3xx.o
 .comment       0x000000000000007f       0x80 Src/usb_device.o
 .comment       0x000000000000007f       0x80 Src/usbd_cdc_if.o
 .comment       0x000000000000007f       0x80 Src/usbd_conf.o
 .comment       0x000000000000007f       0x80 Src/usbd_desc.o

.debug_frame    0x0000000000000000     0x229c
 .debug_frame   0x0000000000000000      0x198 Drivers/STM32F3xx_HAL_Driver/Src/stm32f3xx_hal.o
 .debug_frame   0x0000000000000198      0x15c Drivers/STM32F3xx_HAL_Driver/Src/stm32f3xx_hal_cortex.o
 .debug_frame   0x00000000000002f4       0xd0 Drivers/STM32F3xx_HAL_Driver/Src/stm32f3xx_hal_gpio.o
 .debug_frame   0x00000000000003c4      0x81c Drivers/STM32F3xx_HAL_Driver/Src/stm32f3xx_hal_i2c.o
 .debug_frame   0x0000000000000be0       0x80 Drivers/STM32F3xx_HAL_Driver/Src/stm32f3xx_hal_i2c_ex.o
 .debug_frame   0x0000000000000c60      0x2d8 Drivers/STM32F3xx_HAL_Driver/Src/stm32f3xx_hal_pcd.o
 .debug_frame   0x0000000000000f38       0x78 Drivers/STM32F3xx_HAL_Driver/Src/stm32f3xx_hal_pcd_ex.o
 .debug_frame   0x0000000000000fb0      0x14c Drivers/STM32F3xx_HAL_Driver/Src/stm32f3xx_hal_rcc.o
 .debug_frame   0x00000000000010fc       0x7c Drivers/STM32F3xx_HAL_Driver/Src/stm32f3xx_hal_rcc_ex.o
 .debug_frame   0x0000000000001178      0x5b8 Drivers/STM32F3xx_HAL_Driver/Src/stm32f3xx_hal_spi.o
 .debug_frame   0x0000000000001730      0x14c Middlewares/ST/STM32_USB_Device_Library/Class/CDC/Src/usbd_cdc.o
 .debug_frame   0x000000000000187c      0x1bc Middlewares/ST/STM32_USB_Device_Library/Core/Src/usbd_core.o
 .debug_frame   0x0000000000001a38      0x178 Middlewares/ST/STM32_USB_Device_Library/Core/Src/usbd_ctlreq.o
 .debug_frame   0x0000000000001bb0       0xb8 Middlewares/ST/STM32_USB_Device_Library/Core/Src/usbd_ioreq.o
 .debug_frame   0x0000000000001c68       0x34 Src/gpio.o
 .debug_frame   0x0000000000001c9c       0x5c Src/i2c.o
 .debug_frame   0x0000000000001cf8       0x58 Src/main.o
 .debug_frame   0x0000000000001d50       0x5c Src/spi.o
 .debug_frame   0x0000000000001dac       0x2c Src/stm32f3xx_hal_msp.o
 .debug_frame   0x0000000000001dd8       0x40 Src/stm32f3xx_it.o
 .debug_frame   0x0000000000001e18       0x30 Src/system_stm32f3xx.o
 .debug_frame   0x0000000000001e48       0x28 Src/usb_device.o
 .debug_frame   0x0000000000001e70       0x78 Src/usbd_cdc_if.o
 .debug_frame   0x0000000000001ee8      0x2e0 Src/usbd_conf.o
 .debug_frame   0x00000000000021c8       0xa8 Src/usbd_desc.o
 .debug_frame   0x0000000000002270       0x2c /home/ulf/mybin/Ac6/SystemWorkbench/plugins/fr.ac6.mcu.externaltools.arm-none.linux64_1.15.0.201708311556/tools/compiler/bin/../lib/gcc/arm-none-eabi/6.3.1/../../../../arm-none-eabi/lib/thumb/v7e-m/fpv4-sp/hard/libc_nano.a(lib_a-init.o)
