Archive member included to satisfy reference by file (symbol)

c:/ac6/systemworkbench/plugins/fr.ac6.mcu.externaltools.arm-none.win32_1.15.0.201708311556/tools/compiler/bin/../lib/gcc/arm-none-eabi/6.3.1/thumb/v7e-m/fpv4-sp/hard\libgcc.a(_arm_addsubdf3.o)
                              Src/test_packetSending.o (__aeabi_i2d)
c:/ac6/systemworkbench/plugins/fr.ac6.mcu.externaltools.arm-none.win32_1.15.0.201708311556/tools/compiler/bin/../lib/gcc/arm-none-eabi/6.3.1/thumb/v7e-m/fpv4-sp/hard\libgcc.a(_arm_muldivdf3.o)
                              Src/test_packetSending.o (__aeabi_dmul)
c:/ac6/systemworkbench/plugins/fr.ac6.mcu.externaltools.arm-none.win32_1.15.0.201708311556/tools/compiler/bin/../lib/gcc/arm-none-eabi/6.3.1/thumb/v7e-m/fpv4-sp/hard\libgcc.a(_arm_fixdfsi.o)
                              Src/test_packetSending.o (__aeabi_d2iz)
c:/ac6/systemworkbench/plugins/fr.ac6.mcu.externaltools.arm-none.win32_1.15.0.201708311556/tools/compiler/bin/../lib/gcc/arm-none-eabi/6.3.1/thumb/v7e-m/fpv4-sp/hard\libgcc.a(_arm_fixunsdfsi.o)
                              Src/test_packetSending.o (__aeabi_d2uiz)
c:/ac6/systemworkbench/plugins/fr.ac6.mcu.externaltools.arm-none.win32_1.15.0.201708311556/tools/compiler/bin/../lib/gcc/arm-none-eabi/6.3.1/../../../../arm-none-eabi/lib/thumb/v7e-m/fpv4-sp/hard\libc_nano.a(lib_a-exit.o)
                              c:/ac6/systemworkbench/plugins/fr.ac6.mcu.externaltools.arm-none.win32_1.15.0.201708311556/tools/compiler/bin/../lib/gcc/arm-none-eabi/6.3.1/../../../../arm-none-eabi/lib/thumb/v7e-m/fpv4-sp/hard/crt0.o (exit)
c:/ac6/systemworkbench/plugins/fr.ac6.mcu.externaltools.arm-none.win32_1.15.0.201708311556/tools/compiler/bin/../lib/gcc/arm-none-eabi/6.3.1/../../../../arm-none-eabi/lib/thumb/v7e-m/fpv4-sp/hard\libc_nano.a(lib_a-impure.o)
                              c:/ac6/systemworkbench/plugins/fr.ac6.mcu.externaltools.arm-none.win32_1.15.0.201708311556/tools/compiler/bin/../lib/gcc/arm-none-eabi/6.3.1/../../../../arm-none-eabi/lib/thumb/v7e-m/fpv4-sp/hard\libc_nano.a(lib_a-exit.o) (_global_impure_ptr)
c:/ac6/systemworkbench/plugins/fr.ac6.mcu.externaltools.arm-none.win32_1.15.0.201708311556/tools/compiler/bin/../lib/gcc/arm-none-eabi/6.3.1/../../../../arm-none-eabi/lib/thumb/v7e-m/fpv4-sp/hard\libc_nano.a(lib_a-init.o)
                              c:/ac6/systemworkbench/plugins/fr.ac6.mcu.externaltools.arm-none.win32_1.15.0.201708311556/tools/compiler/bin/../lib/gcc/arm-none-eabi/6.3.1/../../../../arm-none-eabi/lib/thumb/v7e-m/fpv4-sp/hard/crt0.o (__libc_init_array)
c:/ac6/systemworkbench/plugins/fr.ac6.mcu.externaltools.arm-none.win32_1.15.0.201708311556/tools/compiler/bin/../lib/gcc/arm-none-eabi/6.3.1/../../../../arm-none-eabi/lib/thumb/v7e-m/fpv4-sp/hard\libc_nano.a(lib_a-memcpy-stub.o)
                              Src/TextOut.o (memcpy)
c:/ac6/systemworkbench/plugins/fr.ac6.mcu.externaltools.arm-none.win32_1.15.0.201708311556/tools/compiler/bin/../lib/gcc/arm-none-eabi/6.3.1/../../../../arm-none-eabi/lib/thumb/v7e-m/fpv4-sp/hard\libc_nano.a(lib_a-memset.o)
                              c:/ac6/systemworkbench/plugins/fr.ac6.mcu.externaltools.arm-none.win32_1.15.0.201708311556/tools/compiler/bin/../lib/gcc/arm-none-eabi/6.3.1/../../../../arm-none-eabi/lib/thumb/v7e-m/fpv4-sp/hard/crt0.o (memset)
c:/ac6/systemworkbench/plugins/fr.ac6.mcu.externaltools.arm-none.win32_1.15.0.201708311556/tools/compiler/bin/../lib/gcc/arm-none-eabi/6.3.1/../../../../arm-none-eabi/lib/thumb/v7e-m/fpv4-sp/hard\libc_nano.a(lib_a-sprintf.o)
                              Src/basestationNRF24.o (sprintf)
c:/ac6/systemworkbench/plugins/fr.ac6.mcu.externaltools.arm-none.win32_1.15.0.201708311556/tools/compiler/bin/../lib/gcc/arm-none-eabi/6.3.1/../../../../arm-none-eabi/lib/thumb/v7e-m/fpv4-sp/hard\libc_nano.a(lib_a-strchr.o)
                              Src/TextOut.o (strchr)
c:/ac6/systemworkbench/plugins/fr.ac6.mcu.externaltools.arm-none.win32_1.15.0.201708311556/tools/compiler/bin/../lib/gcc/arm-none-eabi/6.3.1/../../../../arm-none-eabi/lib/thumb/v7e-m/fpv4-sp/hard\libc_nano.a(lib_a-strlen.o)
                              Src/TextOut.o (strlen)
c:/ac6/systemworkbench/plugins/fr.ac6.mcu.externaltools.arm-none.win32_1.15.0.201708311556/tools/compiler/bin/../lib/gcc/arm-none-eabi/6.3.1/../../../../arm-none-eabi/lib/thumb/v7e-m/fpv4-sp/hard\libc_nano.a(lib_a-nano-svfprintf.o)
                              c:/ac6/systemworkbench/plugins/fr.ac6.mcu.externaltools.arm-none.win32_1.15.0.201708311556/tools/compiler/bin/../lib/gcc/arm-none-eabi/6.3.1/../../../../arm-none-eabi/lib/thumb/v7e-m/fpv4-sp/hard\libc_nano.a(lib_a-sprintf.o) (_svfprintf_r)
c:/ac6/systemworkbench/plugins/fr.ac6.mcu.externaltools.arm-none.win32_1.15.0.201708311556/tools/compiler/bin/../lib/gcc/arm-none-eabi/6.3.1/../../../../arm-none-eabi/lib/thumb/v7e-m/fpv4-sp/hard\libc_nano.a(lib_a-nano-vfprintf_i.o)
[...]
Memory Configuration

Name             Origin             Length             Attributes
RAM              0x20000000         0x0000a000         xrw
CCMRAM           0x10000000         0x00002000         rw
FLASH            0x08000000         0x00040000         xr
*default*        0x00000000         0xffffffff

Linker script and memory map

LOAD c:/ac6/systemworkbench/plugins/fr.ac6.mcu.externaltools.arm-none.win32_1.15.0.201708311556/tools/compiler/bin/../lib/gcc/arm-none-eabi/6.3.1/thumb/v7e-m/fpv4-sp/hard/crti.o
LOAD c:/ac6/systemworkbench/plugins/fr.ac6.mcu.externaltools.arm-none.win32_1.15.0.201708311556/tools/compiler/bin/../lib/gcc/arm-none-eabi/6.3.1/thumb/v7e-m/fpv4-sp/hard/crtbegin.o
LOAD c:/ac6/systemworkbench/plugins/fr.ac6.mcu.externaltools.arm-none.win32_1.15.0.201708311556/tools/compiler/bin/../lib/gcc/arm-none-eabi/6.3.1/../../../../arm-none-eabi/lib/thumb/v7e-m/fpv4-sp/hard/crt0.o
LOAD Drivers/STM32F3xx_HAL_Driver/Src/stm32f3xx_hal.o
LOAD Drivers/STM32F3xx_HAL_Driver/Src/stm32f3xx_hal_cortex.o
LOAD Drivers/STM32F3xx_HAL_Driver/Src/stm32f3xx_hal_dma.o
LOAD Drivers/STM32F3xx_HAL_Driver/Src/stm32f3xx_hal_flash.o
LOAD Drivers/STM32F3xx_HAL_Driver/Src/stm32f3xx_hal_flash_ex.o
LOAD Drivers/STM32F3xx_HAL_Driver/Src/stm32f3xx_hal_gpio.o
LOAD Drivers/STM32F3xx_HAL_Driver/Src/stm32f3xx_hal_i2c.o
LOAD Drivers/STM32F3xx_HAL_Driver/Src/stm32f3xx_hal_i2c_ex.o
LOAD Drivers/STM32F3xx_HAL_Driver/Src/stm32f3xx_hal_pcd.o
LOAD Drivers/STM32F3xx_HAL_Driver/Src/stm32f3xx_hal_pcd_ex.o
LOAD Drivers/STM32F3xx_HAL_Driver/Src/stm32f3xx_hal_pwr.o
LOAD Drivers/STM32F3xx_HAL_Driver/Src/stm32f3xx_hal_pwr_ex.o
LOAD Drivers/STM32F3xx_HAL_Driver/Src/stm32f3xx_hal_rcc.o
LOAD Drivers/STM32F3xx_HAL_Driver/Src/stm32f3xx_hal_rcc_ex.o
LOAD Drivers/STM32F3xx_HAL_Driver/Src/stm32f3xx_hal_spi.o
LOAD Drivers/STM32F3xx_HAL_Driver/Src/stm32f3xx_hal_spi_ex.o
LOAD Drivers/STM32F3xx_HAL_Driver/Src/stm32f3xx_hal_tim.o
LOAD Drivers/STM32F3xx_HAL_Driver/Src/stm32f3xx_hal_tim_ex.o
LOAD Middlewares/ST/STM32_USB_Device_Library/Class/CDC/Src/usbd_cdc.o
LOAD Middlewares/ST/STM32_USB_Device_Library/Core/Src/usbd_core.o
LOAD Middlewares/ST/STM32_USB_Device_Library/Core/Src/usbd_ctlreq.o
LOAD Middlewares/ST/STM32_USB_Device_Library/Core/Src/usbd_ioreq.o
LOAD Src/TextOut.o
LOAD Src/basestationNRF24.o
LOAD Src/bitops.o
LOAD Src/discoveryboard.o
LOAD Src/gpio.o
LOAD Src/i2c.o
LOAD Src/main.o
LOAD Src/myNRF24.o
LOAD Src/myNRF24basic.o
LOAD Src/packing.o
LOAD Src/spi.o
LOAD Src/stm32f3xx_hal_msp.o
LOAD Src/stm32f3xx_it.o
LOAD Src/system_stm32f3xx.o
LOAD Src/test_packetSending.o
LOAD Src/test_packing.o
LOAD Src/usb_device.o
LOAD Src/usbd_cdc_if.o
LOAD Src/usbd_conf.o
LOAD Src/usbd_desc.o
LOAD startup/startup_stm32f303xc.o
LOAD c:/ac6/systemworkbench/plugins/fr.ac6.mcu.externaltools.arm-none.win32_1.15.0.201708311556/tools/compiler/bin/../lib/gcc/arm-none-eabi/6.3.1/../../../../arm-none-eabi/lib/thumb/v7e-m/fpv4-sp/hard\libm.a
START GROUP
LOAD c:/ac6/systemworkbench/plugins/fr.ac6.mcu.externaltools.arm-none.win32_1.15.0.201708311556/tools/compiler/bin/../lib/gcc/arm-none-eabi/6.3.1/thumb/v7e-m/fpv4-sp/hard\libgcc.a
LOAD c:/ac6/systemworkbench/plugins/fr.ac6.mcu.externaltools.arm-none.win32_1.15.0.201708311556/tools/compiler/bin/../lib/gcc/arm-none-eabi/6.3.1/../../../../arm-none-eabi/lib/thumb/v7e-m/fpv4-sp/hard\libc_nano.a
END GROUP
START GROUP
LOAD c:/ac6/systemworkbench/plugins/fr.ac6.mcu.externaltools.arm-none.win32_1.15.0.201708311556/tools/compiler/bin/../lib/gcc/arm-none-eabi/6.3.1/thumb/v7e-m/fpv4-sp/hard\libgcc.a
LOAD c:/ac6/systemworkbench/plugins/fr.ac6.mcu.externaltools.arm-none.win32_1.15.0.201708311556/tools/compiler/bin/../lib/gcc/arm-none-eabi/6.3.1/../../../../arm-none-eabi/lib/thumb/v7e-m/fpv4-sp/hard\libc_nano.a
LOAD c:/ac6/systemworkbench/plugins/fr.ac6.mcu.externaltools.arm-none.win32_1.15.0.201708311556/tools/compiler/bin/../lib/gcc/arm-none-eabi/6.3.1/../../../../arm-none-eabi/lib/thumb/v7e-m/fpv4-sp/hard\libnosys.a
END GROUP
START GROUP
LOAD c:/ac6/systemworkbench/plugins/fr.ac6.mcu.externaltools.arm-none.win32_1.15.0.201708311556/tools/compiler/bin/../lib/gcc/arm-none-eabi/6.3.1/thumb/v7e-m/fpv4-sp/hard\libgcc.a
LOAD c:/ac6/systemworkbench/plugins/fr.ac6.mcu.externaltools.arm-none.win32_1.15.0.201708311556/tools/compiler/bin/../lib/gcc/arm-none-eabi/6.3.1/../../../../arm-none-eabi/lib/thumb/v7e-m/fpv4-sp/hard\libc_nano.a
LOAD c:/ac6/systemworkbench/plugins/fr.ac6.mcu.externaltools.arm-none.win32_1.15.0.201708311556/tools/compiler/bin/../lib/gcc/arm-none-eabi/6.3.1/../../../../arm-none-eabi/lib/thumb/v7e-m/fpv4-sp/hard\libnosys.a
END GROUP
LOAD c:/ac6/systemworkbench/plugins/fr.ac6.mcu.externaltools.arm-none.win32_1.15.0.201708311556/tools/compiler/bin/../lib/gcc/arm-none-eabi/6.3.1/thumb/v7e-m/fpv4-sp/hard/crtend.o
LOAD c:/ac6/systemworkbench/plugins/fr.ac6.mcu.externaltools.arm-none.win32_1.15.0.201708311556/tools/compiler/bin/../lib/gcc/arm-none-eabi/6.3.1/thumb/v7e-m/fpv4-sp/hard/crtn.o
                0x2000a000                _estack = 0x2000a000
                0x00000200                _Min_Heap_Size = 0x200
                0x00000400                _Min_Stack_Size = 0x400

.isr_vector     0x08000000      0x188
                0x08000000                . = ALIGN (0x4)
 *(.isr_vector)
 .isr_vector    0x08000000      0x188 startup/startup_stm32f303xc.o
                0x08000000                g_pfnVectors
                0x08000188                . = ALIGN (0x4)

.text           0x08000190     0x4b7c
                0x08000190                . = ALIGN (0x4)
 *(.text)
 .text          0x08000190       0x6c c:/ac6/systemworkbench/plugins/fr.ac6.mcu.externaltools.arm-none.win32_1.15.0.201708311556/tools/compiler/bin/../lib/gcc/arm-none-eabi/6.3.1/thumb/v7e-m/fpv4-sp/hard/crtbegin.o
 .text          0x080001fc       0x10 c:/ac6/systemworkbench/plugins/fr.ac6.mcu.externaltools.arm-none.win32_1.15.0.201708311556/tools/compiler/bin/../lib/gcc/arm-none-eabi/6.3.1/../../../../arm-none-eabi/lib/thumb/v7e-m/fpv4-sp/hard\libc_nano.a(lib_a-strlen.o)
                0x080001fc                strlen
 *fill*         0x0800020c        0x4 
 .text          0x08000210       0xa0 c:/ac6/systemworkbench/plugins/fr.ac6.mcu.externaltools.arm-none.win32_1.15.0.201708311556/tools/compiler/bin/../lib/gcc/arm-none-eabi/6.3.1/../../../../arm-none-eabi/lib/thumb/v7e-m/fpv4-sp/hard\libc_nano.a(lib_a-memchr.o)
                0x08000210                memchr
 *(.text*)
 .text.HAL_InitTick
                0x080002b0       0x2c Drivers/STM32F3xx_HAL_Driver/Src/stm32f3xx_hal.o
                0x080002b0                HAL_InitTick
 .text.HAL_Init
                0x080002dc       0x24 Drivers/STM32F3xx_HAL_Driver/Src/stm32f3xx_hal.o
                0x080002dc                HAL_Init
 .text.HAL_IncTick
                0x08000300       0x10 Drivers/STM32F3xx_HAL_Driver/Src/stm32f3xx_hal.o
                0x08000300                HAL_IncTick
 .text.HAL_GetTick
                0x08000310        0xc Drivers/STM32F3xx_HAL_Driver/Src/stm32f3xx_hal.o
                0x08000310                HAL_GetTick
 .text.HAL_Delay
                0x0800031c       0x24 Drivers/STM32F3xx_HAL_Driver/Src/stm32f3xx_hal.o
                0x0800031c                HAL_Delay
 .text.HAL_NVIC_SetPriorityGrouping
                0x08000340       0x24 Drivers/STM32F3xx_HAL_Driver/Src/stm32f3xx_hal_cortex.o
                0x08000340                HAL_NVIC_SetPriorityGrouping
 .text.HAL_NVIC_SetPriority
                0x08000364       0x6c Drivers/STM32F3xx_HAL_Driver/Src/stm32f3xx_hal_cortex.o
                0x08000364                HAL_NVIC_SetPriority
 .text.HAL_NVIC_EnableIRQ
                0x080003d0       0x18 Drivers/STM32F3xx_HAL_Driver/Src/stm32f3xx_hal_cortex.o
                0x080003d0                HAL_NVIC_EnableIRQ
 .text.HAL_SYSTICK_Config
                0x080003e8       0x34 Drivers/STM32F3xx_HAL_Driver/Src/stm32f3xx_hal_cortex.o
                0x080003e8                HAL_SYSTICK_Config
 .text.HAL_SYSTICK_CLKSourceConfig
                0x0800041c       0x18 Drivers/STM32F3xx_HAL_Driver/Src/stm32f3xx_hal_cortex.o
                0x0800041c                HAL_SYSTICK_CLKSourceConfig
 .text.HAL_SYSTICK_Callback
                0x08000434        0x4 Drivers/STM32F3xx_HAL_Driver/Src/stm32f3xx_hal_cortex.o
                0x08000434                HAL_SYSTICK_Callback
 .text.HAL_SYSTICK_IRQHandler
                0x08000438        0x8 Drivers/STM32F3xx_HAL_Driver/Src/stm32f3xx_hal_cortex.o
                0x08000438                HAL_SYSTICK_IRQHandler
 .text.HAL_GPIO_Init
                0x08000440      0x1dc Drivers/STM32F3xx_HAL_Driver/Src/stm32f3xx_hal_gpio.o
                0x08000440                HAL_GPIO_Init
 .text.HAL_GPIO_ReadPin
                0x0800061c        0xc Drivers/STM32F3xx_HAL_Driver/Src/stm32f3xx_hal_gpio.o
                0x0800061c                HAL_GPIO_ReadPin
 .text.HAL_GPIO_WritePin
                0x08000628        0xc Drivers/STM32F3xx_HAL_Driver/Src/stm32f3xx_hal_gpio.o
                0x08000628                HAL_GPIO_WritePin
 .text.HAL_PCD_Init
                0x08000634       0xa4 Drivers/STM32F3xx_HAL_Driver/Src/stm32f3xx_hal_pcd.o
                0x08000634                HAL_PCD_Init
 .text.HAL_PCD_Start
                0x080006d8        0xc Drivers/STM32F3xx_HAL_Driver/Src/stm32f3xx_hal_pcd.o
                0x080006d8                HAL_PCD_Start
 .text.HAL_PCD_SetAddress
                0x080006e4       0x34 Drivers/STM32F3xx_HAL_Driver/Src/stm32f3xx_hal_pcd.o
                0x080006e4                HAL_PCD_SetAddress
 .text.HAL_PCD_EP_Open
                0x08000718      0x34c Drivers/STM32F3xx_HAL_Driver/Src/stm32f3xx_hal_pcd.o
                0x08000718                HAL_PCD_EP_Open
 .text.HAL_PCD_EP_Close
                0x08000a64      0x1e8 Drivers/STM32F3xx_HAL_Driver/Src/stm32f3xx_hal_pcd.o
                0x08000a64                HAL_PCD_EP_Close
 .text.HAL_PCD_EP_Receive
                0x08000c4c       0xec Drivers/STM32F3xx_HAL_Driver/Src/stm32f3xx_hal_pcd.o
                0x08000c4c                HAL_PCD_EP_Receive
 .text.HAL_PCD_EP_GetRxCount
                0x08000d38       0x14 Drivers/STM32F3xx_HAL_Driver/Src/stm32f3xx_hal_pcd.o
                0x08000d38                HAL_PCD_EP_GetRxCount
 .text.HAL_PCD_EP_Transmit
                0x08000d4c      0x110 Drivers/STM32F3xx_HAL_Driver/Src/stm32f3xx_hal_pcd.o
                0x08000d4c                HAL_PCD_EP_Transmit
 .text.HAL_PCD_IRQHandler
                0x08000e5c      0x500 Drivers/STM32F3xx_HAL_Driver/Src/stm32f3xx_hal_pcd.o
                0x08000e5c                HAL_PCD_IRQHandler
 .text.HAL_PCD_EP_SetStall
                0x0800135c       0xc4 Drivers/STM32F3xx_HAL_Driver/Src/stm32f3xx_hal_pcd.o
                0x0800135c                HAL_PCD_EP_SetStall
 .text.HAL_PCD_EP_ClrStall
                0x08001420       0xd8 Drivers/STM32F3xx_HAL_Driver/Src/stm32f3xx_hal_pcd.o
                0x08001420                HAL_PCD_EP_ClrStall
 .text.HAL_PCDEx_PMAConfig
                0x080014f8       0x3c Drivers/STM32F3xx_HAL_Driver/Src/stm32f3xx_hal_pcd_ex.o
                0x080014f8                HAL_PCDEx_PMAConfig
 .text.PCD_WritePMA
                0x08001534       0x28 Drivers/STM32F3xx_HAL_Driver/Src/stm32f3xx_hal_pcd_ex.o
                0x08001534                PCD_WritePMA
 .text.PCD_ReadPMA
                0x0800155c       0x44 Drivers/STM32F3xx_HAL_Driver/Src/stm32f3xx_hal_pcd_ex.o
                0x0800155c                PCD_ReadPMA
 .text.HAL_RCC_OscConfig
                0x080015a0      0x59c Drivers/STM32F3xx_HAL_Driver/Src/stm32f3xx_hal_rcc.o
                0x080015a0                HAL_RCC_OscConfig
 .text.HAL_RCC_GetSysClockFreq
                0x08001b3c       0x6c Drivers/STM32F3xx_HAL_Driver/Src/stm32f3xx_hal_rcc.o
                0x08001b3c                HAL_RCC_GetSysClockFreq
 .text.HAL_RCC_ClockConfig
                0x08001ba8      0x190 Drivers/STM32F3xx_HAL_Driver/Src/stm32f3xx_hal_rcc.o
                0x08001ba8                HAL_RCC_ClockConfig
 .text.HAL_RCC_GetHCLKFreq
                0x08001d38        0xc Drivers/STM32F3xx_HAL_Driver/Src/stm32f3xx_hal_rcc.o
                0x08001d38                HAL_RCC_GetHCLKFreq
 .text.HAL_RCCEx_PeriphCLKConfig
                0x08001d44      0x224 Drivers/STM32F3xx_HAL_Driver/Src/stm32f3xx_hal_rcc_ex.o
                0x08001d44                HAL_RCCEx_PeriphCLKConfig
 .text.SPI_WaitFifoStateUntilTimeout.part.1
                0x08001f68       0x54 Drivers/STM32F3xx_HAL_Driver/Src/stm32f3xx_hal_spi.o
 .text.SPI_WaitFlagStateUntilTimeout.constprop.10
                0x08001fbc       0x30 Drivers/STM32F3xx_HAL_Driver/Src/stm32f3xx_hal_spi.o
 .text.SPI_WaitFifoStateUntilTimeout.constprop.11
                0x08001fec       0x48 Drivers/STM32F3xx_HAL_Driver/Src/stm32f3xx_hal_spi.o
 .text.SPI_EndRxTxTransaction
                0x08002034       0x44 Drivers/STM32F3xx_HAL_Driver/Src/stm32f3xx_hal_spi.o
 .text.HAL_SPI_TransmitReceive.part.4
                0x08002078      0x298 Drivers/STM32F3xx_HAL_Driver/Src/stm32f3xx_hal_spi.o
 .text.SPI_EndRxTransaction
                0x08002310       0x70 Drivers/STM32F3xx_HAL_Driver/Src/stm32f3xx_hal_spi.o
 .text.HAL_SPI_Init
                0x08002380       0xe4 Drivers/STM32F3xx_HAL_Driver/Src/stm32f3xx_hal_spi.o
                0x08002380                HAL_SPI_Init
 .text.HAL_SPI_Transmit
                0x08002464      0x170 Drivers/STM32F3xx_HAL_Driver/Src/stm32f3xx_hal_spi.o
                0x08002464                HAL_SPI_Transmit
 .text.HAL_SPI_Receive
                0x080025d4      0x170 Drivers/STM32F3xx_HAL_Driver/Src/stm32f3xx_hal_spi.o
                0x080025d4                HAL_SPI_Receive
 .text.HAL_SPI_TransmitReceive
                0x08002744       0x18 Drivers/STM32F3xx_HAL_Driver/Src/stm32f3xx_hal_spi.o
                0x08002744                HAL_SPI_TransmitReceive
 .text.USBD_CDC_DataIn
                0x0800275c       0x14 Middlewares/ST/STM32_USB_Device_Library/Class/CDC/Src/usbd_cdc.o
 .text.USBD_CDC_EP0_RxReady
                0x08002770       0x28 Middlewares/ST/STM32_USB_Device_Library/Class/CDC/Src/usbd_cdc.o
 .text.USBD_CDC_GetFSCfgDesc
                0x08002798        0xc Middlewares/ST/STM32_USB_Device_Library/Class/CDC/Src/usbd_cdc.o
 .text.USBD_CDC_GetHSCfgDesc
                0x080027a4        0xc Middlewares/ST/STM32_USB_Device_Library/Class/CDC/Src/usbd_cdc.o
 .text.USBD_CDC_GetOtherSpeedCfgDesc
                0x080027b0        0xc Middlewares/ST/STM32_USB_Device_Library/Class/CDC/Src/usbd_cdc.o
 .text.USBD_CDC_GetDeviceQualifierDescriptor
                0x080027bc        0xc Middlewares/ST/STM32_USB_Device_Library/Class/CDC/Src/usbd_cdc.o
                0x080027bc                USBD_CDC_GetDeviceQualifierDescriptor
 .text.USBD_CDC_DataOut
                0x080027c8       0x30 Middlewares/ST/STM32_USB_Device_Library/Class/CDC/Src/usbd_cdc.o
 .text.USBD_CDC_Setup
                0x080027f8       0x6c Middlewares/ST/STM32_USB_Device_Library/Class/CDC/Src/usbd_cdc.o
 .text.USBD_CDC_DeInit
                0x08002864       0x3c Middlewares/ST/STM32_USB_Device_Library/Class/CDC/Src/usbd_cdc.o
 .text.USBD_CDC_Init
                0x080028a0       0x90 Middlewares/ST/STM32_USB_Device_Library/Class/CDC/Src/usbd_cdc.o
 .text.USBD_CDC_RegisterInterface
                0x08002930       0x10 Middlewares/ST/STM32_USB_Device_Library/Class/CDC/Src/usbd_cdc.o
                0x08002930                USBD_CDC_RegisterInterface
 .text.USBD_CDC_SetTxBuffer
                0x08002940       0x10 Middlewares/ST/STM32_USB_Device_Library/Class/CDC/Src/usbd_cdc.o
                0x08002940                USBD_CDC_SetTxBuffer
 .text.USBD_CDC_SetRxBuffer
                0x08002950        0xc Middlewares/ST/STM32_USB_Device_Library/Class/CDC/Src/usbd_cdc.o
                0x08002950                USBD_CDC_SetRxBuffer
 .text.USBD_CDC_TransmitPacket
                0x0800295c       0x30 Middlewares/ST/STM32_USB_Device_Library/Class/CDC/Src/usbd_cdc.o
                0x0800295c                USBD_CDC_TransmitPacket
 .text.USBD_CDC_ReceivePacket
                0x0800298c       0x30 Middlewares/ST/STM32_USB_Device_Library/Class/CDC/Src/usbd_cdc.o
                0x0800298c                USBD_CDC_ReceivePacket
 .text.USBD_Init
                0x080029bc       0x2c Middlewares/ST/STM32_USB_Device_Library/Core/Src/usbd_core.o
                0x080029bc                USBD_Init
 .text.USBD_RegisterClass
                0x080029e8       0x10 Middlewares/ST/STM32_USB_Device_Library/Core/Src/usbd_core.o
                0x080029e8                USBD_RegisterClass
 .text.USBD_Start
                0x080029f8        0xc Middlewares/ST/STM32_USB_Device_Library/Core/Src/usbd_core.o
                0x080029f8                USBD_Start
 .text.USBD_SetClassConfig
                0x08002a04       0x14 Middlewares/ST/STM32_USB_Device_Library/Core/Src/usbd_core.o
                0x08002a04                USBD_SetClassConfig
 .text.USBD_ClrClassConfig
                0x08002a18       0x10 Middlewares/ST/STM32_USB_Device_Library/Core/Src/usbd_core.o
                0x08002a18                USBD_ClrClassConfig
 .text.USBD_LL_SetupStage
                0x08002a28       0x60 Middlewares/ST/STM32_USB_Device_Library/Core/Src/usbd_core.o
                0x08002a28                USBD_LL_SetupStage
 .text.USBD_LL_DataOutStage
                0x08002a88       0x6c Middlewares/ST/STM32_USB_Device_Library/Core/Src/usbd_core.o
                0x08002a88                USBD_LL_DataOutStage
 .text.USBD_LL_DataInStage
                0x08002af4       0xa4 Middlewares/ST/STM32_USB_Device_Library/Core/Src/usbd_core.o
                0x08002af4                USBD_LL_DataInStage
 .text.USBD_LL_Reset
                0x08002b98       0x40 Middlewares/ST/STM32_USB_Device_Library/Core/Src/usbd_core.o
                0x08002b98                USBD_LL_Reset
 .text.USBD_LL_SetSpeed
                0x08002bd8        0x8 Middlewares/ST/STM32_USB_Device_Library/Core/Src/usbd_core.o
                0x08002bd8                USBD_LL_SetSpeed
 .text.USBD_LL_Suspend
                0x08002be0       0x14 Middlewares/ST/STM32_USB_Device_Library/Core/Src/usbd_core.o
                0x08002be0                USBD_LL_Suspend
 .text.USBD_LL_Resume
                0x08002bf4       0x10 Middlewares/ST/STM32_USB_Device_Library/Core/Src/usbd_core.o
                0x08002bf4                USBD_LL_Resume
 .text.USBD_LL_SOF
                0x08002c04       0x1c Middlewares/ST/STM32_USB_Device_Library/Core/Src/usbd_core.o
                0x08002c04                USBD_LL_SOF
 .text.USBD_StdDevReq
                0x08002c20      0x2a0 Middlewares/ST/STM32_USB_Device_Library/Core/Src/usbd_ctlreq.o
                0x08002c20                USBD_StdDevReq
 .text.USBD_StdItfReq
                0x08002ec0       0x3c Middlewares/ST/STM32_USB_Device_Library/Core/Src/usbd_ctlreq.o
                0x08002ec0                USBD_StdItfReq
 .text.USBD_StdEPReq
                0x08002efc       0xd0 Middlewares/ST/STM32_USB_Device_Library/Core/Src/usbd_ctlreq.o
                0x08002efc                USBD_StdEPReq
 .text.USBD_ParseSetupRequest
                0x08002fcc       0x28 Middlewares/ST/STM32_USB_Device_Library/Core/Src/usbd_ctlreq.o
                0x08002fcc                USBD_ParseSetupRequest
 .text.USBD_GetString
                0x08002ff4       0x4c Middlewares/ST/STM32_USB_Device_Library/Core/Src/usbd_ctlreq.o
                0x08002ff4                USBD_GetString
 .text.USBD_CtlSendData
                0x08003040       0x1c Middlewares/ST/STM32_USB_Device_Library/Core/Src/usbd_ioreq.o
                0x08003040                USBD_CtlSendData
 .text.USBD_CtlContinueSendData
                0x0800305c       0x10 Middlewares/ST/STM32_USB_Device_Library/Core/Src/usbd_ioreq.o
                0x0800305c                USBD_CtlContinueSendData
 .text.USBD_CtlPrepareRx
                0x0800306c       0x20 Middlewares/ST/STM32_USB_Device_Library/Core/Src/usbd_ioreq.o
                0x0800306c                USBD_CtlPrepareRx
 .text.USBD_CtlContinueRx
                0x0800308c       0x10 Middlewares/ST/STM32_USB_Device_Library/Core/Src/usbd_ioreq.o
                0x0800308c                USBD_CtlContinueRx
 .text.USBD_CtlSendStatus
                0x0800309c       0x18 Middlewares/ST/STM32_USB_Device_Library/Core/Src/usbd_ioreq.o
                0x0800309c                USBD_CtlSendStatus
 .text.USBD_CtlReceiveStatus
                0x080030b4       0x18 Middlewares/ST/STM32_USB_Device_Library/Core/Src/usbd_ioreq.o
                0x080030b4                USBD_CtlReceiveStatus
 .text.TextOut  0x080030cc       0x48 Src/TextOut.o
                0x080030cc                TextOut
 .text.nrf24nssHigh
                0x08003114       0x10 Src/basestationNRF24.o
                0x08003114                nrf24nssHigh
 .text.nrf24nssLow
                0x08003124       0x10 Src/basestationNRF24.o
                0x08003124                nrf24nssLow
 .text.nrf24ceHigh
                0x08003134       0x10 Src/basestationNRF24.o
                0x08003134                nrf24ceHigh
 .text.nrf24ceLow
                0x08003144       0x10 Src/basestationNRF24.o
                0x08003144                nrf24ceLow
 .text.nrf24irqRead
                0x08003154       0x18 Src/basestationNRF24.o
                0x08003154                nrf24irqRead
 .text.initBase
                0x0800316c       0x8c Src/basestationNRF24.o
                0x0800316c                initBase
 .text.sendPacket
                0x080031f8       0x50 Src/basestationNRF24.o
                0x080031f8                sendPacket
 .text.getAndProcessAck
                0x08003248      0x114 Src/basestationNRF24.o
                0x08003248                getAndProcessAck
 .text.setBit   0x0800335c       0x14 Src/bitops.o
                0x0800335c                setBit
 .text.MX_GPIO_Init
                0x08003370      0x14c Src/gpio.o
                0x08003370                MX_GPIO_Init
 .text.tacticsCommTestLoop
                0x080034bc       0x44 Src/main.o
                0x080034bc                tacticsCommTestLoop
 .text.SystemClock_Config
                0x08003500       0x90 Src/main.o
                0x08003500                SystemClock_Config
 .text.startup.main
                0x08003590       0x80 Src/main.o
                0x08003590                main
 .text._Error_Handler
                0x08003610        0x4 Src/main.o
                0x08003610                _Error_Handler
 .text.softResetRegisters
                0x08003614      0x10c Src/myNRF24.o
                0x08003614                softResetRegisters
 .text.setTXaddress
                0x08003720       0x2c Src/myNRF24.o
                0x08003720                setTXaddress
 .text.setFreqChannel
                0x0800374c       0x14 Src/myNRF24.o
                0x0800374c                setFreqChannel
 .text.setDataPipes
                0x08003760        0x8 Src/myNRF24.o
                0x08003760                setDataPipes
 .text.flushTX  0x08003768       0x38 Src/myNRF24.o
                0x08003768                flushTX
 .text.powerUpTX
                0x080037a0       0x38 Src/myNRF24.o
                0x080037a0                powerUpTX
 .text.flushRX  0x080037d8       0x38 Src/myNRF24.o
                0x080037d8                flushRX
 .text.NRFinit  0x08003810       0x54 Src/myNRF24.o
                0x08003810                NRFinit
 .text.sendData
                0x08003864       0x5c Src/myNRF24.o
                0x08003864                sendData
 .text.readData
                0x080038c0       0x44 Src/myNRF24.o
                0x080038c0                readData
 .text.getDynamicPayloadLength
                0x08003904       0x48 Src/myNRF24.o
                0x08003904                getDynamicPayloadLength
 .text.getAck   0x0800394c       0xb0 Src/myNRF24.o
                0x0800394c                getAck
 .text.writeReg
                0x080039fc       0x7c Src/myNRF24basic.o
                0x080039fc                writeReg
 .text.clearInterrupts
                0x08003a78        0x8 Src/myNRF24basic.o
                0x08003a78                clearInterrupts
 .text.writeRegMulti
                0x08003a80       0x88 Src/myNRF24basic.o
                0x08003a80                writeRegMulti
 .text.readReg  0x08003b08       0x5c Src/myNRF24basic.o
                0x08003b08                readReg
 .text.robotDataToPacket
                0x08003b64       0xb0 Src/packing.o
                0x08003b64                robotDataToPacket
 .text.packetToRoboData
                0x08003c14      0x104 Src/packing.o
                0x08003c14                packetToRoboData
 .text.ackPacketToRoboAckData
                0x08003d18      0x12c Src/packing.o
                0x08003d18                ackPacketToRoboAckData
 .text.MX_SPI3_Init
                0x08003e44       0x58 Src/spi.o
                0x08003e44                MX_SPI3_Init
 .text.HAL_SPI_MspInit
                0x08003e9c       0x50 Src/spi.o
                0x08003e9c                HAL_SPI_MspInit
 .text.HAL_MspInit
                0x08003eec       0x7c Src/stm32f3xx_hal_msp.o
                0x08003eec                HAL_MspInit
 .text.SysTick_Handler
                0x08003f68       0x10 Src/stm32f3xx_it.o
                0x08003f68                SysTick_Handler
 .text.USB_LP_CAN_RX0_IRQHandler
                0x08003f78        0xc Src/stm32f3xx_it.o
                0x08003f78                USB_LP_CAN_RX0_IRQHandler
 .text.SystemInit
                0x08003f84       0x70 Src/system_stm32f3xx.o
                0x08003f84                SystemInit
 .text.MX_USB_DEVICE_Init
                0x08003ff4       0x38 Src/usb_device.o
                0x08003ff4                MX_USB_DEVICE_Init
 .text.CDC_DeInit_FS
                0x0800402c        0x4 Src/usbd_cdc_if.o
 .text.CDC_Control_FS
                0x08004030        0x4 Src/usbd_cdc_if.o
 .text.CDC_Receive_FS
                0x08004034       0x3c Src/usbd_cdc_if.o
 .text.CDC_Init_FS
                0x08004070       0x28 Src/usbd_cdc_if.o
 .text.CDC_Transmit_FS
                0x08004098       0x2c Src/usbd_cdc_if.o
                0x08004098                CDC_Transmit_FS
 .text.HAL_PCD_MspInit
                0x080040c4       0x60 Src/usbd_conf.o
                0x080040c4                HAL_PCD_MspInit
 .text.HAL_PCD_SetupStageCallback
                0x08004124        0xc Src/usbd_conf.o
                0x08004124                HAL_PCD_SetupStageCallback
 .text.HAL_PCD_DataOutStageCallback
                0x08004130       0x14 Src/usbd_conf.o
                0x08004130                HAL_PCD_DataOutStageCallback
 .text.HAL_PCD_DataInStageCallback
                0x08004144       0x14 Src/usbd_conf.o
                0x08004144                HAL_PCD_DataInStageCallback
 .text.HAL_PCD_SOFCallback
                0x08004158        0x8 Src/usbd_conf.o
                0x08004158                HAL_PCD_SOFCallback
 .text.HAL_PCD_ResetCallback
                0x08004160       0x1c Src/usbd_conf.o
                0x08004160                HAL_PCD_ResetCallback
 .text.HAL_PCD_SuspendCallback
                0x0800417c       0x20 Src/usbd_conf.o
                0x0800417c                HAL_PCD_SuspendCallback
 .text.HAL_PCD_ResumeCallback
                0x0800419c        0x8 Src/usbd_conf.o
                0x0800419c                HAL_PCD_ResumeCallback
 .text.USBD_LL_Init
                0x080041a4       0x90 Src/usbd_conf.o
                0x080041a4                USBD_LL_Init
 .text.USBD_LL_Start
                0x08004234       0x1c Src/usbd_conf.o
                0x08004234                USBD_LL_Start
 .text.USBD_LL_OpenEP
                0x08004250       0x20 Src/usbd_conf.o
                0x08004250                USBD_LL_OpenEP
 .text.USBD_LL_CloseEP
                0x08004270       0x1c Src/usbd_conf.o
                0x08004270                USBD_LL_CloseEP
 .text.USBD_LL_StallEP
                0x0800428c       0x1c Src/usbd_conf.o
                0x0800428c                USBD_LL_StallEP
 .text.USBD_LL_ClearStallEP
                0x080042a8       0x1c Src/usbd_conf.o
                0x080042a8                USBD_LL_ClearStallEP
 .text.USBD_LL_IsStallEP
                0x080042c4       0x28 Src/usbd_conf.o
                0x080042c4                USBD_LL_IsStallEP
 .text.USBD_LL_SetUSBAddress
                0x080042ec       0x1c Src/usbd_conf.o
                0x080042ec                USBD_LL_SetUSBAddress
 .text.USBD_LL_Transmit
                0x08004308       0x1c Src/usbd_conf.o
                0x08004308                USBD_LL_Transmit
 .text.USBD_LL_PrepareReceive
                0x08004324       0x1c Src/usbd_conf.o
                0x08004324                USBD_LL_PrepareReceive
 .text.USBD_LL_GetRxDataSize
                0x08004340        0xc Src/usbd_conf.o
                0x08004340                USBD_LL_GetRxDataSize
 .text.USBD_static_malloc
                0x0800434c        0x8 Src/usbd_conf.o
                0x0800434c                USBD_static_malloc
 .text.USBD_static_free
                0x08004354        0x4 Src/usbd_conf.o
                0x08004354                USBD_static_free
 .text.HAL_PCDEx_SetConnectionState
                0x08004358        0x4 Src/usbd_conf.o
                0x08004358                HAL_PCDEx_SetConnectionState
 .text.USBD_FS_DeviceDescriptor
                0x0800435c        0xc Src/usbd_desc.o
                0x0800435c                USBD_FS_DeviceDescriptor
 .text.USBD_FS_LangIDStrDescriptor
                0x08004368        0xc Src/usbd_desc.o
                0x08004368                USBD_FS_LangIDStrDescriptor
 .text.USBD_FS_ManufacturerStrDescriptor
                0x08004374       0x1c Src/usbd_desc.o
                0x08004374                USBD_FS_ManufacturerStrDescriptor
 .text.USBD_FS_ProductStrDescriptor
                0x08004390       0x1c Src/usbd_desc.o
                0x08004390                USBD_FS_ProductStrDescriptor
 .text.USBD_FS_SerialStrDescriptor
                0x080043ac       0x1c Src/usbd_desc.o
                0x080043ac                USBD_FS_SerialStrDescriptor
 .text.USBD_FS_ConfigStrDescriptor
                0x080043c8       0x1c Src/usbd_desc.o
                0x080043c8                USBD_FS_ConfigStrDescriptor
 .text.USBD_FS_InterfaceStrDescriptor
                0x080043e4       0x1c Src/usbd_desc.o
                0x080043e4                USBD_FS_InterfaceStrDescriptor
 .text.Reset_Handler
                0x08004400       0x50 startup/startup_stm32f303xc.o
                0x08004400                Reset_Handler
 .text.Default_Handler
                0x08004450        0x2 startup/startup_stm32f303xc.o
                0x08004450                RTC_Alarm_IRQHandler
                0x08004450                TIM8_TRG_COM_IRQHandler
                0x08004450                TIM8_CC_IRQHandler
                0x08004450                DebugMon_Handler
                0x08004450                TIM1_CC_IRQHandler
                0x08004450                HardFault_Handler
                0x08004450                USB_HP_IRQHandler
                0x08004450                PVD_IRQHandler
                0x08004450                TAMP_STAMP_IRQHandler
                0x08004450                PendSV_Handler
                0x08004450                NMI_Handler
                0x08004450                EXTI3_IRQHandler
                0x08004450                USB_HP_CAN_TX_IRQHandler
                0x08004450                EXTI0_IRQHandler
                0x08004450                I2C2_EV_IRQHandler
                0x08004450                FPU_IRQHandler
                0x08004450                TIM1_UP_TIM16_IRQHandler
                0x08004450                UsageFault_Handler
                0x08004450                ADC1_2_IRQHandler
                0x08004450                SPI1_IRQHandler
                0x08004450                CAN_SCE_IRQHandler
                0x08004450                TIM6_DAC_IRQHandler
                0x08004450                TIM8_UP_IRQHandler
                0x08004450                DMA2_Channel2_IRQHandler
                0x08004450                DMA1_Channel4_IRQHandler
                0x08004450                USART3_IRQHandler
                0x08004450                DMA1_Channel7_IRQHandler
                0x08004450                UART5_IRQHandler
                0x08004450                ADC3_IRQHandler
                0x08004450                TIM4_IRQHandler
                0x08004450                CAN_RX1_IRQHandler
                0x08004450                DMA2_Channel1_IRQHandler
                0x08004450                I2C1_EV_IRQHandler
                0x08004450                DMA1_Channel6_IRQHandler
                0x08004450                UART4_IRQHandler
                0x08004450                DMA2_Channel4_IRQHandler
                0x08004450                TIM3_IRQHandler
                0x08004450                RCC_IRQHandler
                0x08004450                DMA1_Channel1_IRQHandler
                0x08004450                Default_Handler
                0x08004450                USBWakeUp_RMP_IRQHandler
                0x08004450                EXTI15_10_IRQHandler
                0x08004450                TIM7_IRQHandler
                0x08004450                EXTI9_5_IRQHandler
                0x08004450                RTC_WKUP_IRQHandler
                0x08004450                SPI2_IRQHandler
                0x08004450                MemManage_Handler
                0x08004450                SVC_Handler
                0x08004450                DMA2_Channel5_IRQHandler
                0x08004450                DMA1_Channel5_IRQHandler
                0x08004450                USB_LP_IRQHandler
                0x08004450                EXTI4_IRQHandler
                0x08004450                TIM1_TRG_COM_TIM17_IRQHandler
                0x08004450                DMA1_Channel3_IRQHandler
                0x08004450                ADC4_IRQHandler
                0x08004450                WWDG_IRQHandler
                0x08004450                TIM2_IRQHandler
                0x08004450                COMP7_IRQHandler
                0x08004450                COMP1_2_3_IRQHandler
                0x08004450                EXTI1_IRQHandler
                0x08004450                USART2_IRQHandler
                0x08004450                COMP4_5_6_IRQHandler
                0x08004450                I2C2_ER_IRQHandler
                0x08004450                DMA1_Channel2_IRQHandler
                0x08004450                TIM8_BRK_IRQHandler
                0x08004450                FLASH_IRQHandler
                0x08004450                BusFault_Handler
                0x08004450                USART1_IRQHandler
                0x08004450                SPI3_IRQHandler
                0x08004450                I2C1_ER_IRQHandler
                0x08004450                USBWakeUp_IRQHandler
                0x08004450                DMA2_Channel3_IRQHandler
                0x08004450                EXTI2_TSC_IRQHandler
                0x08004450                TIM1_BRK_TIM15_IRQHandler
 *fill*         0x08004452        0x2 
 .text.__libc_init_array
                0x08004454       0x48 c:/ac6/systemworkbench/plugins/fr.ac6.mcu.externaltools.arm-none.win32_1.15.0.201708311556/tools/compiler/bin/../lib/gcc/arm-none-eabi/6.3.1/../../../../arm-none-eabi/lib/thumb/v7e-m/fpv4-sp/hard\libc_nano.a(lib_a-init.o)
                0x08004454                __libc_init_array
 .text.memcpy   0x0800449c       0x16 c:/ac6/systemworkbench/plugins/fr.ac6.mcu.externaltools.arm-none.win32_1.15.0.201708311556/tools/compiler/bin/../lib/gcc/arm-none-eabi/6.3.1/../../../../arm-none-eabi/lib/thumb/v7e-m/fpv4-sp/hard\libc_nano.a(lib_a-memcpy-stub.o)
                0x0800449c                memcpy
 *fill*         0x080044b2        0x2 
 .text.sprintf  0x080044b4       0x48 c:/ac6/systemworkbench/plugins/fr.ac6.mcu.externaltools.arm-none.win32_1.15.0.201708311556/tools/compiler/bin/../lib/gcc/arm-none-eabi/6.3.1/../../../../arm-none-eabi/lib/thumb/v7e-m/fpv4-sp/hard\libc_nano.a(lib_a-sprintf.o)
                0x080044b4                siprintf
                0x080044b4                sprintf
 .text.__ssputs_r
                0x080044fc       0xb6 c:/ac6/systemworkbench/plugins/fr.ac6.mcu.externaltools.arm-none.win32_1.15.0.201708311556/tools/compiler/bin/../lib/gcc/arm-none-eabi/6.3.1/../../../../arm-none-eabi/lib/thumb/v7e-m/fpv4-sp/hard\libc_nano.a(lib_a-nano-svfprintf.o)
                0x080044fc                __ssputs_r
 *fill*         0x080045b2        0x2 
 .text._svfprintf_r
                0x080045b4      0x1e8 c:/ac6/systemworkbench/plugins/fr.ac6.mcu.externaltools.arm-none.win32_1.15.0.201708311556/tools/compiler/bin/../lib/gcc/arm-none-eabi/6.3.1/../../../../arm-none-eabi/lib/thumb/v7e-m/fpv4-sp/hard\libc_nano.a(lib_a-nano-svfprintf.o)
                0x080045b4                _svfiprintf_r
                0x080045b4                _svfprintf_r
 .text._printf_common
                0x0800479c       0xec c:/ac6/systemworkbench/plugins/fr.ac6.mcu.externaltools.arm-none.win32_1.15.0.201708311556/tools/compiler/bin/../lib/gcc/arm-none-eabi/6.3.1/../../../../arm-none-eabi/lib/thumb/v7e-m/fpv4-sp/hard\libc_nano.a(lib_a-nano-vfprintf_i.o)
                0x0800479c                _printf_common
 .text._printf_i
                0x08004888      0x240 c:/ac6/systemworkbench/plugins/fr.ac6.mcu.externaltools.arm-none.win32_1.15.0.201708311556/tools/compiler/bin/../lib/gcc/arm-none-eabi/6.3.1/../../../../arm-none-eabi/lib/thumb/v7e-m/fpv4-sp/hard\libc_nano.a(lib_a-nano-vfprintf_i.o)
                0x08004888                _printf_i
 .text.memmove  0x08004ac8       0x34 c:/ac6/systemworkbench/plugins/fr.ac6.mcu.externaltools.arm-none.win32_1.15.0.201708311556/tools/compiler/bin/../lib/gcc/arm-none-eabi/6.3.1/../../../../arm-none-eabi/lib/thumb/v7e-m/fpv4-sp/hard\libc_nano.a(lib_a-memmove.o)
                0x08004ac8                memmove
 .text._free_r  0x08004afc       0x9c c:/ac6/systemworkbench/plugins/fr.ac6.mcu.externaltools.arm-none.win32_1.15.0.201708311556/tools/compiler/bin/../lib/gcc/arm-none-eabi/6.3.1/../../../../arm-none-eabi/lib/thumb/v7e-m/fpv4-sp/hard\libc_nano.a(lib_a-nano-freer.o)
                0x08004afc                _free_r
 .text._malloc_r
                0x08004b98       0xbc c:/ac6/systemworkbench/plugins/fr.ac6.mcu.externaltools.arm-none.win32_1.15.0.201708311556/tools/compiler/bin/../lib/gcc/arm-none-eabi/6.3.1/../../../../arm-none-eabi/lib/thumb/v7e-m/fpv4-sp/hard\libc_nano.a(lib_a-nano-mallocr.o)
                0x08004b98                _malloc_r
 .text._realloc_r
                0x08004c54       0x4c c:/ac6/systemworkbench/plugins/fr.ac6.mcu.externaltools.arm-none.win32_1.15.0.201708311556/tools/compiler/bin/../lib/gcc/arm-none-eabi/6.3.1/../../../../arm-none-eabi/lib/thumb/v7e-m/fpv4-sp/hard\libc_nano.a(lib_a-nano-reallocr.o)
                0x08004c54                _realloc_r
 .text._sbrk_r  0x08004ca0       0x20 c:/ac6/systemworkbench/plugins/fr.ac6.mcu.externaltools.arm-none.win32_1.15.0.201708311556/tools/compiler/bin/../lib/gcc/arm-none-eabi/6.3.1/../../../../arm-none-eabi/lib/thumb/v7e-m/fpv4-sp/hard\libc_nano.a(lib_a-sbrkr.o)
                0x08004ca0                _sbrk_r
 .text.__malloc_lock
                0x08004cc0        0x2 c:/ac6/systemworkbench/plugins/fr.ac6.mcu.externaltools.arm-none.win32_1.15.0.201708311556/tools/compiler/bin/../lib/gcc/arm-none-eabi/6.3.1/../../../../arm-none-eabi/lib/thumb/v7e-m/fpv4-sp/hard\libc_nano.a(lib_a-mlock.o)
                0x08004cc0                __malloc_lock
 .text.__malloc_unlock
                0x08004cc2        0x2 c:/ac6/systemworkbench/plugins/fr.ac6.mcu.externaltools.arm-none.win32_1.15.0.201708311556/tools/compiler/bin/../lib/gcc/arm-none-eabi/6.3.1/../../../../arm-none-eabi/lib/thumb/v7e-m/fpv4-sp/hard\libc_nano.a(lib_a-mlock.o)
                0x08004cc2                __malloc_unlock
 .text._malloc_usable_size_r
                0x08004cc4       0x12 c:/ac6/systemworkbench/plugins/fr.ac6.mcu.externaltools.arm-none.win32_1.15.0.201708311556/tools/compiler/bin/../lib/gcc/arm-none-eabi/6.3.1/../../../../arm-none-eabi/lib/thumb/v7e-m/fpv4-sp/hard\libc_nano.a(lib_a-nano-msizer.o)
                0x08004cc4                _malloc_usable_size_r
 *fill*         0x08004cd6        0x2 
 .text._sbrk    0x08004cd8       0x1c c:/ac6/systemworkbench/plugins/fr.ac6.mcu.externaltools.arm-none.win32_1.15.0.201708311556/tools/compiler/bin/../lib/gcc/arm-none-eabi/6.3.1/../../../../arm-none-eabi/lib/thumb/v7e-m/fpv4-sp/hard\libnosys.a(sbrk.o)
                0x08004cd8                _sbrk
 *(.glue_7)
 .glue_7        0x08004cf4        0x0 linker stubs
 *(.glue_7t)
 .glue_7t       0x08004cf4        0x0 linker stubs
 *(.eh_frame)
 .eh_frame      0x08004cf4        0x0 c:/ac6/systemworkbench/plugins/fr.ac6.mcu.externaltools.arm-none.win32_1.15.0.201708311556/tools/compiler/bin/../lib/gcc/arm-none-eabi/6.3.1/thumb/v7e-m/fpv4-sp/hard/crtbegin.o
 *(.init)
 .init          0x08004cf4        0x4 c:/ac6/systemworkbench/plugins/fr.ac6.mcu.externaltools.arm-none.win32_1.15.0.201708311556/tools/compiler/bin/../lib/gcc/arm-none-eabi/6.3.1/thumb/v7e-m/fpv4-sp/hard/crti.o
                0x08004cf4                _init
 .init          0x08004cf8        0x8 c:/ac6/systemworkbench/plugins/fr.ac6.mcu.externaltools.arm-none.win32_1.15.0.201708311556/tools/compiler/bin/../lib/gcc/arm-none-eabi/6.3.1/thumb/v7e-m/fpv4-sp/hard/crtn.o
 *(.fini)
 .fini          0x08004d00        0x4 c:/ac6/systemworkbench/plugins/fr.ac6.mcu.externaltools.arm-none.win32_1.15.0.201708311556/tools/compiler/bin/../lib/gcc/arm-none-eabi/6.3.1/thumb/v7e-m/fpv4-sp/hard/crti.o
                0x08004d00                _fini
 .fini          0x08004d04        0x8 c:/ac6/systemworkbench/plugins/fr.ac6.mcu.externaltools.arm-none.win32_1.15.0.201708311556/tools/compiler/bin/../lib/gcc/arm-none-eabi/6.3.1/thumb/v7e-m/fpv4-sp/hard/crtn.o
                0x08004d0c                . = ALIGN (0x4)
                0x08004d0c                _etext = .

.vfp11_veneer   0x08004d0c        0x0
 .vfp11_veneer  0x08004d0c        0x0 linker stubs

.v4_bx          0x08004d0c        0x0
 .v4_bx         0x08004d0c        0x0 linker stubs

.iplt           0x08004d0c        0x0
 .iplt          0x08004d0c        0x0 c:/ac6/systemworkbench/plugins/fr.ac6.mcu.externaltools.arm-none.win32_1.15.0.201708311556/tools/compiler/bin/../lib/gcc/arm-none-eabi/6.3.1/thumb/v7e-m/fpv4-sp/hard/crtbegin.o

.rodata         0x08004d0c      0x124
                0x08004d0c                . = ALIGN (0x4)
 *(.rodata)
 .rodata        0x08004d0c       0x20 Drivers/STM32F3xx_HAL_Driver/Src/stm32f3xx_hal_rcc.o
                0x08004d0c                aPLLMULFactorTable
                0x08004d1c                aPredivFactorTable
 .rodata        0x08004d2c        0x5 Src/myNRF24.o
 *fill*         0x08004d31        0x3 
 .rodata        0x08004d34       0x18 Src/system_stm32f3xx.o
                0x08004d34                AHBPrescTable
                0x08004d44                APBPrescTable
 .rodata        0x08004d4c        0x4 Src/usbd_conf.o
 *(.rodata*)
 .rodata.str1.4
                0x08004d50       0x26 Src/basestationNRF24.o
 *fill*         0x08004d76        0x2 
 .rodata.str1.4
                0x08004d78        0x8 Src/main.o
 .rodata.str1.4
                0x08004d80        0xd Src/spi.o
 *fill*         0x08004d8d        0x3 
 .rodata.str1.4
                0x08004d90       0x13 Src/usbd_conf.o
 *fill*         0x08004da3        0x1 
 .rodata.str1.4
                0x08004da4       0x58 Src/usbd_desc.o
                                 0x56 (size before relaxing)
 .rodata._svfprintf_r.str1.1
                0x08004dfc       0x11 c:/ac6/systemworkbench/plugins/fr.ac6.mcu.externaltools.arm-none.win32_1.15.0.201708311556/tools/compiler/bin/../lib/gcc/arm-none-eabi/6.3.1/../../../../arm-none-eabi/lib/thumb/v7e-m/fpv4-sp/hard\libc_nano.a(lib_a-nano-svfprintf.o)
 .rodata._printf_i.str1.1
                0x08004e0d       0x22 c:/ac6/systemworkbench/plugins/fr.ac6.mcu.externaltools.arm-none.win32_1.15.0.201708311556/tools/compiler/bin/../lib/gcc/arm-none-eabi/6.3.1/../../../../arm-none-eabi/lib/thumb/v7e-m/fpv4-sp/hard\libc_nano.a(lib_a-nano-vfprintf_i.o)
                0x08004e30                . = ALIGN (0x4)
 *fill*         0x08004e2f        0x1 

.rel.dyn        0x08004e30        0x0
 .rel.iplt      0x08004e30        0x0 c:/ac6/systemworkbench/plugins/fr.ac6.mcu.externaltools.arm-none.win32_1.15.0.201708311556/tools/compiler/bin/../lib/gcc/arm-none-eabi/6.3.1/thumb/v7e-m/fpv4-sp/hard/crtbegin.o

.ARM.extab
 *(.ARM.extab* .gnu.linkonce.armextab.*)

.ARM            0x08004e30        0x0
                0x08004e30                __exidx_start = .
 *(.ARM.exidx*)
                0x08004e30                __exidx_end = .

.preinit_array  0x08004e30        0x0
                0x08004e30                PROVIDE (__preinit_array_start, .)
 *(.preinit_array*)
                0x08004e30                PROVIDE (__preinit_array_end, .)

.init_array     0x08004e30        0x4
                0x08004e30                PROVIDE (__init_array_start, .)
 *(SORT(.init_array.*))
 *(.init_array*)
 .init_array    0x08004e30        0x4 c:/ac6/systemworkbench/plugins/fr.ac6.mcu.externaltools.arm-none.win32_1.15.0.201708311556/tools/compiler/bin/../lib/gcc/arm-none-eabi/6.3.1/thumb/v7e-m/fpv4-sp/hard/crtbegin.o
                0x08004e34                PROVIDE (__init_array_end, .)

.fini_array     0x08004e34        0x4
                [!provide]                PROVIDE (__fini_array_start, .)
 *(SORT(.fini_array.*))
 *(.fini_array*)
 .fini_array    0x08004e34        0x4 c:/ac6/systemworkbench/plugins/fr.ac6.mcu.externaltools.arm-none.win32_1.15.0.201708311556/tools/compiler/bin/../lib/gcc/arm-none-eabi/6.3.1/thumb/v7e-m/fpv4-sp/hard/crtbegin.o
                [!provide]                PROVIDE (__fini_array_end, .)
                0x08004e38                _sidata = LOADADDR (.data)

.data           0x20000000      0x1bc load address 0x08004e38
                0x20000000                . = ALIGN (0x4)
                0x20000000                _sdata = .
 *(.data)
 .data          0x20000000      0x110 Middlewares/ST/STM32_USB_Device_Library/Class/CDC/Src/usbd_cdc.o
                0x20000000                USBD_CDC_CfgFSDesc
                0x20000044                USBD_CDC_CfgHSDesc
                0x20000088                USBD_CDC_OtherSpeedCfgDesc
                0x200000d8                USBD_CDC
 .data          0x20000110        0x4 Src/system_stm32f3xx.o
                0x20000110                SystemCoreClock
 .data          0x20000114       0x10 Src/usbd_cdc_if.o
                0x20000114                USBD_Interface_fops_FS
 .data          0x20000124       0x34 Src/usbd_desc.o
                0x20000124                USBD_FS_DeviceDesc
                0x20000138                USBD_LangIDDesc
                0x2000013c                FS_Desc
 *(.data*)
 .data._impure_ptr
                0x20000158        0x4 c:/ac6/systemworkbench/plugins/fr.ac6.mcu.externaltools.arm-none.win32_1.15.0.201708311556/tools/compiler/bin/../lib/gcc/arm-none-eabi/6.3.1/../../../../arm-none-eabi/lib/thumb/v7e-m/fpv4-sp/hard\libc_nano.a(lib_a-impure.o)
                0x20000158                _impure_ptr
 .data.impure_data
                0x2000015c       0x60 c:/ac6/systemworkbench/plugins/fr.ac6.mcu.externaltools.arm-none.win32_1.15.0.201708311556/tools/compiler/bin/../lib/gcc/arm-none-eabi/6.3.1/../../../../arm-none-eabi/lib/thumb/v7e-m/fpv4-sp/hard\libc_nano.a(lib_a-impure.o)
                0x200001bc                . = ALIGN (0x4)
                0x200001bc                _edata = .
                0x08004ff4                _siccmram = LOADADDR (.ccmram)

.jcr            0x200001bc        0x0 load address 0x08004ff4
 .jcr           0x200001bc        0x0 c:/ac6/systemworkbench/plugins/fr.ac6.mcu.externaltools.arm-none.win32_1.15.0.201708311556/tools/compiler/bin/../lib/gcc/arm-none-eabi/6.3.1/thumb/v7e-m/fpv4-sp/hard/crtbegin.o

.igot.plt       0x200001bc        0x0 load address 0x08004ff4
 .igot.plt      0x200001bc        0x0 c:/ac6/systemworkbench/plugins/fr.ac6.mcu.externaltools.arm-none.win32_1.15.0.201708311556/tools/compiler/bin/../lib/gcc/arm-none-eabi/6.3.1/thumb/v7e-m/fpv4-sp/hard/crtbegin.o

.ccmram         0x10000000        0x0 load address 0x08004ff4
                0x10000000                . = ALIGN (0x4)
                0x10000000                _sccmram = .
 *(.ccmram)
 *(.ccmram*)
                0x10000000                . = ALIGN (0x4)
                0x10000000                _eccmram = .
                0x10000000                . = ALIGN (0x4)

.bss            0x200001bc      0xf60
                0x200001bc                _sbss = .
                0x200001bc                __bss_start__ = _sbss
 *(.bss)
 .bss           0x200001bc       0x1c c:/ac6/systemworkbench/plugins/fr.ac6.mcu.externaltools.arm-none.win32_1.15.0.201708311556/tools/compiler/bin/../lib/gcc/arm-none-eabi/6.3.1/thumb/v7e-m/fpv4-sp/hard/crtbegin.o
 .bss           0x200001d8        0x1 Middlewares/ST/STM32_USB_Device_Library/Class/CDC/Src/usbd_cdc.o
 .bss           0x200001d9        0x1 Middlewares/ST/STM32_USB_Device_Library/Core/Src/usbd_ctlreq.o
 *fill*         0x200001da        0x2 
 .bss           0x200001dc        0x4 Src/usbd_cdc_if.o
                0x200001dc                usbLength
 .bss           0x200001e0      0x220 Src/usbd_conf.o
 *(.bss*)
 .bss.__malloc_free_list
                0x20000400        0x4 c:/ac6/systemworkbench/plugins/fr.ac6.mcu.externaltools.arm-none.win32_1.15.0.201708311556/tools/compiler/bin/../lib/gcc/arm-none-eabi/6.3.1/../../../../arm-none-eabi/lib/thumb/v7e-m/fpv4-sp/hard\libc_nano.a(lib_a-nano-mallocr.o)
                0x20000400                __malloc_free_list
 .bss.__malloc_sbrk_start
                0x20000404        0x4 c:/ac6/systemworkbench/plugins/fr.ac6.mcu.externaltools.arm-none.win32_1.15.0.201708311556/tools/compiler/bin/../lib/gcc/arm-none-eabi/6.3.1/../../../../arm-none-eabi/lib/thumb/v7e-m/fpv4-sp/hard\libc_nano.a(lib_a-nano-mallocr.o)
                0x20000404                __malloc_sbrk_start
 .bss.heap_end.5239
                0x20000408        0x4 c:/ac6/systemworkbench/plugins/fr.ac6.mcu.externaltools.arm-none.win32_1.15.0.201708311556/tools/compiler/bin/../lib/gcc/arm-none-eabi/6.3.1/../../../../arm-none-eabi/lib/thumb/v7e-m/fpv4-sp/hard\libnosys.a(sbrk.o)
 *(COMMON)
 COMMON         0x2000040c        0x4 Drivers/STM32F3xx_HAL_Driver/Src/stm32f3xx_hal.o
                0x2000040c                uwTick
 COMMON         0x20000410      0x400 Src/TextOut.o
                0x20000410                smallStrBuffer
 COMMON         0x20000810       0x18 Src/myNRF24.o
                0x20000810                spiHandle
                0x20000814                ceLow
                0x20000818                nssLow
                0x2000081c                irqRead
                0x20000820                ceHigh
                0x20000824                nssHigh
 COMMON         0x20000828       0x64 Src/spi.o
                0x20000828                hspi3
 COMMON         0x2000088c      0x224 Src/usb_device.o
                0x2000088c                hUsbDeviceFS
 COMMON         0x20000ab0       0xc0 Src/usbd_cdc_if.o
                0x20000ab0                UserRxBufferFS
                0x20000af0                usbData
                0x20000b30                UserTxBufferFS
 COMMON         0x20000b70      0x3a8 Src/usbd_conf.o
                0x20000b70                hpcd_USB_FS
 COMMON         0x20000f18      0x200 Src/usbd_desc.o
                0x20000f18                USBD_StrDesc
 COMMON         0x20001118        0x4 c:/ac6/systemworkbench/plugins/fr.ac6.mcu.externaltools.arm-none.win32_1.15.0.201708311556/tools/compiler/bin/../lib/gcc/arm-none-eabi/6.3.1/../../../../arm-none-eabi/lib/thumb/v7e-m/fpv4-sp/hard\libc_nano.a(lib_a-reent.o)
                0x20001118                errno
                0x2000111c                . = ALIGN (0x4)
                0x2000111c                _ebss = .
                0x2000111c                __bss_end__ = _ebss

._user_heap_stack
                0x2000111c      0x604
                0x20001120                . = ALIGN (0x8)
 *fill*         0x2000111c        0x4 
                0x20001120                PROVIDE (end, .)
                [!provide]                PROVIDE (_end, .)
                0x20001320                . = (. + _Min_Heap_Size)
 *fill*         0x20001120      0x200 
                0x20001720                . = (. + _Min_Stack_Size)
 *fill*         0x20001320      0x400 
                0x20001720                . = ALIGN (0x8)

/DISCARD/
 libc.a(*)
 libm.a(*)
 libgcc.a(*)

.ARM.attributes
                0x00000000       0x30
 *(.ARM.attributes)
 .ARM.attributes
                0x00000000       0x22 c:/ac6/systemworkbench/plugins/fr.ac6.mcu.externaltools.arm-none.win32_1.15.0.201708311556/tools/compiler/bin/../lib/gcc/arm-none-eabi/6.3.1/thumb/v7e-m/fpv4-sp/hard/crti.o
 .ARM.attributes
                0x00000022       0x34 c:/ac6/systemworkbench/plugins/fr.ac6.mcu.externaltools.arm-none.win32_1.15.0.201708311556/tools/compiler/bin/../lib/gcc/arm-none-eabi/6.3.1/thumb/v7e-m/fpv4-sp/hard/crtbegin.o
 .ARM.attributes
                0x00000056       0x39 Drivers/STM32F3xx_HAL_Driver/Src/stm32f3xx_hal.o
 .ARM.attributes
                0x0000008f       0x39 Drivers/STM32F3xx_HAL_Driver/Src/stm32f3xx_hal_cortex.o
 .ARM.attributes
                0x000000c8       0x39 Drivers/STM32F3xx_HAL_Driver/Src/stm32f3xx_hal_gpio.o
 .ARM.attributes
                0x00000101       0x39 Drivers/STM32F3xx_HAL_Driver/Src/stm32f3xx_hal_pcd.o
 .ARM.attributes
                0x0000013a       0x39 Drivers/STM32F3xx_HAL_Driver/Src/stm32f3xx_hal_pcd_ex.o
 .ARM.attributes
                0x00000173       0x39 Drivers/STM32F3xx_HAL_Driver/Src/stm32f3xx_hal_rcc.o
 .ARM.attributes
                0x000001ac       0x39 Drivers/STM32F3xx_HAL_Driver/Src/stm32f3xx_hal_rcc_ex.o
 .ARM.attributes
                0x000001e5       0x39 Drivers/STM32F3xx_HAL_Driver/Src/stm32f3xx_hal_spi.o
 .ARM.attributes
                0x0000021e       0x39 Middlewares/ST/STM32_USB_Device_Library/Class/CDC/Src/usbd_cdc.o
 .ARM.attributes
                0x00000257       0x39 Middlewares/ST/STM32_USB_Device_Library/Core/Src/usbd_core.o
 .ARM.attributes
                0x00000290       0x39 Middlewares/ST/STM32_USB_Device_Library/Core/Src/usbd_ctlreq.o
 .ARM.attributes
                0x000002c9       0x39 Middlewares/ST/STM32_USB_Device_Library/Core/Src/usbd_ioreq.o
 .ARM.attributes
                0x00000302       0x39 Src/TextOut.o
 .ARM.attributes
                0x0000033b       0x39 Src/basestationNRF24.o
 .ARM.attributes
                0x00000374       0x39 Src/bitops.o
 .ARM.attributes
                0x000003ad       0x39 Src/gpio.o
 .ARM.attributes
                0x000003e6       0x39 Src/main.o
 .ARM.attributes
                0x0000041f       0x39 Src/myNRF24.o
 .ARM.attributes
                0x00000458       0x39 Src/myNRF24basic.o
 .ARM.attributes
                0x00000491       0x39 Src/packing.o
 .ARM.attributes
                0x000004ca       0x39 Src/spi.o
 .ARM.attributes
                0x00000503       0x39 Src/stm32f3xx_hal_msp.o
 .ARM.attributes
                0x0000053c       0x39 Src/stm32f3xx_it.o
 .ARM.attributes
                0x00000575       0x39 Src/system_stm32f3xx.o
 .ARM.attributes
                0x000005ae       0x39 Src/usb_device.o
 .ARM.attributes
                0x000005e7       0x39 Src/usbd_cdc_if.o
 .ARM.attributes
                0x00000620       0x39 Src/usbd_conf.o
 .ARM.attributes
                0x00000659       0x39 Src/usbd_desc.o
 .ARM.attributes
                0x00000692       0x21 startup/startup_stm32f303xc.o
 .ARM.attributes
                0x000006b3       0x34 c:/ac6/systemworkbench/plugins/fr.ac6.mcu.externaltools.arm-none.win32_1.15.0.201708311556/tools/compiler/bin/../lib/gcc/arm-none-eabi/6.3.1/../../../../arm-none-eabi/lib/thumb/v7e-m/fpv4-sp/hard\libc_nano.a(lib_a-impure.o)
 .ARM.attributes
                0x000006e7       0x34 c:/ac6/systemworkbench/plugins/fr.ac6.mcu.externaltools.arm-none.win32_1.15.0.201708311556/tools/compiler/bin/../lib/gcc/arm-none-eabi/6.3.1/../../../../arm-none-eabi/lib/thumb/v7e-m/fpv4-sp/hard\libc_nano.a(lib_a-init.o)
 .ARM.attributes
                0x0000071b       0x34 c:/ac6/systemworkbench/plugins/fr.ac6.mcu.externaltools.arm-none.win32_1.15.0.201708311556/tools/compiler/bin/../lib/gcc/arm-none-eabi/6.3.1/../../../../arm-none-eabi/lib/thumb/v7e-m/fpv4-sp/hard\libc_nano.a(lib_a-memcpy-stub.o)
 .ARM.attributes
                0x0000074f       0x34 c:/ac6/systemworkbench/plugins/fr.ac6.mcu.externaltools.arm-none.win32_1.15.0.201708311556/tools/compiler/bin/../lib/gcc/arm-none-eabi/6.3.1/../../../../arm-none-eabi/lib/thumb/v7e-m/fpv4-sp/hard\libc_nano.a(lib_a-sprintf.o)
 .ARM.attributes
                0x00000783       0x1b c:/ac6/systemworkbench/plugins/fr.ac6.mcu.externaltools.arm-none.win32_1.15.0.201708311556/tools/compiler/bin/../lib/gcc/arm-none-eabi/6.3.1/../../../../arm-none-eabi/lib/thumb/v7e-m/fpv4-sp/hard\libc_nano.a(lib_a-strlen.o)
 .ARM.attributes
                0x0000079e       0x34 c:/ac6/systemworkbench/plugins/fr.ac6.mcu.externaltools.arm-none.win32_1.15.0.201708311556/tools/compiler/bin/../lib/gcc/arm-none-eabi/6.3.1/../../../../arm-none-eabi/lib/thumb/v7e-m/fpv4-sp/hard\libc_nano.a(lib_a-nano-svfprintf.o)
 .ARM.attributes
                0x000007d2       0x34 c:/ac6/systemworkbench/plugins/fr.ac6.mcu.externaltools.arm-none.win32_1.15.0.201708311556/tools/compiler/bin/../lib/gcc/arm-none-eabi/6.3.1/../../../../arm-none-eabi/lib/thumb/v7e-m/fpv4-sp/hard\libc_nano.a(lib_a-nano-vfprintf_i.o)
 .ARM.attributes
                0x00000806       0x20 c:/ac6/systemworkbench/plugins/fr.ac6.mcu.externaltools.arm-none.win32_1.15.0.201708311556/tools/compiler/bin/../lib/gcc/arm-none-eabi/6.3.1/../../../../arm-none-eabi/lib/thumb/v7e-m/fpv4-sp/hard\libc_nano.a(lib_a-memchr.o)
 .ARM.attributes
                0x00000826       0x34 c:/ac6/systemworkbench/plugins/fr.ac6.mcu.externaltools.arm-none.win32_1.15.0.201708311556/tools/compiler/bin/../lib/gcc/arm-none-eabi/6.3.1/../../../../arm-none-eabi/lib/thumb/v7e-m/fpv4-sp/hard\libc_nano.a(lib_a-memmove.o)
 .ARM.attributes
                0x0000085a       0x34 c:/ac6/systemworkbench/plugins/fr.ac6.mcu.externaltools.arm-none.win32_1.15.0.201708311556/tools/compiler/bin/../lib/gcc/arm-none-eabi/6.3.1/../../../../arm-none-eabi/lib/thumb/v7e-m/fpv4-sp/hard\libc_nano.a(lib_a-nano-freer.o)
 .ARM.attributes
                0x0000088e       0x34 c:/ac6/systemworkbench/plugins/fr.ac6.mcu.externaltools.arm-none.win32_1.15.0.201708311556/tools/compiler/bin/../lib/gcc/arm-none-eabi/6.3.1/../../../../arm-none-eabi/lib/thumb/v7e-m/fpv4-sp/hard\libc_nano.a(lib_a-nano-mallocr.o)
 .ARM.attributes
                0x000008c2       0x34 c:/ac6/systemworkbench/plugins/fr.ac6.mcu.externaltools.arm-none.win32_1.15.0.201708311556/tools/compiler/bin/../lib/gcc/arm-none-eabi/6.3.1/../../../../arm-none-eabi/lib/thumb/v7e-m/fpv4-sp/hard\libc_nano.a(lib_a-nano-reallocr.o)
 .ARM.attributes
                0x000008f6       0x34 c:/ac6/systemworkbench/plugins/fr.ac6.mcu.externaltools.arm-none.win32_1.15.0.201708311556/tools/compiler/bin/../lib/gcc/arm-none-eabi/6.3.1/../../../../arm-none-eabi/lib/thumb/v7e-m/fpv4-sp/hard\libc_nano.a(lib_a-sbrkr.o)
 .ARM.attributes
                0x0000092a       0x34 c:/ac6/systemworkbench/plugins/fr.ac6.mcu.externaltools.arm-none.win32_1.15.0.201708311556/tools/compiler/bin/../lib/gcc/arm-none-eabi/6.3.1/../../../../arm-none-eabi/lib/thumb/v7e-m/fpv4-sp/hard\libc_nano.a(lib_a-mlock.o)
 .ARM.attributes
                0x0000095e       0x34 c:/ac6/systemworkbench/plugins/fr.ac6.mcu.externaltools.arm-none.win32_1.15.0.201708311556/tools/compiler/bin/../lib/gcc/arm-none-eabi/6.3.1/../../../../arm-none-eabi/lib/thumb/v7e-m/fpv4-sp/hard\libc_nano.a(lib_a-nano-msizer.o)
 .ARM.attributes
                0x00000992       0x34 c:/ac6/systemworkbench/plugins/fr.ac6.mcu.externaltools.arm-none.win32_1.15.0.201708311556/tools/compiler/bin/../lib/gcc/arm-none-eabi/6.3.1/../../../../arm-none-eabi/lib/thumb/v7e-m/fpv4-sp/hard\libc_nano.a(lib_a-reent.o)
 .ARM.attributes
                0x000009c6       0x34 c:/ac6/systemworkbench/plugins/fr.ac6.mcu.externaltools.arm-none.win32_1.15.0.201708311556/tools/compiler/bin/../lib/gcc/arm-none-eabi/6.3.1/../../../../arm-none-eabi/lib/thumb/v7e-m/fpv4-sp/hard\libnosys.a(sbrk.o)
 .ARM.attributes
                0x000009fa       0x22 c:/ac6/systemworkbench/plugins/fr.ac6.mcu.externaltools.arm-none.win32_1.15.0.201708311556/tools/compiler/bin/../lib/gcc/arm-none-eabi/6.3.1/thumb/v7e-m/fpv4-sp/hard/crtn.o
OUTPUT(Basestation.elf elf32-littlearm)

.debug_info     0x00000000    0x21f53
 .debug_info    0x00000000      0xfc4 Drivers/STM32F3xx_HAL_Driver/Src/stm32f3xx_hal.o
 .debug_info    0x00000fc4     0x16c6 Drivers/STM32F3xx_HAL_Driver/Src/stm32f3xx_hal_cortex.o
 .debug_info    0x0000268a      0xef8 Drivers/STM32F3xx_HAL_Driver/Src/stm32f3xx_hal_gpio.o
 .debug_info    0x00003582     0x1a3c Drivers/STM32F3xx_HAL_Driver/Src/stm32f3xx_hal_pcd.o
 .debug_info    0x00004fbe      0xf10 Drivers/STM32F3xx_HAL_Driver/Src/stm32f3xx_hal_pcd_ex.o
 .debug_info    0x00005ece     0x1b56 Drivers/STM32F3xx_HAL_Driver/Src/stm32f3xx_hal_rcc.o
 .debug_info    0x00007a24     0x1041 Drivers/STM32F3xx_HAL_Driver/Src/stm32f3xx_hal_rcc_ex.o
 .debug_info    0x00008a65     0x296a Drivers/STM32F3xx_HAL_Driver/Src/stm32f3xx_hal_spi.o
 .debug_info    0x0000b3cf     0x1583 Middlewares/ST/STM32_USB_Device_Library/Class/CDC/Src/usbd_cdc.o
 .debug_info    0x0000c952     0x148a Middlewares/ST/STM32_USB_Device_Library/Core/Src/usbd_core.o
 .debug_info    0x0000dddc     0x161d Middlewares/ST/STM32_USB_Device_Library/Core/Src/usbd_ctlreq.o
 .debug_info    0x0000f3f9      0xfd9 Middlewares/ST/STM32_USB_Device_Library/Core/Src/usbd_ioreq.o
 .debug_info    0x000103d2     0x106d Src/TextOut.o
 .debug_info    0x0001143f     0x1c79 Src/basestationNRF24.o
 .debug_info    0x000130b8       0xff Src/bitops.o
 .debug_info    0x000131b7      0xd1f Src/gpio.o
 .debug_info    0x00013ed6     0x1cb5 Src/main.o
 .debug_info    0x00015b8b     0x1dda Src/myNRF24.o
 .debug_info    0x00017965     0x1253 Src/myNRF24basic.o
 .debug_info    0x00018bb8      0xbec Src/packing.o
 .debug_info    0x000197a4     0x1101 Src/spi.o
 .debug_info    0x0001a8a5      0xcfc Src/stm32f3xx_hal_msp.o
 .debug_info    0x0001b5a1      0xd8a Src/stm32f3xx_it.o
 .debug_info    0x0001c32b      0xc34 Src/system_stm32f3xx.o
 .debug_info    0x0001cf5f      0xeba Src/usb_device.o
 .debug_info    0x0001de19     0x10ea Src/usbd_cdc_if.o
 .debug_info    0x0001ef03     0x2258 Src/usbd_conf.o
 .debug_info    0x0002115b      0xd8e Src/usbd_desc.o
 .debug_info    0x00021ee9       0x6a startup/startup_stm32f303xc.o

.debug_abbrev   0x00000000     0x4f68
 .debug_abbrev  0x00000000      0x2ee Drivers/STM32F3xx_HAL_Driver/Src/stm32f3xx_hal.o
 .debug_abbrev  0x000002ee      0x3a9 Drivers/STM32F3xx_HAL_Driver/Src/stm32f3xx_hal_cortex.o
 .debug_abbrev  0x00000697      0x2b2 Drivers/STM32F3xx_HAL_Driver/Src/stm32f3xx_hal_gpio.o
 .debug_abbrev  0x00000949      0x410 Drivers/STM32F3xx_HAL_Driver/Src/stm32f3xx_hal_pcd.o
 .debug_abbrev  0x00000d59      0x275 Drivers/STM32F3xx_HAL_Driver/Src/stm32f3xx_hal_pcd_ex.o
 .debug_abbrev  0x00000fce      0x38f Drivers/STM32F3xx_HAL_Driver/Src/stm32f3xx_hal_rcc.o
 .debug_abbrev  0x0000135d      0x35a Drivers/STM32F3xx_HAL_Driver/Src/stm32f3xx_hal_rcc_ex.o
 .debug_abbrev  0x000016b7      0x402 Drivers/STM32F3xx_HAL_Driver/Src/stm32f3xx_hal_spi.o
 .debug_abbrev  0x00001ab9      0x312 Middlewares/ST/STM32_USB_Device_Library/Class/CDC/Src/usbd_cdc.o
 .debug_abbrev  0x00001dcb      0x341 Middlewares/ST/STM32_USB_Device_Library/Core/Src/usbd_core.o
 .debug_abbrev  0x0000210c      0x3d3 Middlewares/ST/STM32_USB_Device_Library/Core/Src/usbd_ctlreq.o
 .debug_abbrev  0x000024df      0x213 Middlewares/ST/STM32_USB_Device_Library/Core/Src/usbd_ioreq.o
 .debug_abbrev  0x000026f2      0x28e Src/TextOut.o
 .debug_abbrev  0x00002980      0x350 Src/basestationNRF24.o
 .debug_abbrev  0x00002cd0       0x8e Src/bitops.o
 .debug_abbrev  0x00002d5e      0x232 Src/gpio.o
 .debug_abbrev  0x00002f90      0x321 Src/main.o
 .debug_abbrev  0x000032b1      0x443 Src/myNRF24.o
 .debug_abbrev  0x000036f4      0x2cb Src/myNRF24basic.o
 .debug_abbrev  0x000039bf      0x1fb Src/packing.o
 .debug_abbrev  0x00003bba      0x262 Src/spi.o
 .debug_abbrev  0x00003e1c      0x230 Src/stm32f3xx_hal_msp.o
 .debug_abbrev  0x0000404c      0x211 Src/stm32f3xx_it.o
 .debug_abbrev  0x0000425d      0x205 Src/system_stm32f3xx.o
 .debug_abbrev  0x00004462      0x219 Src/usb_device.o
 .debug_abbrev  0x0000467b      0x2f3 Src/usbd_cdc_if.o
 .debug_abbrev  0x0000496e      0x334 Src/usbd_conf.o
 .debug_abbrev  0x00004ca2      0x2b4 Src/usbd_desc.o
 .debug_abbrev  0x00004f56       0x12 startup/startup_stm32f303xc.o

.debug_loc      0x00000000     0x87ea
 .debug_loc     0x00000000       0x69 Drivers/STM32F3xx_HAL_Driver/Src/stm32f3xx_hal.o
 .debug_loc     0x00000069      0x63a Drivers/STM32F3xx_HAL_Driver/Src/stm32f3xx_hal_cortex.o
 .debug_loc     0x000006a3      0x3af Drivers/STM32F3xx_HAL_Driver/Src/stm32f3xx_hal_gpio.o
 .debug_loc     0x00000a52     0x14ad Drivers/STM32F3xx_HAL_Driver/Src/stm32f3xx_hal_pcd.o
 .debug_loc     0x00001eff      0x3d4 Drivers/STM32F3xx_HAL_Driver/Src/stm32f3xx_hal_pcd_ex.o
 .debug_loc     0x000022d3      0x8fd Drivers/STM32F3xx_HAL_Driver/Src/stm32f3xx_hal_rcc.o
 .debug_loc     0x00002bd0      0x8a8 Drivers/STM32F3xx_HAL_Driver/Src/stm32f3xx_hal_rcc_ex.o
 .debug_loc     0x00003478     0x1db1 Drivers/STM32F3xx_HAL_Driver/Src/stm32f3xx_hal_spi.o
 .debug_loc     0x00005229      0x542 Middlewares/ST/STM32_USB_Device_Library/Class/CDC/Src/usbd_cdc.o
 .debug_loc     0x0000576b      0x727 Middlewares/ST/STM32_USB_Device_Library/Core/Src/usbd_core.o
 .debug_loc     0x00005e92      0xb3a Middlewares/ST/STM32_USB_Device_Library/Core/Src/usbd_ctlreq.o
 .debug_loc     0x000069cc      0x23c Middlewares/ST/STM32_USB_Device_Library/Core/Src/usbd_ioreq.o
 .debug_loc     0x00006c08      0x11b Src/TextOut.o
 .debug_loc     0x00006d23      0x23f Src/basestationNRF24.o
 .debug_loc     0x00006f62       0x9d Src/bitops.o
 .debug_loc     0x00006fff       0x19 Src/main.o
 .debug_loc     0x00007018      0x77d Src/myNRF24.o
 .debug_loc     0x00007795      0x208 Src/myNRF24basic.o
 .debug_loc     0x0000799d       0x42 Src/packing.o
 .debug_loc     0x000079df       0x42 Src/spi.o
 .debug_loc     0x00007a21      0x109 Src/system_stm32f3xx.o
 .debug_loc     0x00007b2a       0xff Src/usbd_cdc_if.o
 .debug_loc     0x00007c29      0x94e Src/usbd_conf.o
 .debug_loc     0x00008577      0x273 Src/usbd_desc.o

.debug_aranges  0x00000000      0xbe8
 .debug_aranges
                0x00000000       0xc0 Drivers/STM32F3xx_HAL_Driver/Src/stm32f3xx_hal.o
 .debug_aranges
                0x000000c0       0xa8 Drivers/STM32F3xx_HAL_Driver/Src/stm32f3xx_hal_cortex.o
 .debug_aranges
                0x00000168       0x58 Drivers/STM32F3xx_HAL_Driver/Src/stm32f3xx_hal_gpio.o
 .debug_aranges
                0x000001c0       0xc0 Drivers/STM32F3xx_HAL_Driver/Src/stm32f3xx_hal_pcd.o
 .debug_aranges
                0x00000280       0x38 Drivers/STM32F3xx_HAL_Driver/Src/stm32f3xx_hal_pcd_ex.o
 .debug_aranges
                0x000002b8       0x88 Drivers/STM32F3xx_HAL_Driver/Src/stm32f3xx_hal_rcc.o
 .debug_aranges
                0x00000340       0x30 Drivers/STM32F3xx_HAL_Driver/Src/stm32f3xx_hal_rcc_ex.o
 .debug_aranges
                0x00000370      0x1b0 Drivers/STM32F3xx_HAL_Driver/Src/stm32f3xx_hal_spi.o
 .debug_aranges
                0x00000520       0x90 Middlewares/ST/STM32_USB_Device_Library/Class/CDC/Src/usbd_cdc.o
 .debug_aranges
                0x000005b0       0xa8 Middlewares/ST/STM32_USB_Device_Library/Core/Src/usbd_core.o
 .debug_aranges
                0x00000658       0x48 Middlewares/ST/STM32_USB_Device_Library/Core/Src/usbd_ctlreq.o
 .debug_aranges
                0x000006a0       0x50 Middlewares/ST/STM32_USB_Device_Library/Core/Src/usbd_ioreq.o
 .debug_aranges
                0x000006f0       0x30 Src/TextOut.o
 .debug_aranges
                0x00000720       0x58 Src/basestationNRF24.o
 .debug_aranges
                0x00000778       0x28 Src/bitops.o
 .debug_aranges
                0x000007a0       0x20 Src/gpio.o
 .debug_aranges
                0x000007c0       0x40 Src/main.o
 .debug_aranges
                0x00000800       0xe8 Src/myNRF24.o
 .debug_aranges
                0x000008e8       0x40 Src/myNRF24basic.o
 .debug_aranges
                0x00000928       0x38 Src/packing.o
 .debug_aranges
                0x00000960       0x30 Src/spi.o
 .debug_aranges
                0x00000990       0x20 Src/stm32f3xx_hal_msp.o
 .debug_aranges
                0x000009b0       0x28 Src/stm32f3xx_it.o
 .debug_aranges
                0x000009d8       0x28 Src/system_stm32f3xx.o
 .debug_aranges
                0x00000a00       0x20 Src/usb_device.o
 .debug_aranges
                0x00000a20       0x40 Src/usbd_cdc_if.o
 .debug_aranges
                0x00000a60      0x110 Src/usbd_conf.o
 .debug_aranges
                0x00000b70       0x50 Src/usbd_desc.o
 .debug_aranges
                0x00000bc0       0x28 startup/startup_stm32f303xc.o

.debug_ranges   0x00000000     0x12d0
 .debug_ranges  0x00000000       0xb0 Drivers/STM32F3xx_HAL_Driver/Src/stm32f3xx_hal.o
 .debug_ranges  0x000000b0      0x160 Drivers/STM32F3xx_HAL_Driver/Src/stm32f3xx_hal_cortex.o
 .debug_ranges  0x00000210       0x60 Drivers/STM32F3xx_HAL_Driver/Src/stm32f3xx_hal_gpio.o
 .debug_ranges  0x00000270      0x1e8 Drivers/STM32F3xx_HAL_Driver/Src/stm32f3xx_hal_pcd.o
 .debug_ranges  0x00000458       0x28 Drivers/STM32F3xx_HAL_Driver/Src/stm32f3xx_hal_pcd_ex.o
 .debug_ranges  0x00000480      0x270 Drivers/STM32F3xx_HAL_Driver/Src/stm32f3xx_hal_rcc.o
 .debug_ranges  0x000006f0       0xf8 Drivers/STM32F3xx_HAL_Driver/Src/stm32f3xx_hal_rcc_ex.o
 .debug_ranges  0x000007e8      0x320 Drivers/STM32F3xx_HAL_Driver/Src/stm32f3xx_hal_spi.o
 .debug_ranges  0x00000b08       0x80 Middlewares/ST/STM32_USB_Device_Library/Class/CDC/Src/usbd_cdc.o
 .debug_ranges  0x00000b88       0x98 Middlewares/ST/STM32_USB_Device_Library/Core/Src/usbd_core.o
 .debug_ranges  0x00000c20       0xe8 Middlewares/ST/STM32_USB_Device_Library/Core/Src/usbd_ctlreq.o
 .debug_ranges  0x00000d08       0x40 Middlewares/ST/STM32_USB_Device_Library/Core/Src/usbd_ioreq.o
 .debug_ranges  0x00000d48       0x20 Src/TextOut.o
 .debug_ranges  0x00000d68       0x90 Src/basestationNRF24.o
 .debug_ranges  0x00000df8       0x18 Src/bitops.o
 .debug_ranges  0x00000e10       0x50 Src/gpio.o
 .debug_ranges  0x00000e60       0x30 Src/main.o
 .debug_ranges  0x00000e90      0x178 Src/myNRF24.o
 .debug_ranges  0x00001008       0x30 Src/myNRF24basic.o
 .debug_ranges  0x00001038       0x28 Src/packing.o
 .debug_ranges  0x00001060       0x50 Src/spi.o
 .debug_ranges  0x000010b0       0x38 Src/stm32f3xx_hal_msp.o
 .debug_ranges  0x000010e8       0x18 Src/stm32f3xx_it.o
 .debug_ranges  0x00001100       0x18 Src/system_stm32f3xx.o
 .debug_ranges  0x00001118       0x10 Src/usb_device.o
 .debug_ranges  0x00001128       0x30 Src/usbd_cdc_if.o
 .debug_ranges  0x00001158      0x118 Src/usbd_conf.o
 .debug_ranges  0x00001270       0x40 Src/usbd_desc.o
 .debug_ranges  0x000012b0       0x20 startup/startup_stm32f303xc.o

.debug_macro    0x00000000    0x1e42b
 .debug_macro   0x00000000      0x33f Drivers/STM32F3xx_HAL_Driver/Src/stm32f3xx_hal.o
 .debug_macro   0x0000033f      0x8c8 Drivers/STM32F3xx_HAL_Driver/Src/stm32f3xx_hal.o
 .debug_macro   0x00000c07      0x19d Drivers/STM32F3xx_HAL_Driver/Src/stm32f3xx_hal.o
 .debug_macro   0x00000da4       0xa5 Drivers/STM32F3xx_HAL_Driver/Src/stm32f3xx_hal.o
 .debug_macro   0x00000e49       0x2f Drivers/STM32F3xx_HAL_Driver/Src/stm32f3xx_hal.o
 .debug_macro   0x00000e78       0x28 Drivers/STM32F3xx_HAL_Driver/Src/stm32f3xx_hal.o
 .debug_macro   0x00000ea0       0x22 Drivers/STM32F3xx_HAL_Driver/Src/stm32f3xx_hal.o
 .debug_macro   0x00000ec2       0x87 Drivers/STM32F3xx_HAL_Driver/Src/stm32f3xx_hal.o
 .debug_macro   0x00000f49       0x51 Drivers/STM32F3xx_HAL_Driver/Src/stm32f3xx_hal.o
 .debug_macro   0x00000f9a       0xef Drivers/STM32F3xx_HAL_Driver/Src/stm32f3xx_hal.o
 .debug_macro   0x00001089       0x6a Drivers/STM32F3xx_HAL_Driver/Src/stm32f3xx_hal.o
 .debug_macro   0x000010f3      0x1df Drivers/STM32F3xx_HAL_Driver/Src/stm32f3xx_hal.o
 .debug_macro   0x000012d2       0x35 Drivers/STM32F3xx_HAL_Driver/Src/stm32f3xx_hal.o
 .debug_macro   0x00001307       0x50 Drivers/STM32F3xx_HAL_Driver/Src/stm32f3xx_hal.o
 .debug_macro   0x00001357      0xe66 Drivers/STM32F3xx_HAL_Driver/Src/stm32f3xx_hal.o
 .debug_macro   0x000021bd    0x12a56 Drivers/STM32F3xx_HAL_Driver/Src/stm32f3xx_hal.o
 .debug_macro   0x00014c13       0x43 Drivers/STM32F3xx_HAL_Driver/Src/stm32f3xx_hal.o
 .debug_macro   0x00014c56       0x58 Drivers/STM32F3xx_HAL_Driver/Src/stm32f3xx_hal.o
 .debug_macro   0x00014cae       0x35 Drivers/STM32F3xx_HAL_Driver/Src/stm32f3xx_hal.o
 .debug_macro   0x00014ce3       0x9c Drivers/STM32F3xx_HAL_Driver/Src/stm32f3xx_hal.o
 .debug_macro   0x00014d7f       0x16 Drivers/STM32F3xx_HAL_Driver/Src/stm32f3xx_hal.o
 .debug_macro   0x00014d95       0x97 Drivers/STM32F3xx_HAL_Driver/Src/stm32f3xx_hal.o
 .debug_macro   0x00014e2c      0x330 Drivers/STM32F3xx_HAL_Driver/Src/stm32f3xx_hal.o
 .debug_macro   0x0001515c       0xfd Drivers/STM32F3xx_HAL_Driver/Src/stm32f3xx_hal.o
 .debug_macro   0x00015259       0x10 Drivers/STM32F3xx_HAL_Driver/Src/stm32f3xx_hal.o
 .debug_macro   0x00015269       0x58 Drivers/STM32F3xx_HAL_Driver/Src/stm32f3xx_hal.o
 .debug_macro   0x000152c1       0x1f Drivers/STM32F3xx_HAL_Driver/Src/stm32f3xx_hal.o
 .debug_macro   0x000152e0       0x43 Drivers/STM32F3xx_HAL_Driver/Src/stm32f3xx_hal.o
 .debug_macro   0x00015323       0x20 Drivers/STM32F3xx_HAL_Driver/Src/stm32f3xx_hal.o
 .debug_macro   0x00015343      0x187 Drivers/STM32F3xx_HAL_Driver/Src/stm32f3xx_hal.o
 .debug_macro   0x000154ca       0x10 Drivers/STM32F3xx_HAL_Driver/Src/stm32f3xx_hal.o
 .debug_macro   0x000154da       0x1c Drivers/STM32F3xx_HAL_Driver/Src/stm32f3xx_hal.o
 .debug_macro   0x000154f6       0x52 Drivers/STM32F3xx_HAL_Driver/Src/stm32f3xx_hal.o
 .debug_macro   0x00015548       0x40 Drivers/STM32F3xx_HAL_Driver/Src/stm32f3xx_hal.o
 .debug_macro   0x00015588       0x10 Drivers/STM32F3xx_HAL_Driver/Src/stm32f3xx_hal.o
 .debug_macro   0x00015598       0x40 Drivers/STM32F3xx_HAL_Driver/Src/stm32f3xx_hal.o
 .debug_macro   0x000155d8       0xd7 Drivers/STM32F3xx_HAL_Driver/Src/stm32f3xx_hal.o
 .debug_macro   0x000156af       0x16 Drivers/STM32F3xx_HAL_Driver/Src/stm32f3xx_hal.o
 .debug_macro   0x000156c5      0x18b Drivers/STM32F3xx_HAL_Driver/Src/stm32f3xx_hal.o
 .debug_macro   0x00015850       0x49 Drivers/STM32F3xx_HAL_Driver/Src/stm32f3xx_hal.o
 .debug_macro   0x00015899      0x968 Drivers/STM32F3xx_HAL_Driver/Src/stm32f3xx_hal.o
 .debug_macro   0x00016201      0x5fe Drivers/STM32F3xx_HAL_Driver/Src/stm32f3xx_hal.o
 .debug_macro   0x000167ff      0x13a Drivers/STM32F3xx_HAL_Driver/Src/stm32f3xx_hal.o
 .debug_macro   0x00016939      0x1fb Drivers/STM32F3xx_HAL_Driver/Src/stm32f3xx_hal.o
 .debug_macro   0x00016b34      0x1bc Drivers/STM32F3xx_HAL_Driver/Src/stm32f3xx_hal.o
 .debug_macro   0x00016cf0       0x31 Drivers/STM32F3xx_HAL_Driver/Src/stm32f3xx_hal.o
 .debug_macro   0x00016d21       0x3c Drivers/STM32F3xx_HAL_Driver/Src/stm32f3xx_hal.o
 .debug_macro   0x00016d5d      0x23a Drivers/STM32F3xx_HAL_Driver/Src/stm32f3xx_hal.o
 .debug_macro   0x00016f97       0xcb Drivers/STM32F3xx_HAL_Driver/Src/stm32f3xx_hal.o
 .debug_macro   0x00017062      0x22b Drivers/STM32F3xx_HAL_Driver/Src/stm32f3xx_hal.o
 .debug_macro   0x0001728d      0x202 Drivers/STM32F3xx_HAL_Driver/Src/stm32f3xx_hal.o
 .debug_macro   0x0001748f       0x5b Drivers/STM32F3xx_HAL_Driver/Src/stm32f3xx_hal.o
 .debug_macro   0x000174ea       0x90 Drivers/STM32F3xx_HAL_Driver/Src/stm32f3xx_hal.o
 .debug_macro   0x0001757a       0x28 Drivers/STM32F3xx_HAL_Driver/Src/stm32f3xx_hal.o
 .debug_macro   0x000175a2      0x265 Drivers/STM32F3xx_HAL_Driver/Src/stm32f3xx_hal.o
 .debug_macro   0x00017807       0x82 Drivers/STM32F3xx_HAL_Driver/Src/stm32f3xx_hal.o
 .debug_macro   0x00017889       0xd3 Drivers/STM32F3xx_HAL_Driver/Src/stm32f3xx_hal.o
 .debug_macro   0x0001795c      0x2e9 Drivers/STM32F3xx_HAL_Driver/Src/stm32f3xx_hal.o
 .debug_macro   0x00017c45      0x26e Drivers/STM32F3xx_HAL_Driver/Src/stm32f3xx_hal.o
 .debug_macro   0x00017eb3      0x31b Drivers/STM32F3xx_HAL_Driver/Src/stm32f3xx_hal_cortex.o
 .debug_macro   0x000181ce      0x353 Drivers/STM32F3xx_HAL_Driver/Src/stm32f3xx_hal_gpio.o
 .debug_macro   0x00018521      0x321 Drivers/STM32F3xx_HAL_Driver/Src/stm32f3xx_hal_pcd.o
 .debug_macro   0x00018842      0x31b Drivers/STM32F3xx_HAL_Driver/Src/stm32f3xx_hal_pcd_ex.o
 .debug_macro   0x00018b5d      0x33f Drivers/STM32F3xx_HAL_Driver/Src/stm32f3xx_hal_rcc.o
 .debug_macro   0x00018e9c      0x31b Drivers/STM32F3xx_HAL_Driver/Src/stm32f3xx_hal_rcc_ex.o
 .debug_macro   0x000191b7      0x323 Drivers/STM32F3xx_HAL_Driver/Src/stm32f3xx_hal_spi.o
 .debug_macro   0x000194da      0x3d1 Middlewares/ST/STM32_USB_Device_Library/Class/CDC/Src/usbd_cdc.o
 .debug_macro   0x000198ab       0x52 Middlewares/ST/STM32_USB_Device_Library/Class/CDC/Src/usbd_cdc.o
 .debug_macro   0x000198fd       0x8d Middlewares/ST/STM32_USB_Device_Library/Class/CDC/Src/usbd_cdc.o
 .debug_macro   0x0001998a       0x57 Middlewares/ST/STM32_USB_Device_Library/Class/CDC/Src/usbd_cdc.o
 .debug_macro   0x000199e1       0x16 Middlewares/ST/STM32_USB_Device_Library/Class/CDC/Src/usbd_cdc.o
 .debug_macro   0x000199f7       0x35 Middlewares/ST/STM32_USB_Device_Library/Class/CDC/Src/usbd_cdc.o
 .debug_macro   0x00019a2c       0x16 Middlewares/ST/STM32_USB_Device_Library/Class/CDC/Src/usbd_cdc.o
 .debug_macro   0x00019a42       0x29 Middlewares/ST/STM32_USB_Device_Library/Class/CDC/Src/usbd_cdc.o
 .debug_macro   0x00019a6b       0x16 Middlewares/ST/STM32_USB_Device_Library/Class/CDC/Src/usbd_cdc.o
 .debug_macro   0x00019a81       0x64 Middlewares/ST/STM32_USB_Device_Library/Class/CDC/Src/usbd_cdc.o
 .debug_macro   0x00019ae5      0x1c3 Middlewares/ST/STM32_USB_Device_Library/Class/CDC/Src/usbd_cdc.o
 .debug_macro   0x00019ca8       0x83 Middlewares/ST/STM32_USB_Device_Library/Class/CDC/Src/usbd_cdc.o
 .debug_macro   0x00019d2b      0x3b8 Middlewares/ST/STM32_USB_Device_Library/Core/Src/usbd_core.o
 .debug_macro   0x0001a0e3      0x3b8 Middlewares/ST/STM32_USB_Device_Library/Core/Src/usbd_ctlreq.o
 .debug_macro   0x0001a49b      0x3b4 Middlewares/ST/STM32_USB_Device_Library/Core/Src/usbd_ioreq.o
 .debug_macro   0x0001a84f      0x3e7 Src/TextOut.o
 .debug_macro   0x0001ac36      0x438 Src/basestationNRF24.o
 .debug_macro   0x0001b06e       0x10 Src/basestationNRF24.o
 .debug_macro   0x0001b07e      0x45d Src/basestationNRF24.o
 .debug_macro   0x0001b4db       0x46 Src/basestationNRF24.o
 .debug_macro   0x0001b521       0x1c Src/basestationNRF24.o
 .debug_macro   0x0001b53d       0xa7 Src/bitops.o
 .debug_macro   0x0001b5e4       0x82 Src/bitops.o
 .debug_macro   0x0001b666      0x325 Src/gpio.o
 .debug_macro   0x0001b98b      0x486 Src/main.o
 .debug_macro   0x0001be11      0x363 Src/myNRF24.o
 .debug_macro   0x0001c174      0x34a Src/myNRF24basic.o
 .debug_macro   0x0001c4be       0x3b Src/myNRF24basic.o
 .debug_macro   0x0001c4f9       0xa2 Src/myNRF24basic.o
 .debug_macro   0x0001c59b       0x8d Src/myNRF24basic.o
 .debug_macro   0x0001c628      0x1d2 Src/packing.o
 .debug_macro   0x0001c7fa       0x16 Src/packing.o
 .debug_macro   0x0001c810      0x32f Src/spi.o
 .debug_macro   0x0001cb3f      0x31b Src/stm32f3xx_hal_msp.o
 .debug_macro   0x0001ce5a      0x325 Src/stm32f3xx_it.o
 .debug_macro   0x0001d17f      0x321 Src/system_stm32f3xx.o
 .debug_macro   0x0001d4a0      0x3ef Src/usb_device.o
 .debug_macro   0x0001d88f      0x3d9 Src/usbd_cdc_if.o
 .debug_macro   0x0001dc68      0x3d1 Src/usbd_conf.o
 .debug_macro   0x0001e039      0x3f2 Src/usbd_desc.o

.debug_line     0x00000000    0x10499
 .debug_line    0x00000000      0x8d1 Drivers/STM32F3xx_HAL_Driver/Src/stm32f3xx_hal.o
 .debug_line    0x000008d1      0x993 Drivers/STM32F3xx_HAL_Driver/Src/stm32f3xx_hal_cortex.o
 .debug_line    0x00001264      0x913 Drivers/STM32F3xx_HAL_Driver/Src/stm32f3xx_hal_gpio.o
 .debug_line    0x00001b77      0xc8e Drivers/STM32F3xx_HAL_Driver/Src/stm32f3xx_hal_pcd.o
 .debug_line    0x00002805      0x7d7 Drivers/STM32F3xx_HAL_Driver/Src/stm32f3xx_hal_pcd_ex.o
 .debug_line    0x00002fdc      0xd4a Drivers/STM32F3xx_HAL_Driver/Src/stm32f3xx_hal_rcc.o
 .debug_line    0x00003d26      0x9e4 Drivers/STM32F3xx_HAL_Driver/Src/stm32f3xx_hal_rcc_ex.o
 .debug_line    0x0000470a     0x136c Drivers/STM32F3xx_HAL_Driver/Src/stm32f3xx_hal_spi.o
 .debug_line    0x00005a76      0xa46 Middlewares/ST/STM32_USB_Device_Library/Class/CDC/Src/usbd_cdc.o
 .debug_line    0x000064bc      0xa2e Middlewares/ST/STM32_USB_Device_Library/Core/Src/usbd_core.o
 .debug_line    0x00006eea      0x9b2 Middlewares/ST/STM32_USB_Device_Library/Core/Src/usbd_ctlreq.o
 .debug_line    0x0000789c      0x8c7 Middlewares/ST/STM32_USB_Device_Library/Core/Src/usbd_ioreq.o
 .debug_line    0x00008163      0x8eb Src/TextOut.o
 .debug_line    0x00008a4e      0xa37 Src/basestationNRF24.o
 .debug_line    0x00009485      0x345 Src/bitops.o
 .debug_line    0x000097ca      0x792 Src/gpio.o
 .debug_line    0x00009f5c      0xa37 Src/main.o
 .debug_line    0x0000a993      0xa4f Src/myNRF24.o
 .debug_line    0x0000b3e2      0x860 Src/myNRF24basic.o
 .debug_line    0x0000bc42      0x4ee Src/packing.o
 .debug_line    0x0000c130      0x7ab Src/spi.o
 .debug_line    0x0000c8db      0x74c Src/stm32f3xx_hal_msp.o
 .debug_line    0x0000d027      0x75d Src/stm32f3xx_it.o
 .debug_line    0x0000d784      0x786 Src/system_stm32f3xx.o
 .debug_line    0x0000df0a      0x8b1 Src/usb_device.o
 .debug_line    0x0000e7bb      0x8e2 Src/usbd_cdc_if.o
 .debug_line    0x0000f09d      0xae7 Src/usbd_conf.o
 .debug_line    0x0000fb84      0x896 Src/usbd_desc.o
 .debug_line    0x0001041a       0x7f startup/startup_stm32f303xc.o

.debug_str      0x00000000    0x92fe7
 .debug_str     0x00000000    0x8dc42 Drivers/STM32F3xx_HAL_Driver/Src/stm32f3xx_hal.o
                              0x8dfc1 (size before relaxing)
 .debug_str     0x0008dc42      0x3e9 Drivers/STM32F3xx_HAL_Driver/Src/stm32f3xx_hal_cortex.o
                              0x8e0b6 (size before relaxing)
 .debug_str     0x0008e02b      0x2b3 Drivers/STM32F3xx_HAL_Driver/Src/stm32f3xx_hal_gpio.o
                              0x8da8e (size before relaxing)
 .debug_str     0x0008e2de      0x63c Drivers/STM32F3xx_HAL_Driver/Src/stm32f3xx_hal_pcd.o
                              0x8de00 (size before relaxing)
 .debug_str     0x0008e91a       0x8c Drivers/STM32F3xx_HAL_Driver/Src/stm32f3xx_hal_pcd_ex.o
                              0x8dae8 (size before relaxing)
 .debug_str     0x0008e9a6      0x40d Drivers/STM32F3xx_HAL_Driver/Src/stm32f3xx_hal_rcc.o
                              0x8dc98 (size before relaxing)
 .debug_str     0x0008edb3      0x22f Drivers/STM32F3xx_HAL_Driver/Src/stm32f3xx_hal_rcc_ex.o
                              0x8daa2 (size before relaxing)
 .debug_str     0x0008efe2      0x8e9 Drivers/STM32F3xx_HAL_Driver/Src/stm32f3xx_hal_spi.o
                              0x8e0ff (size before relaxing)
 .debug_str     0x0008f8cb     0x12ca Middlewares/ST/STM32_USB_Device_Library/Class/CDC/Src/usbd_cdc.o
                              0x8eaed (size before relaxing)
 .debug_str     0x00090b95      0x29b Middlewares/ST/STM32_USB_Device_Library/Core/Src/usbd_core.o
                              0x8e7ae (size before relaxing)
 .debug_str     0x00090e30      0x12e Middlewares/ST/STM32_USB_Device_Library/Core/Src/usbd_ctlreq.o
                              0x8e6c8 (size before relaxing)
 .debug_str     0x00090f5e       0x51 Middlewares/ST/STM32_USB_Device_Library/Core/Src/usbd_ioreq.o
                              0x8e5f5 (size before relaxing)
 .debug_str     0x00090faf       0xde Src/TextOut.o
                              0x8e8e0 (size before relaxing)
 .debug_str     0x0009108d     0x161a Src/basestationNRF24.o
                              0x90287 (size before relaxing)
 .debug_str     0x000926a7       0x2d Src/bitops.o
                               0x4800 (size before relaxing)
 .debug_str     0x000926d4       0x35 Src/gpio.o
                              0x8d84e (size before relaxing)
 .debug_str     0x00092709      0x1b7 Src/main.o
                              0x907bc (size before relaxing)
 .debug_str     0x000928c0      0x2b6 Src/myNRF24.o
                              0x8f225 (size before relaxing)
 .debug_str     0x00092b76       0x49 Src/myNRF24basic.o
                              0x8eee2 (size before relaxing)
 .debug_str     0x00092bbf       0x3f Src/packing.o
                               0x87f9 (size before relaxing)
 .debug_str     0x00092bfe        0xd Src/spi.o
                              0x8dc75 (size before relaxing)
 .debug_str     0x00092c0b       0x1b Src/stm32f3xx_hal_msp.o
                              0x8dbf7 (size before relaxing)
 .debug_str     0x00092c26       0x44 Src/stm32f3xx_it.o
                              0x8da6a (size before relaxing)
 .debug_str     0x00092c6a       0x64 Src/system_stm32f3xx.o
                              0x8d831 (size before relaxing)
 .debug_str     0x00092cce       0x14 Src/usb_device.o
                              0x8e877 (size before relaxing)
 .debug_str     0x00092ce2       0x93 Src/usbd_cdc_if.o
                              0x8e97b (size before relaxing)
 .debug_str     0x00092d75       0x51 Src/usbd_conf.o
                              0x8f501 (size before relaxing)
 .debug_str     0x00092dc6      0x221 Src/usbd_desc.o
                              0x8e48e (size before relaxing)

.comment        0x00000000       0x7f
 .comment       0x00000000       0x7f Drivers/STM32F3xx_HAL_Driver/Src/stm32f3xx_hal.o
                                 0x80 (size before relaxing)
 .comment       0x0000007f       0x80 Drivers/STM32F3xx_HAL_Driver/Src/stm32f3xx_hal_cortex.o
 .comment       0x0000007f       0x80 Drivers/STM32F3xx_HAL_Driver/Src/stm32f3xx_hal_gpio.o
 .comment       0x0000007f       0x80 Drivers/STM32F3xx_HAL_Driver/Src/stm32f3xx_hal_pcd.o
 .comment       0x0000007f       0x80 Drivers/STM32F3xx_HAL_Driver/Src/stm32f3xx_hal_pcd_ex.o
 .comment       0x0000007f       0x80 Drivers/STM32F3xx_HAL_Driver/Src/stm32f3xx_hal_rcc.o
 .comment       0x0000007f       0x80 Drivers/STM32F3xx_HAL_Driver/Src/stm32f3xx_hal_rcc_ex.o
 .comment       0x0000007f       0x80 Drivers/STM32F3xx_HAL_Driver/Src/stm32f3xx_hal_spi.o
 .comment       0x0000007f       0x80 Middlewares/ST/STM32_USB_Device_Library/Class/CDC/Src/usbd_cdc.o
 .comment       0x0000007f       0x80 Middlewares/ST/STM32_USB_Device_Library/Core/Src/usbd_core.o
 .comment       0x0000007f       0x80 Middlewares/ST/STM32_USB_Device_Library/Core/Src/usbd_ctlreq.o
 .comment       0x0000007f       0x80 Middlewares/ST/STM32_USB_Device_Library/Core/Src/usbd_ioreq.o
 .comment       0x0000007f       0x80 Src/TextOut.o
 .comment       0x0000007f       0x80 Src/basestationNRF24.o
 .comment       0x0000007f       0x80 Src/bitops.o
 .comment       0x0000007f       0x80 Src/gpio.o
 .comment       0x0000007f       0x80 Src/main.o
 .comment       0x0000007f       0x80 Src/myNRF24.o
 .comment       0x0000007f       0x80 Src/myNRF24basic.o
 .comment       0x0000007f       0x80 Src/packing.o
 .comment       0x0000007f       0x80 Src/spi.o
 .comment       0x0000007f       0x80 Src/stm32f3xx_hal_msp.o
 .comment       0x0000007f       0x80 Src/stm32f3xx_it.o
 .comment       0x0000007f       0x80 Src/system_stm32f3xx.o
 .comment       0x0000007f       0x80 Src/usb_device.o
 .comment       0x0000007f       0x80 Src/usbd_cdc_if.o
 .comment       0x0000007f       0x80 Src/usbd_conf.o
 .comment       0x0000007f       0x80 Src/usbd_desc.o

.debug_frame    0x00000000     0x23c4
 .debug_frame   0x00000000      0x198 Drivers/STM32F3xx_HAL_Driver/Src/stm32f3xx_hal.o
 .debug_frame   0x00000198      0x18c Drivers/STM32F3xx_HAL_Driver/Src/stm32f3xx_hal_cortex.o
 .debug_frame   0x00000324       0xf8 Drivers/STM32F3xx_HAL_Driver/Src/stm32f3xx_hal_gpio.o
 .debug_frame   0x0000041c      0x2f8 Drivers/STM32F3xx_HAL_Driver/Src/stm32f3xx_hal_pcd.o
 .debug_frame   0x00000714       0x64 Drivers/STM32F3xx_HAL_Driver/Src/stm32f3xx_hal_pcd_ex.o
 .debug_frame   0x00000778      0x168 Drivers/STM32F3xx_HAL_Driver/Src/stm32f3xx_hal_rcc.o
 .debug_frame   0x000008e0       0xa8 Drivers/STM32F3xx_HAL_Driver/Src/stm32f3xx_hal_rcc_ex.o
 .debug_frame   0x00000988      0x6a8 Drivers/STM32F3xx_HAL_Driver/Src/stm32f3xx_hal_spi.o
 .debug_frame   0x00001030      0x150 Middlewares/ST/STM32_USB_Device_Library/Class/CDC/Src/usbd_cdc.o
 .debug_frame   0x00001180      0x1c0 Middlewares/ST/STM32_USB_Device_Library/Core/Src/usbd_core.o
 .debug_frame   0x00001340       0xbc Middlewares/ST/STM32_USB_Device_Library/Core/Src/usbd_ctlreq.o
 .debug_frame   0x000013fc       0xc0 Middlewares/ST/STM32_USB_Device_Library/Core/Src/usbd_ioreq.o
 .debug_frame   0x000014bc       0x5c Src/TextOut.o
 .debug_frame   0x00001518       0xdc Src/basestationNRF24.o
 .debug_frame   0x000015f4       0x30 Src/bitops.o
 .debug_frame   0x00001624       0x38 Src/gpio.o
 .debug_frame   0x0000165c       0xa0 Src/main.o
 .debug_frame   0x000016fc      0x2f0 Src/myNRF24.o
 .debug_frame   0x000019ec       0xd8 Src/myNRF24basic.o
 .debug_frame   0x00001ac4       0x84 Src/packing.o
 .debug_frame   0x00001b48       0x6c Src/spi.o
 .debug_frame   0x00001bb4       0x2c Src/stm32f3xx_hal_msp.o
 .debug_frame   0x00001be0       0x3c Src/stm32f3xx_it.o
 .debug_frame   0x00001c1c       0x3c Src/system_stm32f3xx.o
 .debug_frame   0x00001c58       0x2c Src/usb_device.o
 .debug_frame   0x00001c84       0x84 Src/usbd_cdc_if.o
 .debug_frame   0x00001d08      0x2a0 Src/usbd_conf.o
 .debug_frame   0x00001fa8       0xa8 Src/usbd_desc.o
 .debug_frame   0x00002050       0x2c c:/ac6/systemworkbench/plugins/fr.ac6.mcu.externaltools.arm-none.win32_1.15.0.201708311556/tools/compiler/bin/../lib/gcc/arm-none-eabi/6.3.1/../../../../arm-none-eabi/lib/thumb/v7e-m/fpv4-sp/hard\libc_nano.a(lib_a-init.o)
 .debug_frame   0x0000207c       0x28 c:/ac6/systemworkbench/plugins/fr.ac6.mcu.externaltools.arm-none.win32_1.15.0.201708311556/tools/compiler/bin/../lib/gcc/arm-none-eabi/6.3.1/../../../../arm-none-eabi/lib/thumb/v7e-m/fpv4-sp/hard\libc_nano.a(lib_a-memcpy-stub.o)
 .debug_frame   0x000020a4       0x70 c:/ac6/systemworkbench/plugins/fr.ac6.mcu.externaltools.arm-none.win32_1.15.0.201708311556/tools/compiler/bin/../lib/gcc/arm-none-eabi/6.3.1/../../../../arm-none-eabi/lib/thumb/v7e-m/fpv4-sp/hard\libc_nano.a(lib_a-sprintf.o)
 .debug_frame   0x00002114       0x90 c:/ac6/systemworkbench/plugins/fr.ac6.mcu.externaltools.arm-none.win32_1.15.0.201708311556/tools/compiler/bin/../lib/gcc/arm-none-eabi/6.3.1/../../../../arm-none-eabi/lib/thumb/v7e-m/fpv4-sp/hard\libc_nano.a(lib_a-nano-svfprintf.o)
 .debug_frame   0x000021a4       0x60 c:/ac6/systemworkbench/plugins/fr.ac6.mcu.externaltools.arm-none.win32_1.15.0.201708311556/tools/compiler/bin/../lib/gcc/arm-none-eabi/6.3.1/../../../../arm-none-eabi/lib/thumb/v7e-m/fpv4-sp/hard\libc_nano.a(lib_a-nano-vfprintf_i.o)
 .debug_frame   0x00002204       0x28 c:/ac6/systemworkbench/plugins/fr.ac6.mcu.externaltools.arm-none.win32_1.15.0.201708311556/tools/compiler/bin/../lib/gcc/arm-none-eabi/6.3.1/../../../../arm-none-eabi/lib/thumb/v7e-m/fpv4-sp/hard\libc_nano.a(lib_a-memmove.o)
 .debug_frame   0x0000222c       0x38 c:/ac6/systemworkbench/plugins/fr.ac6.mcu.externaltools.arm-none.win32_1.15.0.201708311556/tools/compiler/bin/../lib/gcc/arm-none-eabi/6.3.1/../../../../arm-none-eabi/lib/thumb/v7e-m/fpv4-sp/hard\libc_nano.a(lib_a-nano-freer.o)
 .debug_frame   0x00002264       0x2c c:/ac6/systemworkbench/plugins/fr.ac6.mcu.externaltools.arm-none.win32_1.15.0.201708311556/tools/compiler/bin/../lib/gcc/arm-none-eabi/6.3.1/../../../../arm-none-eabi/lib/thumb/v7e-m/fpv4-sp/hard\libc_nano.a(lib_a-nano-mallocr.o)
 .debug_frame   0x00002290       0x3c c:/ac6/systemworkbench/plugins/fr.ac6.mcu.externaltools.arm-none.win32_1.15.0.201708311556/tools/compiler/bin/../lib/gcc/arm-none-eabi/6.3.1/../../../../arm-none-eabi/lib/thumb/v7e-m/fpv4-sp/hard\libc_nano.a(lib_a-nano-reallocr.o)
 .debug_frame   0x000022cc       0x2c c:/ac6/systemworkbench/plugins/fr.ac6.mcu.externaltools.arm-none.win32_1.15.0.201708311556/tools/compiler/bin/../lib/gcc/arm-none-eabi/6.3.1/../../../../arm-none-eabi/lib/thumb/v7e-m/fpv4-sp/hard\libc_nano.a(lib_a-sbrkr.o)